Archive member included to satisfy reference by file (symbol)

c:/altera/15.0/_/nios2eds/bin/gnu/h-x86_64-mingw32/bin/../lib/gcc/nios2-elf/4.9.1\libgcc.a(adddf3.o)
                              obj/default/hello_world.o (__adddf3)
c:/altera/15.0/_/nios2eds/bin/gnu/h-x86_64-mingw32/bin/../lib/gcc/nios2-elf/4.9.1\libgcc.a(divdf3.o)
                              obj/default/hello_world.o (__divdf3)
c:/altera/15.0/_/nios2eds/bin/gnu/h-x86_64-mingw32/bin/../lib/gcc/nios2-elf/4.9.1\libgcc.a(subdf3.o)
                              obj/default/hello_world.o (__subdf3)
c:/altera/15.0/_/nios2eds/bin/gnu/h-x86_64-mingw32/bin/../lib/gcc/nios2-elf/4.9.1\libgcc.a(fixdfsi.o)
                              obj/default/hello_world.o (__fixdfsi)
c:/altera/15.0/_/nios2eds/bin/gnu/h-x86_64-mingw32/bin/../lib/gcc/nios2-elf/4.9.1\libgcc.a(floatsidf.o)
                              obj/default/hello_world.o (__floatsidf)
c:/altera/15.0/_/nios2eds/bin/gnu/h-x86_64-mingw32/bin/../lib/gcc/nios2-elf/4.9.1\libgcc.a(_clzsi2.o)
                              c:/altera/15.0/_/nios2eds/bin/gnu/h-x86_64-mingw32/bin/../lib/gcc/nios2-elf/4.9.1\libgcc.a(adddf3.o) (__clzsi2)
c:/altera/15.0/_/nios2eds/bin/gnu/h-x86_64-mingw32/bin/../lib/gcc/nios2-elf/4.9.1\libgcc.a(lib2-divmod.o)
                              c:/altera/15.0/_/nios2eds/bin/gnu/h-x86_64-mingw32/bin/../lib/gcc/nios2-elf/4.9.1\libgcc.a(divdf3.o) (__udivsi3)
c:/altera/15.0/_/nios2eds/bin/gnu/h-x86_64-mingw32/bin/../lib/gcc/nios2-elf/4.9.1\libgcc.a(_clz.o)
                              c:/altera/15.0/_/nios2eds/bin/gnu/h-x86_64-mingw32/bin/../lib/gcc/nios2-elf/4.9.1\libgcc.a(_clzsi2.o) (__clz_tab)
c:/altera/15.0/_/nios2eds/bin/gnu/h-x86_64-mingw32/bin/../lib/gcc/nios2-elf/4.9.1/../../../../../H-x86_64-mingw32/nios2-elf/lib\libc.a(lib_a-atof.o)
                              obj/default/hello_world.o (atof)
c:/altera/15.0/_/nios2eds/bin/gnu/h-x86_64-mingw32/bin/../lib/gcc/nios2-elf/4.9.1/../../../../../H-x86_64-mingw32/nios2-elf/lib\libc.a(lib_a-malloc.o)
                              obj/default/hello_world.o (malloc)
c:/altera/15.0/_/nios2eds/bin/gnu/h-x86_64-mingw32/bin/../lib/gcc/nios2-elf/4.9.1/../../../../../H-x86_64-mingw32/nios2-elf/lib\libc.a(lib_a-mallocr.o)
                              c:/altera/15.0/_/nios2eds/bin/gnu/h-x86_64-mingw32/bin/../lib/gcc/nios2-elf/4.9.1/../../../../../H-x86_64-mingw32/nios2-elf/lib\libc.a(lib_a-malloc.o) (_malloc_r)
c:/altera/15.0/_/nios2eds/bin/gnu/h-x86_64-mingw32/bin/../lib/gcc/nios2-elf/4.9.1/../../../../../H-x86_64-mingw32/nios2-elf/lib\libc.a(lib_a-printf.o)
                              obj/default/hello_world.o (printf)
c:/altera/15.0/_/nios2eds/bin/gnu/h-x86_64-mingw32/bin/../lib/gcc/nios2-elf/4.9.1/../../../../../H-x86_64-mingw32/nios2-elf/lib\libc.a(lib_a-putchar.o)
                              obj/default/hello_world.o (putchar)
c:/altera/15.0/_/nios2eds/bin/gnu/h-x86_64-mingw32/bin/../lib/gcc/nios2-elf/4.9.1/../../../../../H-x86_64-mingw32/nios2-elf/lib\libc.a(lib_a-sbrkr.o)
                              c:/altera/15.0/_/nios2eds/bin/gnu/h-x86_64-mingw32/bin/../lib/gcc/nios2-elf/4.9.1/../../../../../H-x86_64-mingw32/nios2-elf/lib\libc.a(lib_a-mallocr.o) (_sbrk_r)
c:/altera/15.0/_/nios2eds/bin/gnu/h-x86_64-mingw32/bin/../lib/gcc/nios2-elf/4.9.1/../../../../../H-x86_64-mingw32/nios2-elf/lib\libc.a(lib_a-snprintf.o)
                              obj/default/hello_world.o (snprintf)
c:/altera/15.0/_/nios2eds/bin/gnu/h-x86_64-mingw32/bin/../lib/gcc/nios2-elf/4.9.1/../../../../../H-x86_64-mingw32/nios2-elf/lib\libc.a(lib_a-strcat.o)
                              obj/default/hello_world.o (strcat)
c:/altera/15.0/_/nios2eds/bin/gnu/h-x86_64-mingw32/bin/../lib/gcc/nios2-elf/4.9.1/../../../../../H-x86_64-mingw32/nios2-elf/lib\libc.a(lib_a-strcmp.o)
                              obj/default/hello_world.o (strcmp)
c:/altera/15.0/_/nios2eds/bin/gnu/h-x86_64-mingw32/bin/../lib/gcc/nios2-elf/4.9.1/../../../../../H-x86_64-mingw32/nios2-elf/lib\libc.a(lib_a-strcpy.o)
                              obj/default/hello_world.o (strcpy)
c:/altera/15.0/_/nios2eds/bin/gnu/h-x86_64-mingw32/bin/../lib/gcc/nios2-elf/4.9.1/../../../../../H-x86_64-mingw32/nios2-elf/lib\libc.a(lib_a-strlen.o)
                              obj/default/hello_world.o (strlen)
c:/altera/15.0/_/nios2eds/bin/gnu/h-x86_64-mingw32/bin/../lib/gcc/nios2-elf/4.9.1/../../../../../H-x86_64-mingw32/nios2-elf/lib\libc.a(lib_a-strtod.o)
                              c:/altera/15.0/_/nios2eds/bin/gnu/h-x86_64-mingw32/bin/../lib/gcc/nios2-elf/4.9.1/../../../../../H-x86_64-mingw32/nios2-elf/lib\libc.a(lib_a-atof.o) (strtod)
c:/altera/15.0/_/nios2eds/bin/gnu/h-x86_64-mingw32/bin/../lib/gcc/nios2-elf/4.9.1/../../../../../H-x86_64-mingw32/nios2-elf/lib\libc.a(lib_a-strtok.o)
                              obj/default/hello_world.o (strtok)
c:/altera/15.0/_/nios2eds/bin/gnu/h-x86_64-mingw32/bin/../lib/gcc/nios2-elf/4.9.1/../../../../../H-x86_64-mingw32/nios2-elf/lib\libc.a(lib_a-strtok_r.o)
[...]
Memory Configuration

Name             Origin             Length             Attributes
reset            0x0000000008000000 0x0000000000000020
sdram            0x0000000008000020 0x0000000003ffffe0
*default*        0x0000000000000000 0xffffffffffffffff

Linker script and memory map

LOAD ../bluetooth_bsp//obj/HAL/src/crt0.o
LOAD obj/default/hello_world.o
LOAD c:/altera/15.0/_/nios2eds/bin/gnu/h-x86_64-mingw32/bin/../lib/gcc/nios2-elf/4.9.1/../../../../../H-x86_64-mingw32/nios2-elf/lib\libstdc++.a
LOAD c:/altera/15.0/_/nios2eds/bin/gnu/h-x86_64-mingw32/bin/../lib/gcc/nios2-elf/4.9.1/../../../../../H-x86_64-mingw32/nios2-elf/lib\libm.a
LOAD c:/altera/15.0/_/nios2eds/bin/gnu/h-x86_64-mingw32/bin/../lib/gcc/nios2-elf/4.9.1\libgcc.a
START GROUP
LOAD c:/altera/15.0/_/nios2eds/bin/gnu/h-x86_64-mingw32/bin/../lib/gcc/nios2-elf/4.9.1/../../../../../H-x86_64-mingw32/nios2-elf/lib\libc.a
LOAD c:/altera/15.0/_/nios2eds/bin/gnu/h-x86_64-mingw32/bin/../lib/gcc/nios2-elf/4.9.1\libgcc.a
LOAD ../bluetooth_bsp/\libhal_bsp.a
LOAD c:/altera/15.0/_/nios2eds/bin/gnu/h-x86_64-mingw32/bin/../lib/gcc/nios2-elf/4.9.1/../../../../../H-x86_64-mingw32/nios2-elf/lib\libm.a
END GROUP
LOAD c:/altera/15.0/_/nios2eds/bin/gnu/h-x86_64-mingw32/bin/../lib/gcc/nios2-elf/4.9.1\libgcc.a
                0x0000000008000000                __alt_mem_sdram = 0x8000000

.entry          0x0000000008000000       0x20
 *(.entry)
 .entry         0x0000000008000000       0x20 ../bluetooth_bsp//obj/HAL/src/crt0.o
                0x0000000008000000                __reset

.exceptions     0x0000000008000020      0x19c
                0x0000000008000020                PROVIDE (__ram_exceptions_start, ABSOLUTE (.))
                0x0000000008000020                . = ALIGN (0x20)
 *(.irq)
 *(.exceptions.entry.label)
 .exceptions.entry.label
                0x0000000008000020        0x0 ../bluetooth_bsp/\libhal_bsp.a(alt_irq_entry.o)
                0x0000000008000020                alt_irq_entry
 .exceptions.entry.label
                0x0000000008000020        0x0 ../bluetooth_bsp/\libhal_bsp.a(alt_exception_entry.o)
                0x0000000008000020                alt_exception
 *(.exceptions.entry.user)
 *(.exceptions.entry.ecc_fatal)
 *(.exceptions.entry)
 .exceptions.entry
                0x0000000008000020       0x54 ../bluetooth_bsp/\libhal_bsp.a(alt_exception_entry.o)
 *(.exceptions.irqtest.user)
 *(.exceptions.irqtest)
 .exceptions.irqtest
                0x0000000008000074       0x10 ../bluetooth_bsp/\libhal_bsp.a(alt_irq_entry.o)
 *(.exceptions.irqhandler.user)
 *(.exceptions.irqhandler)
 .exceptions.irqhandler
                0x0000000008000084        0x4 ../bluetooth_bsp/\libhal_bsp.a(alt_irq_entry.o)
 *(.exceptions.irqreturn.user)
 *(.exceptions.irqreturn)
 .exceptions.irqreturn
                0x0000000008000088        0x4 ../bluetooth_bsp/\libhal_bsp.a(alt_irq_entry.o)
 *(.exceptions.notirq.label)
 .exceptions.notirq.label
                0x000000000800008c        0x0 ../bluetooth_bsp/\libhal_bsp.a(alt_irq_entry.o)
 *(.exceptions.notirq.user)
 *(.exceptions.notirq)
 .exceptions.notirq
                0x000000000800008c        0x8 ../bluetooth_bsp/\libhal_bsp.a(alt_exception_entry.o)
 *(.exceptions.soft.user)
 *(.exceptions.soft)
 *(.exceptions.unknown.user)
 *(.exceptions.unknown)
 .exceptions.unknown
                0x0000000008000094        0x4 ../bluetooth_bsp/\libhal_bsp.a(alt_exception_entry.o)
 *(.exceptions.exit.label)
 .exceptions.exit.label
                0x0000000008000098        0x0 ../bluetooth_bsp/\libhal_bsp.a(alt_irq_entry.o)
 .exceptions.exit.label
                0x0000000008000098        0x0 ../bluetooth_bsp/\libhal_bsp.a(alt_exception_entry.o)
 *(.exceptions.exit.user)
 *(.exceptions.exit)
 .exceptions.exit
                0x0000000008000098       0x54 ../bluetooth_bsp/\libhal_bsp.a(alt_exception_entry.o)
 *(.exceptions)
 .exceptions    0x00000000080000ec       0xd0 ../bluetooth_bsp/\libhal_bsp.a(alt_irq_handler.o)
                0x00000000080000ec                alt_irq_handler
                0x00000000080001bc                PROVIDE (__ram_exceptions_end, ABSOLUTE (.))
                0x0000000008000020                PROVIDE (__flash_exceptions_start, LOADADDR (.exceptions))

.text           0x00000000080001bc    0x15900
                0x00000000080001bc                PROVIDE (stext, ABSOLUTE (.))
 *(.interp)
 *(.hash)
 *(.dynsym)
 *(.dynstr)
 *(.gnu.version)
 *(.gnu.version_d)
 *(.gnu.version_r)
 *(.rel.init)
 *(.rela.init)
 *(.rel.text .rel.text.* .rel.gnu.linkonce.t.*)
 *(.rela.text .rela.text.* .rela.gnu.linkonce.t.*)
 *(.rel.fini)
 *(.rela.fini)
 *(.rel.rodata .rel.rodata.* .rel.gnu.linkonce.r.*)
 *(.rela.rodata .rela.rodata.* .rela.gnu.linkonce.r.*)
 *(.rel.data .rel.data.* .rel.gnu.linkonce.d.*)
 *(.rela.data .rela.data.* .rela.gnu.linkonce.d.*)
 *(.rel.tdata .rel.tdata.* .rel.gnu.linkonce.td.*)
 *(.rela.tdata .rela.tdata.* .rela.gnu.linkonce.td.*)
 *(.rel.tbss .rel.tbss.* .rel.gnu.linkonce.tb.*)
 *(.rela.tbss .rela.tbss.* .rela.gnu.linkonce.tb.*)
 *(.rel.ctors)
 *(.rela.ctors)
 *(.rel.dtors)
 *(.rela.dtors)
 *(.rel.got)
 *(.rela.got)
 *(.rel.sdata .rel.sdata.* .rel.gnu.linkonce.s.*)
 *(.rela.sdata .rela.sdata.* .rela.gnu.linkonce.s.*)
 *(.rel.sbss .rel.sbss.* .rel.gnu.linkonce.sb.*)
 *(.rela.sbss .rela.sbss.* .rela.gnu.linkonce.sb.*)
 *(.rel.sdata2 .rel.sdata2.* .rel.gnu.linkonce.s2.*)
 *(.rela.sdata2 .rela.sdata2.* .rela.gnu.linkonce.s2.*)
 *(.rel.sbss2 .rel.sbss2.* .rel.gnu.linkonce.sb2.*)
 *(.rela.sbss2 .rela.sbss2.* .rela.gnu.linkonce.sb2.*)
 *(.rel.bss .rel.bss.* .rel.gnu.linkonce.b.*)
 *(.rela.bss .rela.bss.* .rela.gnu.linkonce.b.*)
 *(.rel.plt)
 *(.rela.plt)
 *(.rel.dyn)
 *(.init)
 *(.plt)
 *(.text .stub .text.* .gnu.linkonce.t.*)
 .text          0x00000000080001bc       0x3c ../bluetooth_bsp//obj/HAL/src/crt0.o
                0x00000000080001bc                _start
 .text          0x00000000080001f8      0xb50 obj/default/hello_world.o
                0x00000000080001f8                initRS232_GPS
                0x0000000008000234                getCharRS232_GPS
                0x0000000008000278                putCharRS232_GPS
                0x00000000080002c4                getGPSdata
                0x0000000008000790                concat
                0x0000000008000840                initRS232_BT
                0x000000000800087c                getCharRS232_BT
                0x00000000080008c0                putCharRS232_BT
                0x000000000800090c                initRS232_HR
                0x0000000008000948                getCharRS232_HR
                0x000000000800098c                putCharRS232_HR
                0x00000000080009d8                waitChar
                0x0000000008000a24                getHR
                0x0000000008000adc                getHRData
                0x0000000008000b30                sendString
                0x0000000008000bc0                readString
                0x0000000008000c6c                main
 .text          0x0000000008000d48      0x89c c:/altera/15.0/_/nios2eds/bin/gnu/h-x86_64-mingw32/bin/../lib/gcc/nios2-elf/4.9.1\libgcc.a(adddf3.o)
                0x0000000008000d48                __adddf3
 .text          0x00000000080015e4      0x8cc c:/altera/15.0/_/nios2eds/bin/gnu/h-x86_64-mingw32/bin/../lib/gcc/nios2-elf/4.9.1\libgcc.a(divdf3.o)
                0x00000000080015e4                __divdf3
 .text          0x0000000008001eb0      0x8d0 c:/altera/15.0/_/nios2eds/bin/gnu/h-x86_64-mingw32/bin/../lib/gcc/nios2-elf/4.9.1\libgcc.a(subdf3.o)
                0x0000000008001eb0                __subdf3
 .text          0x0000000008002780       0x88 c:/altera/15.0/_/nios2eds/bin/gnu/h-x86_64-mingw32/bin/../lib/gcc/nios2-elf/4.9.1\libgcc.a(fixdfsi.o)
                0x0000000008002780                __fixdfsi
 .text          0x0000000008002808       0xd0 c:/altera/15.0/_/nios2eds/bin/gnu/h-x86_64-mingw32/bin/../lib/gcc/nios2-elf/4.9.1\libgcc.a(floatsidf.o)
                0x0000000008002808                __floatsidf
 .text          0x00000000080028d8       0x64 c:/altera/15.0/_/nios2eds/bin/gnu/h-x86_64-mingw32/bin/../lib/gcc/nios2-elf/4.9.1\libgcc.a(_clzsi2.o)
                0x00000000080028d8                __clzsi2
 .text          0x000000000800293c      0x12c c:/altera/15.0/_/nios2eds/bin/gnu/h-x86_64-mingw32/bin/../lib/gcc/nios2-elf/4.9.1\libgcc.a(lib2-divmod.o)
                0x00000000080029a8                __divsi3
                0x00000000080029fc                __modsi3
                0x0000000008002a58                __udivsi3
                0x0000000008002a60                __umodsi3
 .text          0x0000000008002a68        0x0 c:/altera/15.0/_/nios2eds/bin/gnu/h-x86_64-mingw32/bin/../lib/gcc/nios2-elf/4.9.1\libgcc.a(_clz.o)
 .text          0x0000000008002a68        0x8 c:/altera/15.0/_/nios2eds/bin/gnu/h-x86_64-mingw32/bin/../lib/gcc/nios2-elf/4.9.1/../../../../../H-x86_64-mingw32/nios2-elf/lib\libc.a(lib_a-atof.o)
                0x0000000008002a68                atof
 .text          0x0000000008002a70       0x28 c:/altera/15.0/_/nios2eds/bin/gnu/h-x86_64-mingw32/bin/../lib/gcc/nios2-elf/4.9.1/../../../../../H-x86_64-mingw32/nios2-elf/lib\libc.a(lib_a-malloc.o)
                0x0000000008002a70                malloc
                0x0000000008002a84                free
 .text          0x0000000008002a98      0x7a8 c:/altera/15.0/_/nios2eds/bin/gnu/h-x86_64-mingw32/bin/../lib/gcc/nios2-elf/4.9.1/../../../../../H-x86_64-mingw32/nios2-elf/lib\libc.a(lib_a-mallocr.o)
                0x0000000008002a98                _malloc_r
 .text          0x0000000008003240       0x68 c:/altera/15.0/_/nios2eds/bin/gnu/h-x86_64-mingw32/bin/../lib/gcc/nios2-elf/4.9.1/../../../../../H-x86_64-mingw32/nios2-elf/lib\libc.a(lib_a-printf.o)
                0x0000000008003240                _printf_r
                0x000000000800326c                printf
 .text          0x00000000080032a8       0x20 c:/altera/15.0/_/nios2eds/bin/gnu/h-x86_64-mingw32/bin/../lib/gcc/nios2-elf/4.9.1/../../../../../H-x86_64-mingw32/nios2-elf/lib\libc.a(lib_a-putchar.o)
                0x00000000080032a8                _putchar_r
                0x00000000080032b0                putchar
 .text          0x00000000080032c8       0x54 c:/altera/15.0/_/nios2eds/bin/gnu/h-x86_64-mingw32/bin/../lib/gcc/nios2-elf/4.9.1/../../../../../H-x86_64-mingw32/nios2-elf/lib\libc.a(lib_a-sbrkr.o)
                0x00000000080032c8                _sbrk_r
 .text          0x000000000800331c      0x1bc c:/altera/15.0/_/nios2eds/bin/gnu/h-x86_64-mingw32/bin/../lib/gcc/nios2-elf/4.9.1/../../../../../H-x86_64-mingw32/nios2-elf/lib\libc.a(lib_a-snprintf.o)
                0x000000000800331c                _snprintf_r
                0x00000000080033f4                snprintf
 .text          0x00000000080034d8       0x88 c:/altera/15.0/_/nios2eds/bin/gnu/h-x86_64-mingw32/bin/../lib/gcc/nios2-elf/4.9.1/../../../../../H-x86_64-mingw32/nios2-elf/lib\libc.a(lib_a-strcat.o)
                0x00000000080034d8                strcat
 .text          0x0000000008003560       0xa4 c:/altera/15.0/_/nios2eds/bin/gnu/h-x86_64-mingw32/bin/../lib/gcc/nios2-elf/4.9.1/../../../../../H-x86_64-mingw32/nios2-elf/lib\libc.a(lib_a-strcmp.o)
                0x0000000008003560                strcmp
 .text          0x0000000008003604       0x90 c:/altera/15.0/_/nios2eds/bin/gnu/h-x86_64-mingw32/bin/../lib/gcc/nios2-elf/4.9.1/../../../../../H-x86_64-mingw32/nios2-elf/lib\libc.a(lib_a-strcpy.o)
                0x0000000008003604                strcpy
 .text          0x0000000008003694       0x98 c:/altera/15.0/_/nios2eds/bin/gnu/h-x86_64-mingw32/bin/../lib/gcc/nios2-elf/4.9.1/../../../../../H-x86_64-mingw32/nios2-elf/lib\libc.a(lib_a-strlen.o)
                0x0000000008003694                strlen
 .text          0x000000000800372c     0x1660 c:/altera/15.0/_/nios2eds/bin/gnu/h-x86_64-mingw32/bin/../lib/gcc/nios2-elf/4.9.1/../../../../../H-x86_64-mingw32/nios2-elf/lib\libc.a(lib_a-strtod.o)
                0x000000000800372c                _strtod_r
                0x0000000008004c6c                strtod
                0x0000000008004c88                strtof
 .text          0x0000000008004d8c       0x18 c:/altera/15.0/_/nios2eds/bin/gnu/h-x86_64-mingw32/bin/../lib/gcc/nios2-elf/4.9.1/../../../../../H-x86_64-mingw32/nios2-elf/lib\libc.a(lib_a-strtok.o)
                0x0000000008004d8c                strtok
 .text          0x0000000008004da4       0xa0 c:/altera/15.0/_/nios2eds/bin/gnu/h-x86_64-mingw32/bin/../lib/gcc/nios2-elf/4.9.1/../../../../../H-x86_64-mingw32/nios2-elf/lib\libc.a(lib_a-strtok_r.o)
                0x0000000008004da4                __strtok_r
                0x0000000008004e3c                strtok_r
 .text          0x0000000008004e44     0x1f90 c:/altera/15.0/_/nios2eds/bin/gnu/h-x86_64-mingw32/bin/../lib/gcc/nios2-elf/4.9.1/../../../../../H-x86_64-mingw32/nios2-elf/lib\libc.a(lib_a-svfprintf.o)
                0x0000000008004e44                ___svfprintf_internal_r
 .text          0x0000000008006dd4     0x2020 c:/altera/15.0/_/nios2eds/bin/gnu/h-x86_64-mingw32/bin/../lib/gcc/nios2-elf/4.9.1/../../../../../H-x86_64-mingw32/nios2-elf/lib\libc.a(lib_a-vfprintf.o)
                0x0000000008006dd4                ___vfprintf_internal_r
                0x0000000008008dd0                __vfprintf_internal
 .text          0x0000000008008df4      0x130 c:/altera/15.0/_/nios2eds/bin/gnu/h-x86_64-mingw32/bin/../lib/gcc/nios2-elf/4.9.1/../../../../../H-x86_64-mingw32/nios2-elf/lib\libc.a(lib_a-wsetup.o)
                0x0000000008008df4                __swsetup_r
 .text          0x0000000008008f24     0x1928 c:/altera/15.0/_/nios2eds/bin/gnu/h-x86_64-mingw32/bin/../lib/gcc/nios2-elf/4.9.1/../../../../../H-x86_64-mingw32/nios2-elf/lib\libc.a(lib_a-dtoa.o)
                0x0000000008009124                _dtoa_r
 .text          0x000000000800a84c      0x258 c:/altera/15.0/_/nios2eds/bin/gnu/h-x86_64-mingw32/bin/../lib/gcc/nios2-elf/4.9.1/../../../../../H-x86_64-mingw32/nios2-elf/lib\libc.a(lib_a-fflush.o)
                0x000000000800a84c                _fflush_r
                0x000000000800aa74                fflush
 .text          0x000000000800aaa4      0x3a0 c:/altera/15.0/_/nios2eds/bin/gnu/h-x86_64-mingw32/bin/../lib/gcc/nios2-elf/4.9.1/../../../../../H-x86_64-mingw32/nios2-elf/lib\libc.a(lib_a-findfp.o)
                0x000000000800aab4                _cleanup_r
                0x000000000800ac60                __sfmoreglue
                0x000000000800acc4                __sfp
                0x000000000800addc                _cleanup
                0x000000000800adf4                __sinit
                0x000000000800ae04                __sfp_lock_acquire
                0x000000000800ae08                __sfp_lock_release
                0x000000000800ae0c                __sinit_lock_acquire
                0x000000000800ae10                __sinit_lock_release
                0x000000000800ae14                __fp_lock_all
                0x000000000800ae2c                __fp_unlock_all
 .text          0x000000000800ae44      0x414 c:/altera/15.0/_/nios2eds/bin/gnu/h-x86_64-mingw32/bin/../lib/gcc/nios2-elf/4.9.1/../../../../../H-x86_64-mingw32/nios2-elf/lib\libc.a(lib_a-freer.o)
                0x000000000800ae44                _malloc_trim_r
                0x000000000800af68                _free_r
 .text          0x000000000800b258      0x170 c:/altera/15.0/_/nios2eds/bin/gnu/h-x86_64-mingw32/bin/../lib/gcc/nios2-elf/4.9.1/../../../../../H-x86_64-mingw32/nios2-elf/lib\libc.a(lib_a-fwalk.o)
                0x000000000800b258                _fwalk
                0x000000000800b310                _fwalk_reent
 .text          0x000000000800b3c8      0x9a0 c:/altera/15.0/_/nios2eds/bin/gnu/h-x86_64-mingw32/bin/../lib/gcc/nios2-elf/4.9.1/../../../../../H-x86_64-mingw32/nios2-elf/lib\libc.a(lib_a-gdtoa-gethex.o)
                0x000000000800b4c8                __hexdig_init
                0x000000000800b54c                __gethex
 .text          0x000000000800bd68      0x294 c:/altera/15.0/_/nios2eds/bin/gnu/h-x86_64-mingw32/bin/../lib/gcc/nios2-elf/4.9.1/../../../../../H-x86_64-mingw32/nios2-elf/lib\libc.a(lib_a-gdtoa-hexnan.o)
                0x000000000800bd68                __hexnan
 .text          0x000000000800bffc        0x0 c:/altera/15.0/_/nios2eds/bin/gnu/h-x86_64-mingw32/bin/../lib/gcc/nios2-elf/4.9.1/../../../../../H-x86_64-mingw32/nios2-elf/lib\libc.a(lib_a-impure.o)
 .text          0x000000000800bffc        0x0 c:/altera/15.0/_/nios2eds/bin/gnu/h-x86_64-mingw32/bin/../lib/gcc/nios2-elf/4.9.1/../../../../../H-x86_64-mingw32/nios2-elf/lib\libc.a(lib_a-int_errno.o)
 .text          0x000000000800bffc       0xe0 c:/altera/15.0/_/nios2eds/bin/gnu/h-x86_64-mingw32/bin/../lib/gcc/nios2-elf/4.9.1/../../../../../H-x86_64-mingw32/nios2-elf/lib\libc.a(lib_a-locale.o)
                0x000000000800bffc                _setlocale_r
                0x000000000800c078                __locale_charset
                0x000000000800c084                __locale_mb_cur_max
                0x000000000800c094                __locale_msgcharset
                0x000000000800c0a0                __locale_cjk_lang
                0x000000000800c0a8                _localeconv_r
                0x000000000800c0b4                setlocale
                0x000000000800c0d0                localeconv
 .text          0x000000000800c0dc      0x1b8 c:/altera/15.0/_/nios2eds/bin/gnu/h-x86_64-mingw32/bin/../lib/gcc/nios2-elf/4.9.1/../../../../../H-x86_64-mingw32/nios2-elf/lib\libc.a(lib_a-makebuf.o)
                0x000000000800c0dc                __smakebuf_r
 .text          0x000000000800c294       0xe8 c:/altera/15.0/_/nios2eds/bin/gnu/h-x86_64-mingw32/bin/../lib/gcc/nios2-elf/4.9.1/../../../../../H-x86_64-mingw32/nios2-elf/lib\libc.a(lib_a-memchr.o)
                0x000000000800c294                memchr
 .text          0x000000000800c37c      0x138 c:/altera/15.0/_/nios2eds/bin/gnu/h-x86_64-mingw32/bin/../lib/gcc/nios2-elf/4.9.1/../../../../../H-x86_64-mingw32/nios2-elf/lib\libc.a(lib_a-memcpy.o)
                0x000000000800c37c                memcpy
 .text          0x000000000800c4b4      0x124 c:/altera/15.0/_/nios2eds/bin/gnu/h-x86_64-mingw32/bin/../lib/gcc/nios2-elf/4.9.1/../../../../../H-x86_64-mingw32/nios2-elf/lib\libc.a(lib_a-memset.o)
                0x000000000800c4b4                memset
 .text          0x000000000800c5d8      0xf8c c:/altera/15.0/_/nios2eds/bin/gnu/h-x86_64-mingw32/bin/../lib/gcc/nios2-elf/4.9.1/../../../../../H-x86_64-mingw32/nios2-elf/lib\libc.a(lib_a-mprec.o)
                0x000000000800c5d8                _Balloc
                0x000000000800c680                _Bfree
                0x000000000800c6a8                __multadd
                0x000000000800c7bc                __s2b
                0x000000000800c8c0                __hi0bits
                0x000000000800c928                __lo0bits
                0x000000000800c9d8                __i2b
                0x000000000800ca14                __multiply
                0x000000000800cc10                __pow5mult
                0x000000000800cd50                __lshift
                0x000000000800ce98                __mcmp
                0x000000000800cef8                __mdiff
                0x000000000800d090                __ulp
                0x000000000800d0f0                __b2d
                0x000000000800d20c                __d2b
                0x000000000800d348                __ratio
                0x000000000800d3ec                _mprec_log10
                0x000000000800d460                __copybits
                0x000000000800d4d8                __any_on
 .text          0x000000000800d564      0x168 c:/altera/15.0/_/nios2eds/bin/gnu/h-x86_64-mingw32/bin/../lib/gcc/nios2-elf/4.9.1/../../../../../H-x86_64-mingw32/nios2-elf/lib\libc.a(lib_a-putc.o)
                0x000000000800d564                _putc_r
                0x000000000800d604                putc
 .text          0x000000000800d6cc       0x74 c:/altera/15.0/_/nios2eds/bin/gnu/h-x86_64-mingw32/bin/../lib/gcc/nios2-elf/4.9.1/../../../../../H-x86_64-mingw32/nios2-elf/lib\libc.a(lib_a-s_fpclassify.o)
                0x000000000800d6cc                __fpclassifyd
 .text          0x000000000800d740      0x13c c:/altera/15.0/_/nios2eds/bin/gnu/h-x86_64-mingw32/bin/../lib/gcc/nios2-elf/4.9.1/../../../../../H-x86_64-mingw32/nios2-elf/lib\libc.a(lib_a-stdio.o)
                0x000000000800d740                __sread
                0x000000000800d794                __seofread
                0x000000000800d79c                __swrite
                0x000000000800d818                __sseek
                0x000000000800d874                __sclose
 .text          0x000000000800d87c       0xc0 c:/altera/15.0/_/nios2eds/bin/gnu/h-x86_64-mingw32/bin/../lib/gcc/nios2-elf/4.9.1/../../../../../H-x86_64-mingw32/nios2-elf/lib\libc.a(lib_a-strncmp.o)
                0x000000000800d87c                strncmp
 .text          0x000000000800d93c     0x1230 c:/altera/15.0/_/nios2eds/bin/gnu/h-x86_64-mingw32/bin/../lib/gcc/nios2-elf/4.9.1/../../../../../H-x86_64-mingw32/nios2-elf/lib\libc.a(lib_a-svfiprintf.o)
                0x000000000800d93c                __ssprint_r
                0x000000000800db04                ___svfiprintf_internal_r
 .text          0x000000000800eb6c     0x1494 c:/altera/15.0/_/nios2eds/bin/gnu/h-x86_64-mingw32/bin/../lib/gcc/nios2-elf/4.9.1/../../../../../H-x86_64-mingw32/nios2-elf/lib\libc.a(lib_a-vfiprintf.o)
                0x000000000800ec68                __sprint_r
                0x000000000800ec80                ___vfiprintf_internal_r
                0x000000000800ffdc                __vfiprintf_internal
 .text          0x0000000008010000      0x170 c:/altera/15.0/_/nios2eds/bin/gnu/h-x86_64-mingw32/bin/../lib/gcc/nios2-elf/4.9.1/../../../../../H-x86_64-mingw32/nios2-elf/lib\libc.a(lib_a-wbuf.o)
                0x0000000008010000                __swbuf_r
                0x0000000008010154                __swbuf
 .text          0x0000000008010170       0x5c c:/altera/15.0/_/nios2eds/bin/gnu/h-x86_64-mingw32/bin/../lib/gcc/nios2-elf/4.9.1/../../../../../H-x86_64-mingw32/nios2-elf/lib\libc.a(lib_a-writer.o)
                0x0000000008010170                _write_r
 .text          0x00000000080101cc       0x54 c:/altera/15.0/_/nios2eds/bin/gnu/h-x86_64-mingw32/bin/../lib/gcc/nios2-elf/4.9.1/../../../../../H-x86_64-mingw32/nios2-elf/lib\libc.a(closer.o)
                0x00000000080101cc                _close_r
 .text          0x0000000008010220       0xc4 c:/altera/15.0/_/nios2eds/bin/gnu/h-x86_64-mingw32/bin/../lib/gcc/nios2-elf/4.9.1/../../../../../H-x86_64-mingw32/nios2-elf/lib\libc.a(lib_a-callocr.o)
                0x0000000008010220                _calloc_r
 .text          0x00000000080102e4      0x114 c:/altera/15.0/_/nios2eds/bin/gnu/h-x86_64-mingw32/bin/../lib/gcc/nios2-elf/4.9.1/../../../../../H-x86_64-mingw32/nios2-elf/lib\libc.a(lib_a-fclose.o)
                0x00000000080102e4                _fclose_r
                0x00000000080103e4                fclose
 .text          0x00000000080103f8      0x1dc c:/altera/15.0/_/nios2eds/bin/gnu/h-x86_64-mingw32/bin/../lib/gcc/nios2-elf/4.9.1/../../../../../H-x86_64-mingw32/nios2-elf/lib\libc.a(lib_a-fputwc.o)
                0x00000000080103f8                _fputwc_r
                0x000000000801057c                fputwc
 .text          0x00000000080105d4       0x58 c:/altera/15.0/_/nios2eds/bin/gnu/h-x86_64-mingw32/bin/../lib/gcc/nios2-elf/4.9.1/../../../../../H-x86_64-mingw32/nios2-elf/lib\libc.a(lib_a-fstatr.o)
                0x00000000080105d4                _fstat_r
 .text          0x000000000801062c      0x4a4 c:/altera/15.0/_/nios2eds/bin/gnu/h-x86_64-mingw32/bin/../lib/gcc/nios2-elf/4.9.1/../../../../../H-x86_64-mingw32/nios2-elf/lib\libc.a(lib_a-fvwrite.o)
                0x000000000801062c                __sfvwrite_r
 .text          0x0000000008010ad0       0x54 c:/altera/15.0/_/nios2eds/bin/gnu/h-x86_64-mingw32/bin/../lib/gcc/nios2-elf/4.9.1/../../../../../H-x86_64-mingw32/nios2-elf/lib\libc.a(lib_a-isattyr.o)
                0x0000000008010ad0                _isatty_r
 .text          0x0000000008010b24       0x5c c:/altera/15.0/_/nios2eds/bin/gnu/h-x86_64-mingw32/bin/../lib/gcc/nios2-elf/4.9.1/../../../../../H-x86_64-mingw32/nios2-elf/lib\libc.a(lib_a-lseekr.o)
                0x0000000008010b24                _lseek_r
 .text          0x0000000008010b80      0x15c c:/altera/15.0/_/nios2eds/bin/gnu/h-x86_64-mingw32/bin/../lib/gcc/nios2-elf/4.9.1/../../../../../H-x86_64-mingw32/nios2-elf/lib\libc.a(lib_a-memmove.o)
                0x0000000008010b80                memmove
 .text          0x0000000008010cdc       0x5c c:/altera/15.0/_/nios2eds/bin/gnu/h-x86_64-mingw32/bin/../lib/gcc/nios2-elf/4.9.1/../../../../../H-x86_64-mingw32/nios2-elf/lib\libc.a(lib_a-readr.o)
                0x0000000008010cdc                _read_r
 .text          0x0000000008010d38      0x5a0 c:/altera/15.0/_/nios2eds/bin/gnu/h-x86_64-mingw32/bin/../lib/gcc/nios2-elf/4.9.1/../../../../../H-x86_64-mingw32/nios2-elf/lib\libc.a(lib_a-reallocr.o)
                0x0000000008010d38                _realloc_r
 .text          0x00000000080112d8      0x174 c:/altera/15.0/_/nios2eds/bin/gnu/h-x86_64-mingw32/bin/../lib/gcc/nios2-elf/4.9.1/../../../../../H-x86_64-mingw32/nios2-elf/lib\libc.a(lib_a-wcrtomb.o)
                0x00000000080112d8                _wcrtomb_r
                0x0000000008011374                wcrtomb
 .text          0x000000000801144c       0x8c c:/altera/15.0/_/nios2eds/bin/gnu/h-x86_64-mingw32/bin/../lib/gcc/nios2-elf/4.9.1/../../../../../H-x86_64-mingw32/nios2-elf/lib\libc.a(lib_a-wctomb_r.o)
                0x000000000801144c                __ascii_wctomb
                0x000000000801147c                _wctomb_r
 .text          0x00000000080114d8       0x74 c:/altera/15.0/_/nios2eds/bin/gnu/h-x86_64-mingw32/bin/../lib/gcc/nios2-elf/4.9.1\libgcc.a(_fixunsdfsi.o)
                0x00000000080114d8                __fixunsdfsi
 .text          0x000000000801154c      0x5c0 c:/altera/15.0/_/nios2eds/bin/gnu/h-x86_64-mingw32/bin/../lib/gcc/nios2-elf/4.9.1\libgcc.a(_udivdi3.o)
                0x000000000801154c                __udivdi3
 .text          0x0000000008011b0c      0x590 c:/altera/15.0/_/nios2eds/bin/gnu/h-x86_64-mingw32/bin/../lib/gcc/nios2-elf/4.9.1\libgcc.a(_umoddi3.o)
                0x0000000008011b0c                __umoddi3
 .text          0x000000000801209c       0x74 c:/altera/15.0/_/nios2eds/bin/gnu/h-x86_64-mingw32/bin/../lib/gcc/nios2-elf/4.9.1\libgcc.a(eqsf2.o)
                0x000000000801209c                __eqsf2
                0x000000000801209c                __nesf2
 .text          0x0000000008012110       0xb8 c:/altera/15.0/_/nios2eds/bin/gnu/h-x86_64-mingw32/bin/../lib/gcc/nios2-elf/4.9.1\libgcc.a(gesf2.o)
                0x0000000008012110                __gesf2
                0x0000000008012110                __gtsf2
 .text          0x00000000080121c8       0xb8 c:/altera/15.0/_/nios2eds/bin/gnu/h-x86_64-mingw32/bin/../lib/gcc/nios2-elf/4.9.1\libgcc.a(lesf2.o)
                0x00000000080121c8                __ltsf2
                0x00000000080121c8                __lesf2
 .text          0x0000000008012280       0x84 c:/altera/15.0/_/nios2eds/bin/gnu/h-x86_64-mingw32/bin/../lib/gcc/nios2-elf/4.9.1\libgcc.a(eqdf2.o)
                0x0000000008012280                __nedf2
                0x0000000008012280                __eqdf2
 .text          0x0000000008012304       0xe0 c:/altera/15.0/_/nios2eds/bin/gnu/h-x86_64-mingw32/bin/../lib/gcc/nios2-elf/4.9.1\libgcc.a(gedf2.o)
                0x0000000008012304                __gedf2
                0x0000000008012304                __gtdf2
 .text          0x00000000080123e4       0xe0 c:/altera/15.0/_/nios2eds/bin/gnu/h-x86_64-mingw32/bin/../lib/gcc/nios2-elf/4.9.1\libgcc.a(ledf2.o)
                0x00000000080123e4                __ledf2
                0x00000000080123e4                __ltdf2
 .text          0x00000000080124c4      0x724 c:/altera/15.0/_/nios2eds/bin/gnu/h-x86_64-mingw32/bin/../lib/gcc/nios2-elf/4.9.1\libgcc.a(muldf3.o)
                0x00000000080124c4                __muldf3
 .text          0x0000000008012be8       0xa4 c:/altera/15.0/_/nios2eds/bin/gnu/h-x86_64-mingw32/bin/../lib/gcc/nios2-elf/4.9.1\libgcc.a(floatunsidf.o)
                0x0000000008012be8                __floatunsidf
 .text          0x0000000008012c8c      0x198 c:/altera/15.0/_/nios2eds/bin/gnu/h-x86_64-mingw32/bin/../lib/gcc/nios2-elf/4.9.1\libgcc.a(truncdfsf2.o)
                0x0000000008012c8c                __truncdfsf2
 .text          0x0000000008012e24      0x120 ../bluetooth_bsp/\libhal_bsp.a(alt_close.o)
                0x0000000008012e74                close
 .text          0x0000000008012f44       0x2c ../bluetooth_bsp/\libhal_bsp.a(alt_dev.o)
 .text          0x0000000008012f70        0x0 ../bluetooth_bsp/\libhal_bsp.a(alt_errno.o)
 .text          0x0000000008012f70      0x100 ../bluetooth_bsp/\libhal_bsp.a(alt_fstat.o)
                0x0000000008012fc0                fstat
 .text          0x0000000008013070       0xf4 ../bluetooth_bsp/\libhal_bsp.a(alt_isatty.o)
                0x00000000080130c0                isatty
 .text          0x0000000008013164       0xe4 ../bluetooth_bsp/\libhal_bsp.a(alt_load.o)
                0x00000000080131c8                alt_load
 .text          0x0000000008013248      0x124 ../bluetooth_bsp/\libhal_bsp.a(alt_lseek.o)
                0x0000000008013298                lseek
 .text          0x000000000801336c       0x78 ../bluetooth_bsp/\libhal_bsp.a(alt_main.o)
                0x000000000801336c                alt_main
 .text          0x00000000080133e4       0x40 ../bluetooth_bsp/\libhal_bsp.a(alt_malloc_lock.o)
                0x00000000080133e4                __malloc_lock
                0x0000000008013404                __malloc_unlock
 .text          0x0000000008013424      0x14c ../bluetooth_bsp/\libhal_bsp.a(alt_read.o)
                0x0000000008013474                read
 .text          0x0000000008013570       0x60 ../bluetooth_bsp/\libhal_bsp.a(alt_release_fd.o)
                0x0000000008013570                alt_release_fd
 .text          0x00000000080135d0       0xb0 ../bluetooth_bsp/\libhal_bsp.a(alt_sbrk.o)
                0x00000000080135d0                sbrk
 .text          0x0000000008013680      0x148 ../bluetooth_bsp/\libhal_bsp.a(alt_write.o)
                0x00000000080136d0                write
 .text          0x00000000080137c8       0xdc ../bluetooth_bsp/\libhal_bsp.a(alt_sys_init.o)
                0x0000000008013800                alt_irq_init
                0x0000000008013834                alt_sys_init
 .text          0x00000000080138a4      0x164 ../bluetooth_bsp/\libhal_bsp.a(altera_avalon_jtag_uart_fd.o)
                0x00000000080138a4                altera_avalon_jtag_uart_read_fd
                0x0000000008013904                altera_avalon_jtag_uart_write_fd
                0x0000000008013964                altera_avalon_jtag_uart_close_fd
                0x00000000080139b4                altera_avalon_jtag_uart_ioctl_fd
 .text          0x0000000008013a08      0x3d8 ../bluetooth_bsp/\libhal_bsp.a(altera_avalon_jtag_uart_init.o)
                0x0000000008013a08                altera_avalon_jtag_uart_init
                0x0000000008013d78                altera_avalon_jtag_uart_close
 .text          0x0000000008013de0       0xec ../bluetooth_bsp/\libhal_bsp.a(altera_avalon_jtag_uart_ioctl.o)
                0x0000000008013de0                altera_avalon_jtag_uart_ioctl
 .text          0x0000000008013ecc      0x20c ../bluetooth_bsp/\libhal_bsp.a(altera_avalon_jtag_uart_read.o)
                0x0000000008013ecc                altera_avalon_jtag_uart_read
 .text          0x00000000080140d8      0x218 ../bluetooth_bsp/\libhal_bsp.a(altera_avalon_jtag_uart_write.o)
                0x00000000080140d8                altera_avalon_jtag_uart_write
 .text          0x00000000080142f0       0xfc ../bluetooth_bsp/\libhal_bsp.a(altera_avalon_timer_sc.o)
                0x0000000008014364                alt_avalon_timer_sc_init
 .text          0x00000000080143ec      0x4d8 ../bluetooth_bsp/\libhal_bsp.a(altera_up_avalon_character_lcd.o)
                0x00000000080143ec                get_DDRAM_addr
                0x0000000008014460                alt_up_character_lcd_send_cmd
                0x000000000801449c                alt_up_character_lcd_init
                0x00000000080144d0                alt_up_character_lcd_open_dev
                0x0000000008014510                alt_up_character_lcd_write
                0x0000000008014588                alt_up_character_lcd_string
                0x00000000080145fc                alt_up_character_lcd_write_fd
                0x000000000801464c                alt_up_character_lcd_set_cursor_pos
                0x00000000080146c0                alt_up_character_lcd_shift_cursor
                0x0000000008014748                alt_up_character_lcd_shift_display
                0x00000000080147d0                alt_up_character_lcd_erase_pos
                0x000000000801485c                alt_up_character_lcd_cursor_off
                0x0000000008014890                alt_up_character_lcd_cursor_blink_on
 .text          0x00000000080148c4      0x140 ../bluetooth_bsp/\libhal_bsp.a(alt_alarm_start.o)
                0x00000000080148c4                alt_alarm_start
 .text          0x0000000008014a04       0x1c ../bluetooth_bsp/\libhal_bsp.a(alt_dcache_flush_all.o)
                0x0000000008014a04                alt_dcache_flush_all
 .text          0x0000000008014a20       0xf4 ../bluetooth_bsp/\libhal_bsp.a(alt_dev_llist_insert.o)
                0x0000000008014a70                alt_dev_llist_insert
 .text          0x0000000008014b14       0x5c ../bluetooth_bsp/\libhal_bsp.a(alt_do_ctors.o)
                0x0000000008014b14                _do_ctors
 .text          0x0000000008014b70       0x5c ../bluetooth_bsp/\libhal_bsp.a(alt_do_dtors.o)
                0x0000000008014b70                _do_dtors
 .text          0x0000000008014bcc       0x90 ../bluetooth_bsp/\libhal_bsp.a(alt_find_dev.o)
                0x0000000008014bcc                alt_find_dev
 .text          0x0000000008014c5c       0x30 ../bluetooth_bsp/\libhal_bsp.a(alt_icache_flush_all.o)
                0x0000000008014c5c                alt_icache_flush_all
 .text          0x0000000008014c8c      0x1e0 ../bluetooth_bsp/\libhal_bsp.a(alt_iic.o)
                0x0000000008014c8c                alt_ic_isr_register
                0x0000000008014cdc                alt_ic_irq_enable
                0x0000000008014d7c                alt_ic_irq_disable
                0x0000000008014e20                alt_ic_irq_enabled
 .text          0x0000000008014e6c       0xf0 ../bluetooth_bsp/\libhal_bsp.a(alt_iic_isr_register.o)
                0x0000000008014e6c                alt_iic_isr_register
 .text          0x0000000008014f5c      0x138 ../bluetooth_bsp/\libhal_bsp.a(alt_io_redirect.o)
                0x000000000801501c                alt_io_redirect
 .text          0x0000000008015094        0x0 ../bluetooth_bsp/\libhal_bsp.a(alt_irq_entry.o)
 .text          0x0000000008015094        0x0 ../bluetooth_bsp/\libhal_bsp.a(alt_irq_handler.o)
 .text          0x0000000008015094        0x0 ../bluetooth_bsp/\libhal_bsp.a(alt_irq_vars.o)
 .text          0x0000000008015094      0x274 ../bluetooth_bsp/\libhal_bsp.a(alt_open.o)
                0x00000000080151b0                open
 .text          0x0000000008015308      0x19c ../bluetooth_bsp/\libhal_bsp.a(alt_tick.o)
                0x0000000008015308                alt_alarm_stop
                0x00000000080153a0                alt_tick
 .text          0x00000000080154a4       0x20 ../bluetooth_bsp/\libhal_bsp.a(altera_nios2_qsys_irq.o)
                0x00000000080154a4                altera_nios2_qsys_irq_init
 .text          0x00000000080154c4        0x0 ../bluetooth_bsp/\libhal_bsp.a(alt_exception_entry.o)
 .text          0x00000000080154c4      0x114 ../bluetooth_bsp/\libhal_bsp.a(alt_find_file.o)
                0x00000000080154c4                alt_find_file
 .text          0x00000000080155d8       0xb4 ../bluetooth_bsp/\libhal_bsp.a(alt_get_fd.o)
                0x00000000080155d8                alt_get_fd
 .text          0x000000000801568c       0x8c ../bluetooth_bsp/\libhal_bsp.a(alt_icache_flush.o)
                0x000000000801568c                alt_icache_flush
 .text          0x0000000008015718       0x14 c:/altera/15.0/_/nios2eds/bin/gnu/h-x86_64-mingw32/bin/../lib/gcc/nios2-elf/4.9.1/../../../../../H-x86_64-mingw32/nios2-elf/lib\libc.a(lib_a-atexit.o)
                0x0000000008015718                atexit
 .text          0x000000000801572c       0x38 c:/altera/15.0/_/nios2eds/bin/gnu/h-x86_64-mingw32/bin/../lib/gcc/nios2-elf/4.9.1/../../../../../H-x86_64-mingw32/nios2-elf/lib\libc.a(lib_a-exit.o)
                0x000000000801572c                exit
 .text          0x0000000008015764       0x7c c:/altera/15.0/_/nios2eds/bin/gnu/h-x86_64-mingw32/bin/../lib/gcc/nios2-elf/4.9.1/../../../../../H-x86_64-mingw32/nios2-elf/lib\libc.a(lib_a-memcmp.o)
                0x0000000008015764                memcmp
 .text          0x00000000080157e0      0x114 c:/altera/15.0/_/nios2eds/bin/gnu/h-x86_64-mingw32/bin/../lib/gcc/nios2-elf/4.9.1/../../../../../H-x86_64-mingw32/nios2-elf/lib\libc.a(lib_a-__atexit.o)
                0x00000000080157e0                __register_exitproc
 .text          0x00000000080158f4      0x194 c:/altera/15.0/_/nios2eds/bin/gnu/h-x86_64-mingw32/bin/../lib/gcc/nios2-elf/4.9.1/../../../../../H-x86_64-mingw32/nios2-elf/lib\libc.a(lib_a-__call_atexit.o)
                0x00000000080158f4                __call_exitprocs
 .text          0x0000000008015a88       0x34 ../bluetooth_bsp/\libhal_bsp.a(alt_exit.o)
                0x0000000008015a88                _exit
 *(.gnu.warning.*)
 *(.fini)
                0x0000000008015abc                PROVIDE (__etext, ABSOLUTE (.))
                0x0000000008015abc                PROVIDE (_etext, ABSOLUTE (.))
                0x0000000008015abc                PROVIDE (etext, ABSOLUTE (.))
 *(.eh_frame_hdr)
                0x0000000008015abc                . = ALIGN (0x4)
                0x0000000008015abc                PROVIDE (__preinit_array_start, ABSOLUTE (.))
 *(.preinit_array)
                0x0000000008015abc                PROVIDE (__preinit_array_end, ABSOLUTE (.))
                0x0000000008015abc                PROVIDE (__init_array_start, ABSOLUTE (.))
 *(.init_array)
                0x0000000008015abc                PROVIDE (__init_array_end, ABSOLUTE (.))
                0x0000000008015abc                PROVIDE (__fini_array_start, ABSOLUTE (.))
 *(.fini_array)
                0x0000000008015abc                PROVIDE (__fini_array_end, ABSOLUTE (.))
 *(.eh_frame)
 *(.gcc_except_table .gcc_except_table.*)
 *(.dynamic)
                0x0000000008015abc                PROVIDE (__CTOR_LIST__, ABSOLUTE (.))
 *(.ctors)
 *(SORT(.ctors.*))
                0x0000000008015abc                PROVIDE (__CTOR_END__, ABSOLUTE (.))
                0x0000000008015abc                PROVIDE (__DTOR_LIST__, ABSOLUTE (.))
 *(.dtors)
 *(SORT(.dtors.*))
                0x0000000008015abc                PROVIDE (__DTOR_END__, ABSOLUTE (.))
 *(.jcr)
                0x0000000008015abc                . = ALIGN (0x4)

.rodata         0x0000000008015abc      0x424
                0x0000000008015abc                PROVIDE (__ram_rodata_start, ABSOLUTE (.))
                0x0000000008015abc                . = ALIGN (0x4)
 *(.rodata .rodata.* .gnu.linkonce.r.*)
 .rodata        0x0000000008015abc       0x7c obj/default/hello_world.o
 .rodata        0x0000000008015b38      0x100 c:/altera/15.0/_/nios2eds/bin/gnu/h-x86_64-mingw32/bin/../lib/gcc/nios2-elf/4.9.1\libgcc.a(_clz.o)
                0x0000000008015b38                __clz_tab
 .rodata.str1.4
                0x0000000008015c38        0xf c:/altera/15.0/_/nios2eds/bin/gnu/h-x86_64-mingw32/bin/../lib/gcc/nios2-elf/4.9.1/../../../../../H-x86_64-mingw32/nios2-elf/lib\libc.a(lib_a-strtod.o)
                                         0x10 (size before relaxing)
 *fill*         0x0000000008015c47        0x1 
 .rodata        0x0000000008015c48       0x28 c:/altera/15.0/_/nios2eds/bin/gnu/h-x86_64-mingw32/bin/../lib/gcc/nios2-elf/4.9.1/../../../../../H-x86_64-mingw32/nios2-elf/lib\libc.a(lib_a-strtod.o)
 .rodata.str1.4
                0x0000000008015c70       0x42 c:/altera/15.0/_/nios2eds/bin/gnu/h-x86_64-mingw32/bin/../lib/gcc/nios2-elf/4.9.1/../../../../../H-x86_64-mingw32/nios2-elf/lib\libc.a(lib_a-svfprintf.o)
                                         0x44 (size before relaxing)
 .rodata        0x0000000008015cb2       0x20 c:/altera/15.0/_/nios2eds/bin/gnu/h-x86_64-mingw32/bin/../lib/gcc/nios2-elf/4.9.1/../../../../../H-x86_64-mingw32/nios2-elf/lib\libc.a(lib_a-svfprintf.o)
 .rodata.str1.4
                0x0000000000000000       0x44 c:/altera/15.0/_/nios2eds/bin/gnu/h-x86_64-mingw32/bin/../lib/gcc/nios2-elf/4.9.1/../../../../../H-x86_64-mingw32/nios2-elf/lib\libc.a(lib_a-vfprintf.o)
 .rodata        0x0000000008015cd2       0x20 c:/altera/15.0/_/nios2eds/bin/gnu/h-x86_64-mingw32/bin/../lib/gcc/nios2-elf/4.9.1/../../../../../H-x86_64-mingw32/nios2-elf/lib\libc.a(lib_a-vfprintf.o)
 *fill*         0x0000000008015cf2        0x2 
 .rodata.str1.4
                0x0000000008015cf4       0x10 c:/altera/15.0/_/nios2eds/bin/gnu/h-x86_64-mingw32/bin/../lib/gcc/nios2-elf/4.9.1/../../../../../H-x86_64-mingw32/nios2-elf/lib\libc.a(lib_a-dtoa.o)
                                         0x14 (size before relaxing)
 .rodata.str1.4
                0x0000000008015d04       0x1b c:/altera/15.0/_/nios2eds/bin/gnu/h-x86_64-mingw32/bin/../lib/gcc/nios2-elf/4.9.1/../../../../../H-x86_64-mingw32/nios2-elf/lib\libc.a(lib_a-gdtoa-gethex.o)
                                         0x1c (size before relaxing)
 *fill*         0x0000000008015d1f        0x1 
 .rodata.str1.4
                0x0000000008015d20        0x2 c:/altera/15.0/_/nios2eds/bin/gnu/h-x86_64-mingw32/bin/../lib/gcc/nios2-elf/4.9.1/../../../../../H-x86_64-mingw32/nios2-elf/lib\libc.a(lib_a-impure.o)
                                          0x4 (size before relaxing)
 *fill*         0x0000000008015d22        0x2 
 .rodata.str1.4
                0x0000000008015d24        0xc c:/altera/15.0/_/nios2eds/bin/gnu/h-x86_64-mingw32/bin/../lib/gcc/nios2-elf/4.9.1/../../../../../H-x86_64-mingw32/nios2-elf/lib\libc.a(lib_a-locale.o)
                                         0x14 (size before relaxing)
 .rodata        0x0000000008015d30      0x124 c:/altera/15.0/_/nios2eds/bin/gnu/h-x86_64-mingw32/bin/../lib/gcc/nios2-elf/4.9.1/../../../../../H-x86_64-mingw32/nios2-elf/lib\libc.a(lib_a-mprec.o)
                0x0000000008015d3c                __mprec_tinytens
                0x0000000008015d64                __mprec_bigtens
                0x0000000008015d8c                __mprec_tens
 .rodata.str1.4
                0x0000000000000000       0x30 c:/altera/15.0/_/nios2eds/bin/gnu/h-x86_64-mingw32/bin/../lib/gcc/nios2-elf/4.9.1/../../../../../H-x86_64-mingw32/nios2-elf/lib\libc.a(lib_a-svfiprintf.o)
 .rodata        0x0000000008015e54       0x20 c:/altera/15.0/_/nios2eds/bin/gnu/h-x86_64-mingw32/bin/../lib/gcc/nios2-elf/4.9.1/../../../../../H-x86_64-mingw32/nios2-elf/lib\libc.a(lib_a-svfiprintf.o)
 .rodata.str1.4
                0x0000000000000000       0x30 c:/altera/15.0/_/nios2eds/bin/gnu/h-x86_64-mingw32/bin/../lib/gcc/nios2-elf/4.9.1/../../../../../H-x86_64-mingw32/nios2-elf/lib\libc.a(lib_a-vfiprintf.o)
 .rodata        0x0000000008015e74       0x20 c:/altera/15.0/_/nios2eds/bin/gnu/h-x86_64-mingw32/bin/../lib/gcc/nios2-elf/4.9.1/../../../../../H-x86_64-mingw32/nios2-elf/lib\libc.a(lib_a-vfiprintf.o)
 .rodata        0x0000000008015e94        0xc ../bluetooth_bsp/\libhal_bsp.a(alt_dev.o)
 .rodata        0x0000000008015ea0       0x14 ../bluetooth_bsp/\libhal_bsp.a(alt_main.o)
 .rodata        0x0000000008015eb4       0x2c ../bluetooth_bsp/\libhal_bsp.a(alt_sys_init.o)
 *(.rodata1)
                0x0000000008015ee0                . = ALIGN (0x4)
                0x0000000008015ee0                PROVIDE (__ram_rodata_end, ABSOLUTE (.))
                0x0000000008015abc                PROVIDE (__flash_rodata_start, LOADADDR (.rodata))

.rwdata         0x0000000008015ee0     0x1b40 load address 0x0000000008017a20
                0x0000000008015ee0                PROVIDE (__ram_rwdata_start, ABSOLUTE (.))
                0x0000000008015ee0                . = ALIGN (0x4)
 *(.got.plt)
 *(.got)
 *(.data1)
 *(.data .data.* .gnu.linkonce.d.*)
 .data          0x0000000008015ee0        0x0 ../bluetooth_bsp//obj/HAL/src/crt0.o
 .data          0x0000000008015ee0        0x0 obj/default/hello_world.o
 .data          0x0000000008015ee0        0x0 c:/altera/15.0/_/nios2eds/bin/gnu/h-x86_64-mingw32/bin/../lib/gcc/nios2-elf/4.9.1\libgcc.a(adddf3.o)
 .data          0x0000000008015ee0        0x0 c:/altera/15.0/_/nios2eds/bin/gnu/h-x86_64-mingw32/bin/../lib/gcc/nios2-elf/4.9.1\libgcc.a(divdf3.o)
 .data          0x0000000008015ee0        0x0 c:/altera/15.0/_/nios2eds/bin/gnu/h-x86_64-mingw32/bin/../lib/gcc/nios2-elf/4.9.1\libgcc.a(subdf3.o)
 .data          0x0000000008015ee0        0x0 c:/altera/15.0/_/nios2eds/bin/gnu/h-x86_64-mingw32/bin/../lib/gcc/nios2-elf/4.9.1\libgcc.a(fixdfsi.o)
 .data          0x0000000008015ee0        0x0 c:/altera/15.0/_/nios2eds/bin/gnu/h-x86_64-mingw32/bin/../lib/gcc/nios2-elf/4.9.1\libgcc.a(floatsidf.o)
 .data          0x0000000008015ee0        0x0 c:/altera/15.0/_/nios2eds/bin/gnu/h-x86_64-mingw32/bin/../lib/gcc/nios2-elf/4.9.1\libgcc.a(_clzsi2.o)
 .data          0x0000000008015ee0        0x0 c:/altera/15.0/_/nios2eds/bin/gnu/h-x86_64-mingw32/bin/../lib/gcc/nios2-elf/4.9.1\libgcc.a(lib2-divmod.o)
 .data          0x0000000008015ee0        0x0 c:/altera/15.0/_/nios2eds/bin/gnu/h-x86_64-mingw32/bin/../lib/gcc/nios2-elf/4.9.1\libgcc.a(_clz.o)
 .data          0x0000000008015ee0        0x0 c:/altera/15.0/_/nios2eds/bin/gnu/h-x86_64-mingw32/bin/../lib/gcc/nios2-elf/4.9.1/../../../../../H-x86_64-mingw32/nios2-elf/lib\libc.a(lib_a-atof.o)
 .data          0x0000000008015ee0        0x0 c:/altera/15.0/_/nios2eds/bin/gnu/h-x86_64-mingw32/bin/../lib/gcc/nios2-elf/4.9.1/../../../../../H-x86_64-mingw32/nios2-elf/lib\libc.a(lib_a-malloc.o)
 .data          0x0000000008015ee0      0x408 c:/altera/15.0/_/nios2eds/bin/gnu/h-x86_64-mingw32/bin/../lib/gcc/nios2-elf/4.9.1/../../../../../H-x86_64-mingw32/nios2-elf/lib\libc.a(lib_a-mallocr.o)
                0x0000000008015ee0                __malloc_av_
 .data          0x00000000080162e8        0x0 c:/altera/15.0/_/nios2eds/bin/gnu/h-x86_64-mingw32/bin/../lib/gcc/nios2-elf/4.9.1/../../../../../H-x86_64-mingw32/nios2-elf/lib\libc.a(lib_a-printf.o)
 .data          0x00000000080162e8        0x0 c:/altera/15.0/_/nios2eds/bin/gnu/h-x86_64-mingw32/bin/../lib/gcc/nios2-elf/4.9.1/../../../../../H-x86_64-mingw32/nios2-elf/lib\libc.a(lib_a-putchar.o)
 .data          0x00000000080162e8        0x0 c:/altera/15.0/_/nios2eds/bin/gnu/h-x86_64-mingw32/bin/../lib/gcc/nios2-elf/4.9.1/../../../../../H-x86_64-mingw32/nios2-elf/lib\libc.a(lib_a-sbrkr.o)
 .data          0x00000000080162e8        0x0 c:/altera/15.0/_/nios2eds/bin/gnu/h-x86_64-mingw32/bin/../lib/gcc/nios2-elf/4.9.1/../../../../../H-x86_64-mingw32/nios2-elf/lib\libc.a(lib_a-snprintf.o)
 .data          0x00000000080162e8        0x0 c:/altera/15.0/_/nios2eds/bin/gnu/h-x86_64-mingw32/bin/../lib/gcc/nios2-elf/4.9.1/../../../../../H-x86_64-mingw32/nios2-elf/lib\libc.a(lib_a-strcat.o)
 .data          0x00000000080162e8        0x0 c:/altera/15.0/_/nios2eds/bin/gnu/h-x86_64-mingw32/bin/../lib/gcc/nios2-elf/4.9.1/../../../../../H-x86_64-mingw32/nios2-elf/lib\libc.a(lib_a-strcmp.o)
 .data          0x00000000080162e8        0x0 c:/altera/15.0/_/nios2eds/bin/gnu/h-x86_64-mingw32/bin/../lib/gcc/nios2-elf/4.9.1/../../../../../H-x86_64-mingw32/nios2-elf/lib\libc.a(lib_a-strcpy.o)
 .data          0x00000000080162e8        0x0 c:/altera/15.0/_/nios2eds/bin/gnu/h-x86_64-mingw32/bin/../lib/gcc/nios2-elf/4.9.1/../../../../../H-x86_64-mingw32/nios2-elf/lib\libc.a(lib_a-strlen.o)
 .data          0x00000000080162e8       0x28 c:/altera/15.0/_/nios2eds/bin/gnu/h-x86_64-mingw32/bin/../lib/gcc/nios2-elf/4.9.1/../../../../../H-x86_64-mingw32/nios2-elf/lib\libc.a(lib_a-strtod.o)
 .data          0x0000000008016310        0x0 c:/altera/15.0/_/nios2eds/bin/gnu/h-x86_64-mingw32/bin/../lib/gcc/nios2-elf/4.9.1/../../../../../H-x86_64-mingw32/nios2-elf/lib\libc.a(lib_a-strtok.o)
 .data          0x0000000008016310        0x0 c:/altera/15.0/_/nios2eds/bin/gnu/h-x86_64-mingw32/bin/../lib/gcc/nios2-elf/4.9.1/../../../../../H-x86_64-mingw32/nios2-elf/lib\libc.a(lib_a-strtok_r.o)
 .data          0x0000000008016310        0x0 c:/altera/15.0/_/nios2eds/bin/gnu/h-x86_64-mingw32/bin/../lib/gcc/nios2-elf/4.9.1/../../../../../H-x86_64-mingw32/nios2-elf/lib\libc.a(lib_a-svfprintf.o)
 .data          0x0000000008016310        0x0 c:/altera/15.0/_/nios2eds/bin/gnu/h-x86_64-mingw32/bin/../lib/gcc/nios2-elf/4.9.1/../../../../../H-x86_64-mingw32/nios2-elf/lib\libc.a(lib_a-vfprintf.o)
 .data          0x0000000008016310        0x0 c:/altera/15.0/_/nios2eds/bin/gnu/h-x86_64-mingw32/bin/../lib/gcc/nios2-elf/4.9.1/../../../../../H-x86_64-mingw32/nios2-elf/lib\libc.a(lib_a-wsetup.o)
 .data          0x0000000008016310        0x0 c:/altera/15.0/_/nios2eds/bin/gnu/h-x86_64-mingw32/bin/../lib/gcc/nios2-elf/4.9.1/../../../../../H-x86_64-mingw32/nios2-elf/lib\libc.a(lib_a-dtoa.o)
 .data          0x0000000008016310        0x0 c:/altera/15.0/_/nios2eds/bin/gnu/h-x86_64-mingw32/bin/../lib/gcc/nios2-elf/4.9.1/../../../../../H-x86_64-mingw32/nios2-elf/lib\libc.a(lib_a-fflush.o)
 .data          0x0000000008016310        0x0 c:/altera/15.0/_/nios2eds/bin/gnu/h-x86_64-mingw32/bin/../lib/gcc/nios2-elf/4.9.1/../../../../../H-x86_64-mingw32/nios2-elf/lib\libc.a(lib_a-findfp.o)
 .data          0x0000000008016310        0x0 c:/altera/15.0/_/nios2eds/bin/gnu/h-x86_64-mingw32/bin/../lib/gcc/nios2-elf/4.9.1/../../../../../H-x86_64-mingw32/nios2-elf/lib\libc.a(lib_a-freer.o)
 .data          0x0000000008016310        0x0 c:/altera/15.0/_/nios2eds/bin/gnu/h-x86_64-mingw32/bin/../lib/gcc/nios2-elf/4.9.1/../../../../../H-x86_64-mingw32/nios2-elf/lib\libc.a(lib_a-fwalk.o)
 .data          0x0000000008016310        0x0 c:/altera/15.0/_/nios2eds/bin/gnu/h-x86_64-mingw32/bin/../lib/gcc/nios2-elf/4.9.1/../../../../../H-x86_64-mingw32/nios2-elf/lib\libc.a(lib_a-gdtoa-gethex.o)
 .data          0x0000000008016310        0x0 c:/altera/15.0/_/nios2eds/bin/gnu/h-x86_64-mingw32/bin/../lib/gcc/nios2-elf/4.9.1/../../../../../H-x86_64-mingw32/nios2-elf/lib\libc.a(lib_a-gdtoa-hexnan.o)
 .data          0x0000000008016310      0x424 c:/altera/15.0/_/nios2eds/bin/gnu/h-x86_64-mingw32/bin/../lib/gcc/nios2-elf/4.9.1/../../../../../H-x86_64-mingw32/nios2-elf/lib\libc.a(lib_a-impure.o)
 .data          0x0000000008016734        0x0 c:/altera/15.0/_/nios2eds/bin/gnu/h-x86_64-mingw32/bin/../lib/gcc/nios2-elf/4.9.1/../../../../../H-x86_64-mingw32/nios2-elf/lib\libc.a(lib_a-int_errno.o)
 .data          0x0000000008016734       0x78 c:/altera/15.0/_/nios2eds/bin/gnu/h-x86_64-mingw32/bin/../lib/gcc/nios2-elf/4.9.1/../../../../../H-x86_64-mingw32/nios2-elf/lib\libc.a(lib_a-locale.o)
 .data          0x00000000080167ac        0x0 c:/altera/15.0/_/nios2eds/bin/gnu/h-x86_64-mingw32/bin/../lib/gcc/nios2-elf/4.9.1/../../../../../H-x86_64-mingw32/nios2-elf/lib\libc.a(lib_a-makebuf.o)
 .data          0x00000000080167ac        0x0 c:/altera/15.0/_/nios2eds/bin/gnu/h-x86_64-mingw32/bin/../lib/gcc/nios2-elf/4.9.1/../../../../../H-x86_64-mingw32/nios2-elf/lib\libc.a(lib_a-memchr.o)
 .data          0x00000000080167ac        0x0 c:/altera/15.0/_/nios2eds/bin/gnu/h-x86_64-mingw32/bin/../lib/gcc/nios2-elf/4.9.1/../../../../../H-x86_64-mingw32/nios2-elf/lib\libc.a(lib_a-memcpy.o)
 .data          0x00000000080167ac        0x0 c:/altera/15.0/_/nios2eds/bin/gnu/h-x86_64-mingw32/bin/../lib/gcc/nios2-elf/4.9.1/../../../../../H-x86_64-mingw32/nios2-elf/lib\libc.a(lib_a-memset.o)
 .data          0x00000000080167ac        0x0 c:/altera/15.0/_/nios2eds/bin/gnu/h-x86_64-mingw32/bin/../lib/gcc/nios2-elf/4.9.1/../../../../../H-x86_64-mingw32/nios2-elf/lib\libc.a(lib_a-mprec.o)
 .data          0x00000000080167ac        0x0 c:/altera/15.0/_/nios2eds/bin/gnu/h-x86_64-mingw32/bin/../lib/gcc/nios2-elf/4.9.1/../../../../../H-x86_64-mingw32/nios2-elf/lib\libc.a(lib_a-putc.o)
 .data          0x00000000080167ac        0x0 c:/altera/15.0/_/nios2eds/bin/gnu/h-x86_64-mingw32/bin/../lib/gcc/nios2-elf/4.9.1/../../../../../H-x86_64-mingw32/nios2-elf/lib\libc.a(lib_a-s_fpclassify.o)
 .data          0x00000000080167ac        0x0 c:/altera/15.0/_/nios2eds/bin/gnu/h-x86_64-mingw32/bin/../lib/gcc/nios2-elf/4.9.1/../../../../../H-x86_64-mingw32/nios2-elf/lib\libc.a(lib_a-stdio.o)
 .data          0x00000000080167ac        0x0 c:/altera/15.0/_/nios2eds/bin/gnu/h-x86_64-mingw32/bin/../lib/gcc/nios2-elf/4.9.1/../../../../../H-x86_64-mingw32/nios2-elf/lib\libc.a(lib_a-strncmp.o)
 .data          0x00000000080167ac        0x0 c:/altera/15.0/_/nios2eds/bin/gnu/h-x86_64-mingw32/bin/../lib/gcc/nios2-elf/4.9.1/../../../../../H-x86_64-mingw32/nios2-elf/lib\libc.a(lib_a-svfiprintf.o)
 .data          0x00000000080167ac        0x0 c:/altera/15.0/_/nios2eds/bin/gnu/h-x86_64-mingw32/bin/../lib/gcc/nios2-elf/4.9.1/../../../../../H-x86_64-mingw32/nios2-elf/lib\libc.a(lib_a-vfiprintf.o)
 .data          0x00000000080167ac        0x0 c:/altera/15.0/_/nios2eds/bin/gnu/h-x86_64-mingw32/bin/../lib/gcc/nios2-elf/4.9.1/../../../../../H-x86_64-mingw32/nios2-elf/lib\libc.a(lib_a-wbuf.o)
 .data          0x00000000080167ac        0x0 c:/altera/15.0/_/nios2eds/bin/gnu/h-x86_64-mingw32/bin/../lib/gcc/nios2-elf/4.9.1/../../../../../H-x86_64-mingw32/nios2-elf/lib\libc.a(lib_a-writer.o)
 .data          0x00000000080167ac        0x0 c:/altera/15.0/_/nios2eds/bin/gnu/h-x86_64-mingw32/bin/../lib/gcc/nios2-elf/4.9.1/../../../../../H-x86_64-mingw32/nios2-elf/lib\libc.a(closer.o)
 .data          0x00000000080167ac        0x0 c:/altera/15.0/_/nios2eds/bin/gnu/h-x86_64-mingw32/bin/../lib/gcc/nios2-elf/4.9.1/../../../../../H-x86_64-mingw32/nios2-elf/lib\libc.a(lib_a-callocr.o)
 .data          0x00000000080167ac        0x0 c:/altera/15.0/_/nios2eds/bin/gnu/h-x86_64-mingw32/bin/../lib/gcc/nios2-elf/4.9.1/../../../../../H-x86_64-mingw32/nios2-elf/lib\libc.a(lib_a-fclose.o)
 .data          0x00000000080167ac        0x0 c:/altera/15.0/_/nios2eds/bin/gnu/h-x86_64-mingw32/bin/../lib/gcc/nios2-elf/4.9.1/../../../../../H-x86_64-mingw32/nios2-elf/lib\libc.a(lib_a-fputwc.o)
 .data          0x00000000080167ac        0x0 c:/altera/15.0/_/nios2eds/bin/gnu/h-x86_64-mingw32/bin/../lib/gcc/nios2-elf/4.9.1/../../../../../H-x86_64-mingw32/nios2-elf/lib\libc.a(lib_a-fstatr.o)
 .data          0x00000000080167ac        0x0 c:/altera/15.0/_/nios2eds/bin/gnu/h-x86_64-mingw32/bin/../lib/gcc/nios2-elf/4.9.1/../../../../../H-x86_64-mingw32/nios2-elf/lib\libc.a(lib_a-fvwrite.o)
 .data          0x00000000080167ac        0x0 c:/altera/15.0/_/nios2eds/bin/gnu/h-x86_64-mingw32/bin/../lib/gcc/nios2-elf/4.9.1/../../../../../H-x86_64-mingw32/nios2-elf/lib\libc.a(lib_a-isattyr.o)
 .data          0x00000000080167ac        0x0 c:/altera/15.0/_/nios2eds/bin/gnu/h-x86_64-mingw32/bin/../lib/gcc/nios2-elf/4.9.1/../../../../../H-x86_64-mingw32/nios2-elf/lib\libc.a(lib_a-lseekr.o)
 .data          0x00000000080167ac        0x0 c:/altera/15.0/_/nios2eds/bin/gnu/h-x86_64-mingw32/bin/../lib/gcc/nios2-elf/4.9.1/../../../../../H-x86_64-mingw32/nios2-elf/lib\libc.a(lib_a-memmove.o)
 .data          0x00000000080167ac        0x0 c:/altera/15.0/_/nios2eds/bin/gnu/h-x86_64-mingw32/bin/../lib/gcc/nios2-elf/4.9.1/../../../../../H-x86_64-mingw32/nios2-elf/lib\libc.a(lib_a-readr.o)
 .data          0x00000000080167ac        0x0 c:/altera/15.0/_/nios2eds/bin/gnu/h-x86_64-mingw32/bin/../lib/gcc/nios2-elf/4.9.1/../../../../../H-x86_64-mingw32/nios2-elf/lib\libc.a(lib_a-reallocr.o)
 .data          0x00000000080167ac        0x0 c:/altera/15.0/_/nios2eds/bin/gnu/h-x86_64-mingw32/bin/../lib/gcc/nios2-elf/4.9.1/../../../../../H-x86_64-mingw32/nios2-elf/lib\libc.a(lib_a-wcrtomb.o)
 .data          0x00000000080167ac        0x0 c:/altera/15.0/_/nios2eds/bin/gnu/h-x86_64-mingw32/bin/../lib/gcc/nios2-elf/4.9.1/../../../../../H-x86_64-mingw32/nios2-elf/lib\libc.a(lib_a-wctomb_r.o)
 .data          0x00000000080167ac        0x0 c:/altera/15.0/_/nios2eds/bin/gnu/h-x86_64-mingw32/bin/../lib/gcc/nios2-elf/4.9.1\libgcc.a(_fixunsdfsi.o)
 .data          0x00000000080167ac        0x0 c:/altera/15.0/_/nios2eds/bin/gnu/h-x86_64-mingw32/bin/../lib/gcc/nios2-elf/4.9.1\libgcc.a(_udivdi3.o)
 .data          0x00000000080167ac        0x0 c:/altera/15.0/_/nios2eds/bin/gnu/h-x86_64-mingw32/bin/../lib/gcc/nios2-elf/4.9.1\libgcc.a(_umoddi3.o)
 .data          0x00000000080167ac        0x0 c:/altera/15.0/_/nios2eds/bin/gnu/h-x86_64-mingw32/bin/../lib/gcc/nios2-elf/4.9.1\libgcc.a(eqsf2.o)
 .data          0x00000000080167ac        0x0 c:/altera/15.0/_/nios2eds/bin/gnu/h-x86_64-mingw32/bin/../lib/gcc/nios2-elf/4.9.1\libgcc.a(gesf2.o)
 .data          0x00000000080167ac        0x0 c:/altera/15.0/_/nios2eds/bin/gnu/h-x86_64-mingw32/bin/../lib/gcc/nios2-elf/4.9.1\libgcc.a(lesf2.o)
 .data          0x00000000080167ac        0x0 c:/altera/15.0/_/nios2eds/bin/gnu/h-x86_64-mingw32/bin/../lib/gcc/nios2-elf/4.9.1\libgcc.a(eqdf2.o)
 .data          0x00000000080167ac        0x0 c:/altera/15.0/_/nios2eds/bin/gnu/h-x86_64-mingw32/bin/../lib/gcc/nios2-elf/4.9.1\libgcc.a(gedf2.o)
 .data          0x00000000080167ac        0x0 c:/altera/15.0/_/nios2eds/bin/gnu/h-x86_64-mingw32/bin/../lib/gcc/nios2-elf/4.9.1\libgcc.a(ledf2.o)
 .data          0x00000000080167ac        0x0 c:/altera/15.0/_/nios2eds/bin/gnu/h-x86_64-mingw32/bin/../lib/gcc/nios2-elf/4.9.1\libgcc.a(muldf3.o)
 .data          0x00000000080167ac        0x0 c:/altera/15.0/_/nios2eds/bin/gnu/h-x86_64-mingw32/bin/../lib/gcc/nios2-elf/4.9.1\libgcc.a(floatunsidf.o)
 .data          0x00000000080167ac        0x0 c:/altera/15.0/_/nios2eds/bin/gnu/h-x86_64-mingw32/bin/../lib/gcc/nios2-elf/4.9.1\libgcc.a(truncdfsf2.o)
 .data          0x00000000080167ac        0x0 ../bluetooth_bsp/\libhal_bsp.a(alt_close.o)
 .data          0x00000000080167ac      0x1a8 ../bluetooth_bsp/\libhal_bsp.a(alt_dev.o)
                0x00000000080167ac                alt_dev_null
                0x00000000080167d4                alt_fd_list
 .data          0x0000000008016954        0x0 ../bluetooth_bsp/\libhal_bsp.a(alt_errno.o)
 .data          0x0000000008016954        0x0 ../bluetooth_bsp/\libhal_bsp.a(alt_fstat.o)
 .data          0x0000000008016954        0x0 ../bluetooth_bsp/\libhal_bsp.a(alt_isatty.o)
 .data          0x0000000008016954        0x0 ../bluetooth_bsp/\libhal_bsp.a(alt_load.o)
 .data          0x0000000008016954        0x0 ../bluetooth_bsp/\libhal_bsp.a(alt_lseek.o)
 .data          0x0000000008016954        0x0 ../bluetooth_bsp/\libhal_bsp.a(alt_main.o)
 .data          0x0000000008016954        0x0 ../bluetooth_bsp/\libhal_bsp.a(alt_malloc_lock.o)
 .data          0x0000000008016954        0x0 ../bluetooth_bsp/\libhal_bsp.a(alt_read.o)
 .data          0x0000000008016954        0x0 ../bluetooth_bsp/\libhal_bsp.a(alt_release_fd.o)
 .data          0x0000000008016954        0x0 ../bluetooth_bsp/\libhal_bsp.a(alt_sbrk.o)
 .data          0x0000000008016954        0x0 ../bluetooth_bsp/\libhal_bsp.a(alt_write.o)
 .data          0x0000000008016954     0x108c ../bluetooth_bsp/\libhal_bsp.a(alt_sys_init.o)
 .data          0x00000000080179e0        0x0 ../bluetooth_bsp/\libhal_bsp.a(altera_avalon_jtag_uart_fd.o)
 .data          0x00000000080179e0        0x0 ../bluetooth_bsp/\libhal_bsp.a(altera_avalon_jtag_uart_init.o)
 .data          0x00000000080179e0        0x0 ../bluetooth_bsp/\libhal_bsp.a(altera_avalon_jtag_uart_ioctl.o)
 .data          0x00000000080179e0        0x0 ../bluetooth_bsp/\libhal_bsp.a(altera_avalon_jtag_uart_read.o)
 .data          0x00000000080179e0        0x0 ../bluetooth_bsp/\libhal_bsp.a(altera_avalon_jtag_uart_write.o)
 .data          0x00000000080179e0        0x0 ../bluetooth_bsp/\libhal_bsp.a(altera_avalon_timer_sc.o)
 .data          0x00000000080179e0        0x0 ../bluetooth_bsp/\libhal_bsp.a(altera_up_avalon_character_lcd.o)
 .data          0x00000000080179e0        0x0 ../bluetooth_bsp/\libhal_bsp.a(alt_alarm_start.o)
 .data          0x00000000080179e0        0x0 ../bluetooth_bsp/\libhal_bsp.a(alt_dcache_flush_all.o)
 .data          0x00000000080179e0        0x0 ../bluetooth_bsp/\libhal_bsp.a(alt_dev_llist_insert.o)
 .data          0x00000000080179e0        0x0 ../bluetooth_bsp/\libhal_bsp.a(alt_do_ctors.o)
 .data          0x00000000080179e0        0x0 ../bluetooth_bsp/\libhal_bsp.a(alt_do_dtors.o)
 .data          0x00000000080179e0        0x0 ../bluetooth_bsp/\libhal_bsp.a(alt_find_dev.o)
 .data          0x00000000080179e0        0x0 ../bluetooth_bsp/\libhal_bsp.a(alt_icache_flush_all.o)
 .data          0x00000000080179e0        0x0 ../bluetooth_bsp/\libhal_bsp.a(alt_iic.o)
 .data          0x00000000080179e0        0x0 ../bluetooth_bsp/\libhal_bsp.a(alt_iic_isr_register.o)
 .data          0x00000000080179e0        0x0 ../bluetooth_bsp/\libhal_bsp.a(alt_io_redirect.o)
 .data          0x00000000080179e0        0x0 ../bluetooth_bsp/\libhal_bsp.a(alt_irq_entry.o)
 .data          0x00000000080179e0        0x0 ../bluetooth_bsp/\libhal_bsp.a(alt_irq_handler.o)
 .data          0x00000000080179e0        0x0 ../bluetooth_bsp/\libhal_bsp.a(alt_irq_vars.o)
 .data          0x00000000080179e0        0x0 ../bluetooth_bsp/\libhal_bsp.a(alt_open.o)
 .data          0x00000000080179e0        0x0 ../bluetooth_bsp/\libhal_bsp.a(alt_tick.o)
 .data          0x00000000080179e0        0x0 ../bluetooth_bsp/\libhal_bsp.a(altera_nios2_qsys_irq.o)
 .data          0x00000000080179e0        0x0 ../bluetooth_bsp/\libhal_bsp.a(alt_exception_entry.o)
 .data          0x00000000080179e0        0x0 ../bluetooth_bsp/\libhal_bsp.a(alt_find_file.o)
 .data          0x00000000080179e0        0x0 ../bluetooth_bsp/\libhal_bsp.a(alt_get_fd.o)
 .data          0x00000000080179e0        0x0 ../bluetooth_bsp/\libhal_bsp.a(alt_icache_flush.o)
 .data          0x00000000080179e0        0x0 c:/altera/15.0/_/nios2eds/bin/gnu/h-x86_64-mingw32/bin/../lib/gcc/nios2-elf/4.9.1/../../../../../H-x86_64-mingw32/nios2-elf/lib\libc.a(lib_a-atexit.o)
 .data          0x00000000080179e0        0x0 c:/altera/15.0/_/nios2eds/bin/gnu/h-x86_64-mingw32/bin/../lib/gcc/nios2-elf/4.9.1/../../../../../H-x86_64-mingw32/nios2-elf/lib\libc.a(lib_a-exit.o)
 .data          0x00000000080179e0        0x0 c:/altera/15.0/_/nios2eds/bin/gnu/h-x86_64-mingw32/bin/../lib/gcc/nios2-elf/4.9.1/../../../../../H-x86_64-mingw32/nios2-elf/lib\libc.a(lib_a-memcmp.o)
 .data          0x00000000080179e0        0x0 c:/altera/15.0/_/nios2eds/bin/gnu/h-x86_64-mingw32/bin/../lib/gcc/nios2-elf/4.9.1/../../../../../H-x86_64-mingw32/nios2-elf/lib\libc.a(lib_a-__atexit.o)
 .data          0x00000000080179e0        0x0 c:/altera/15.0/_/nios2eds/bin/gnu/h-x86_64-mingw32/bin/../lib/gcc/nios2-elf/4.9.1/../../../../../H-x86_64-mingw32/nios2-elf/lib\libc.a(lib_a-__call_atexit.o)
 .data          0x00000000080179e0        0x0 ../bluetooth_bsp/\libhal_bsp.a(alt_exit.o)
                0x000000000801f9e0                _gp = ABSOLUTE ((. + 0x8000))
                0x000000000801f9e0                PROVIDE (gp, _gp)
 *(.rwdata .rwdata.*)
 *(.sdata .sdata.* .gnu.linkonce.s.*)
 .sdata         0x00000000080179e0        0x8 c:/altera/15.0/_/nios2eds/bin/gnu/h-x86_64-mingw32/bin/../lib/gcc/nios2-elf/4.9.1/../../../../../H-x86_64-mingw32/nios2-elf/lib\libc.a(lib_a-mallocr.o)
                0x00000000080179e0                __malloc_sbrk_base
                0x00000000080179e4                __malloc_trim_threshold
 .sdata         0x00000000080179e8        0x8 c:/altera/15.0/_/nios2eds/bin/gnu/h-x86_64-mingw32/bin/../lib/gcc/nios2-elf/4.9.1/../../../../../H-x86_64-mingw32/nios2-elf/lib\libc.a(lib_a-impure.o)
                0x00000000080179e8                _global_impure_ptr
                0x00000000080179ec                _impure_ptr
 .sdata         0x00000000080179f0        0x4 c:/altera/15.0/_/nios2eds/bin/gnu/h-x86_64-mingw32/bin/../lib/gcc/nios2-elf/4.9.1/../../../../../H-x86_64-mingw32/nios2-elf/lib\libc.a(lib_a-locale.o)
                0x00000000080179f0                __mb_cur_max
 .sdata         0x00000000080179f4        0x4 c:/altera/15.0/_/nios2eds/bin/gnu/h-x86_64-mingw32/bin/../lib/gcc/nios2-elf/4.9.1/../../../../../H-x86_64-mingw32/nios2-elf/lib\libc.a(lib_a-wctomb_r.o)
                0x00000000080179f4                __wctomb
 .sdata         0x00000000080179f8       0x14 ../bluetooth_bsp/\libhal_bsp.a(alt_dev.o)
                0x00000000080179f8                alt_fs_list
                0x0000000008017a00                alt_dev_list
                0x0000000008017a08                alt_max_fd
 .sdata         0x0000000008017a0c        0x4 ../bluetooth_bsp/\libhal_bsp.a(alt_errno.o)
                0x0000000008017a0c                alt_errno
 .sdata         0x0000000008017a10        0x4 ../bluetooth_bsp/\libhal_bsp.a(alt_sbrk.o)
 .sdata         0x0000000008017a14        0x4 ../bluetooth_bsp/\libhal_bsp.a(alt_irq_vars.o)
                0x0000000008017a14                alt_priority_mask
 .sdata         0x0000000008017a18        0x8 ../bluetooth_bsp/\libhal_bsp.a(alt_tick.o)
                0x0000000008017a18                alt_alarm_list
 *(.sdata2 .sdata2.* .gnu.linkonce.s2.*)
                0x0000000008017a20                . = ALIGN (0x4)
                0x0000000008017a20                _edata = ABSOLUTE (.)
                0x0000000008017a20                PROVIDE (edata, ABSOLUTE (.))
                0x0000000008017a20                PROVIDE (__ram_rwdata_end, ABSOLUTE (.))
                0x0000000008017a20                PROVIDE (__flash_rwdata_start, LOADADDR (.rwdata))

.bss            0x0000000008019560      0x25c
                0x0000000008019560                __bss_start = ABSOLUTE (.)
                0x0000000008019560                PROVIDE (__sbss_start, ABSOLUTE (.))
                0x0000000008019560                PROVIDE (___sbss_start, ABSOLUTE (.))
 *(.dynsbss)
 *(.sbss .sbss.* .gnu.linkonce.sb.*)
 .sbss          0x0000000008019560        0xc c:/altera/15.0/_/nios2eds/bin/gnu/h-x86_64-mingw32/bin/../lib/gcc/nios2-elf/4.9.1/../../../../../H-x86_64-mingw32/nios2-elf/lib\libc.a(lib_a-mallocr.o)
                0x0000000008019560                __malloc_max_total_mem
                0x0000000008019564                __malloc_max_sbrked_mem
                0x0000000008019568                __malloc_top_pad
 .sbss          0x000000000801956c        0x4 c:/altera/15.0/_/nios2eds/bin/gnu/h-x86_64-mingw32/bin/../lib/gcc/nios2-elf/4.9.1/../../../../../H-x86_64-mingw32/nios2-elf/lib\libc.a(lib_a-int_errno.o)
                0x000000000801956c                errno
 .sbss          0x0000000008019570        0xc c:/altera/15.0/_/nios2eds/bin/gnu/h-x86_64-mingw32/bin/../lib/gcc/nios2-elf/4.9.1/../../../../../H-x86_64-mingw32/nios2-elf/lib\libc.a(lib_a-locale.o)
                0x0000000008019570                _PathLocale
                0x0000000008019574                __mlocale_changed
                0x0000000008019578                __nlocale_changed
 .sbss          0x000000000801957c        0xc ../bluetooth_bsp/\libhal_bsp.a(alt_main.o)
                0x000000000801957c                alt_argc
                0x0000000008019580                alt_argv
                0x0000000008019584                alt_envp
 .sbss          0x0000000008019588        0x4 ../bluetooth_bsp/\libhal_bsp.a(alt_irq_vars.o)
                0x0000000008019588                alt_irq_active
 .sbss          0x000000000801958c        0x8 ../bluetooth_bsp/\libhal_bsp.a(alt_tick.o)
                0x000000000801958c                _alt_tick_rate
                0x0000000008019590                _alt_nticks
 *(.sbss2 .sbss2.* .gnu.linkonce.sb2.*)
 *(.scommon)
                0x0000000008019594                PROVIDE (__sbss_end, ABSOLUTE (.))
                0x0000000008019594                PROVIDE (___sbss_end, ABSOLUTE (.))
 *(.dynbss)
 *(.bss .bss.* .gnu.linkonce.b.*)
 .bss           0x0000000008019594        0x0 ../bluetooth_bsp//obj/HAL/src/crt0.o
 .bss           0x0000000008019594        0x0 obj/default/hello_world.o
 .bss           0x0000000008019594        0x0 c:/altera/15.0/_/nios2eds/bin/gnu/h-x86_64-mingw32/bin/../lib/gcc/nios2-elf/4.9.1\libgcc.a(adddf3.o)
 .bss           0x0000000008019594        0x0 c:/altera/15.0/_/nios2eds/bin/gnu/h-x86_64-mingw32/bin/../lib/gcc/nios2-elf/4.9.1\libgcc.a(divdf3.o)
 .bss           0x0000000008019594        0x0 c:/altera/15.0/_/nios2eds/bin/gnu/h-x86_64-mingw32/bin/../lib/gcc/nios2-elf/4.9.1\libgcc.a(subdf3.o)
 .bss           0x0000000008019594        0x0 c:/altera/15.0/_/nios2eds/bin/gnu/h-x86_64-mingw32/bin/../lib/gcc/nios2-elf/4.9.1\libgcc.a(fixdfsi.o)
 .bss           0x0000000008019594        0x0 c:/altera/15.0/_/nios2eds/bin/gnu/h-x86_64-mingw32/bin/../lib/gcc/nios2-elf/4.9.1\libgcc.a(floatsidf.o)
 .bss           0x0000000008019594        0x0 c:/altera/15.0/_/nios2eds/bin/gnu/h-x86_64-mingw32/bin/../lib/gcc/nios2-elf/4.9.1\libgcc.a(_clzsi2.o)
 .bss           0x0000000008019594        0x0 c:/altera/15.0/_/nios2eds/bin/gnu/h-x86_64-mingw32/bin/../lib/gcc/nios2-elf/4.9.1\libgcc.a(lib2-divmod.o)
 .bss           0x0000000008019594        0x0 c:/altera/15.0/_/nios2eds/bin/gnu/h-x86_64-mingw32/bin/../lib/gcc/nios2-elf/4.9.1\libgcc.a(_clz.o)
 .bss           0x0000000008019594        0x0 c:/altera/15.0/_/nios2eds/bin/gnu/h-x86_64-mingw32/bin/../lib/gcc/nios2-elf/4.9.1/../../../../../H-x86_64-mingw32/nios2-elf/lib\libc.a(lib_a-atof.o)
 .bss           0x0000000008019594        0x0 c:/altera/15.0/_/nios2eds/bin/gnu/h-x86_64-mingw32/bin/../lib/gcc/nios2-elf/4.9.1/../../../../../H-x86_64-mingw32/nios2-elf/lib\libc.a(lib_a-malloc.o)
 .bss           0x0000000008019594       0x28 c:/altera/15.0/_/nios2eds/bin/gnu/h-x86_64-mingw32/bin/../lib/gcc/nios2-elf/4.9.1/../../../../../H-x86_64-mingw32/nios2-elf/lib\libc.a(lib_a-mallocr.o)
                0x0000000008019594                __malloc_current_mallinfo
 .bss           0x00000000080195bc        0x0 c:/altera/15.0/_/nios2eds/bin/gnu/h-x86_64-mingw32/bin/../lib/gcc/nios2-elf/4.9.1/../../../../../H-x86_64-mingw32/nios2-elf/lib\libc.a(lib_a-printf.o)
 .bss           0x00000000080195bc        0x0 c:/altera/15.0/_/nios2eds/bin/gnu/h-x86_64-mingw32/bin/../lib/gcc/nios2-elf/4.9.1/../../../../../H-x86_64-mingw32/nios2-elf/lib\libc.a(lib_a-putchar.o)
 .bss           0x00000000080195bc        0x0 c:/altera/15.0/_/nios2eds/bin/gnu/h-x86_64-mingw32/bin/../lib/gcc/nios2-elf/4.9.1/../../../../../H-x86_64-mingw32/nios2-elf/lib\libc.a(lib_a-sbrkr.o)
 .bss           0x00000000080195bc        0x0 c:/altera/15.0/_/nios2eds/bin/gnu/h-x86_64-mingw32/bin/../lib/gcc/nios2-elf/4.9.1/../../../../../H-x86_64-mingw32/nios2-elf/lib\libc.a(lib_a-snprintf.o)
 .bss           0x00000000080195bc        0x0 c:/altera/15.0/_/nios2eds/bin/gnu/h-x86_64-mingw32/bin/../lib/gcc/nios2-elf/4.9.1/../../../../../H-x86_64-mingw32/nios2-elf/lib\libc.a(lib_a-strcat.o)
 .bss           0x00000000080195bc        0x0 c:/altera/15.0/_/nios2eds/bin/gnu/h-x86_64-mingw32/bin/../lib/gcc/nios2-elf/4.9.1/../../../../../H-x86_64-mingw32/nios2-elf/lib\libc.a(lib_a-strcmp.o)
 .bss           0x00000000080195bc        0x0 c:/altera/15.0/_/nios2eds/bin/gnu/h-x86_64-mingw32/bin/../lib/gcc/nios2-elf/4.9.1/../../../../../H-x86_64-mingw32/nios2-elf/lib\libc.a(lib_a-strcpy.o)
 .bss           0x00000000080195bc        0x0 c:/altera/15.0/_/nios2eds/bin/gnu/h-x86_64-mingw32/bin/../lib/gcc/nios2-elf/4.9.1/../../../../../H-x86_64-mingw32/nios2-elf/lib\libc.a(lib_a-strlen.o)
 .bss           0x00000000080195bc        0x0 c:/altera/15.0/_/nios2eds/bin/gnu/h-x86_64-mingw32/bin/../lib/gcc/nios2-elf/4.9.1/../../../../../H-x86_64-mingw32/nios2-elf/lib\libc.a(lib_a-strtod.o)
 .bss           0x00000000080195bc        0x0 c:/altera/15.0/_/nios2eds/bin/gnu/h-x86_64-mingw32/bin/../lib/gcc/nios2-elf/4.9.1/../../../../../H-x86_64-mingw32/nios2-elf/lib\libc.a(lib_a-strtok.o)
 .bss           0x00000000080195bc        0x0 c:/altera/15.0/_/nios2eds/bin/gnu/h-x86_64-mingw32/bin/../lib/gcc/nios2-elf/4.9.1/../../../../../H-x86_64-mingw32/nios2-elf/lib\libc.a(lib_a-strtok_r.o)
 .bss           0x00000000080195bc        0x0 c:/altera/15.0/_/nios2eds/bin/gnu/h-x86_64-mingw32/bin/../lib/gcc/nios2-elf/4.9.1/../../../../../H-x86_64-mingw32/nios2-elf/lib\libc.a(lib_a-svfprintf.o)
 .bss           0x00000000080195bc        0x0 c:/altera/15.0/_/nios2eds/bin/gnu/h-x86_64-mingw32/bin/../lib/gcc/nios2-elf/4.9.1/../../../../../H-x86_64-mingw32/nios2-elf/lib\libc.a(lib_a-vfprintf.o)
 .bss           0x00000000080195bc        0x0 c:/altera/15.0/_/nios2eds/bin/gnu/h-x86_64-mingw32/bin/../lib/gcc/nios2-elf/4.9.1/../../../../../H-x86_64-mingw32/nios2-elf/lib\libc.a(lib_a-wsetup.o)
 .bss           0x00000000080195bc        0x0 c:/altera/15.0/_/nios2eds/bin/gnu/h-x86_64-mingw32/bin/../lib/gcc/nios2-elf/4.9.1/../../../../../H-x86_64-mingw32/nios2-elf/lib\libc.a(lib_a-dtoa.o)
 .bss           0x00000000080195bc        0x0 c:/altera/15.0/_/nios2eds/bin/gnu/h-x86_64-mingw32/bin/../lib/gcc/nios2-elf/4.9.1/../../../../../H-x86_64-mingw32/nios2-elf/lib\libc.a(lib_a-fflush.o)
 .bss           0x00000000080195bc        0x0 c:/altera/15.0/_/nios2eds/bin/gnu/h-x86_64-mingw32/bin/../lib/gcc/nios2-elf/4.9.1/../../../../../H-x86_64-mingw32/nios2-elf/lib\libc.a(lib_a-findfp.o)
 .bss           0x00000000080195bc        0x0 c:/altera/15.0/_/nios2eds/bin/gnu/h-x86_64-mingw32/bin/../lib/gcc/nios2-elf/4.9.1/../../../../../H-x86_64-mingw32/nios2-elf/lib\libc.a(lib_a-freer.o)
 .bss           0x00000000080195bc        0x0 c:/altera/15.0/_/nios2eds/bin/gnu/h-x86_64-mingw32/bin/../lib/gcc/nios2-elf/4.9.1/../../../../../H-x86_64-mingw32/nios2-elf/lib\libc.a(lib_a-fwalk.o)
 .bss           0x00000000080195bc        0x0 c:/altera/15.0/_/nios2eds/bin/gnu/h-x86_64-mingw32/bin/../lib/gcc/nios2-elf/4.9.1/../../../../../H-x86_64-mingw32/nios2-elf/lib\libc.a(lib_a-gdtoa-gethex.o)
 .bss           0x00000000080195bc        0x0 c:/altera/15.0/_/nios2eds/bin/gnu/h-x86_64-mingw32/bin/../lib/gcc/nios2-elf/4.9.1/../../../../../H-x86_64-mingw32/nios2-elf/lib\libc.a(lib_a-gdtoa-hexnan.o)
 .bss           0x00000000080195bc        0x0 c:/altera/15.0/_/nios2eds/bin/gnu/h-x86_64-mingw32/bin/../lib/gcc/nios2-elf/4.9.1/../../../../../H-x86_64-mingw32/nios2-elf/lib\libc.a(lib_a-impure.o)
 .bss           0x00000000080195bc        0x0 c:/altera/15.0/_/nios2eds/bin/gnu/h-x86_64-mingw32/bin/../lib/gcc/nios2-elf/4.9.1/../../../../../H-x86_64-mingw32/nios2-elf/lib\libc.a(lib_a-int_errno.o)
 .bss           0x00000000080195bc        0x0 c:/altera/15.0/_/nios2eds/bin/gnu/h-x86_64-mingw32/bin/../lib/gcc/nios2-elf/4.9.1/../../../../../H-x86_64-mingw32/nios2-elf/lib\libc.a(lib_a-locale.o)
 .bss           0x00000000080195bc        0x0 c:/altera/15.0/_/nios2eds/bin/gnu/h-x86_64-mingw32/bin/../lib/gcc/nios2-elf/4.9.1/../../../../../H-x86_64-mingw32/nios2-elf/lib\libc.a(lib_a-makebuf.o)
 .bss           0x00000000080195bc        0x0 c:/altera/15.0/_/nios2eds/bin/gnu/h-x86_64-mingw32/bin/../lib/gcc/nios2-elf/4.9.1/../../../../../H-x86_64-mingw32/nios2-elf/lib\libc.a(lib_a-memchr.o)
 .bss           0x00000000080195bc        0x0 c:/altera/15.0/_/nios2eds/bin/gnu/h-x86_64-mingw32/bin/../lib/gcc/nios2-elf/4.9.1/../../../../../H-x86_64-mingw32/nios2-elf/lib\libc.a(lib_a-memcpy.o)
 .bss           0x00000000080195bc        0x0 c:/altera/15.0/_/nios2eds/bin/gnu/h-x86_64-mingw32/bin/../lib/gcc/nios2-elf/4.9.1/../../../../../H-x86_64-mingw32/nios2-elf/lib\libc.a(lib_a-memset.o)
 .bss           0x00000000080195bc        0x0 c:/altera/15.0/_/nios2eds/bin/gnu/h-x86_64-mingw32/bin/../lib/gcc/nios2-elf/4.9.1/../../../../../H-x86_64-mingw32/nios2-elf/lib\libc.a(lib_a-mprec.o)
 .bss           0x00000000080195bc        0x0 c:/altera/15.0/_/nios2eds/bin/gnu/h-x86_64-mingw32/bin/../lib/gcc/nios2-elf/4.9.1/../../../../../H-x86_64-mingw32/nios2-elf/lib\libc.a(lib_a-putc.o)
 .bss           0x00000000080195bc        0x0 c:/altera/15.0/_/nios2eds/bin/gnu/h-x86_64-mingw32/bin/../lib/gcc/nios2-elf/4.9.1/../../../../../H-x86_64-mingw32/nios2-elf/lib\libc.a(lib_a-s_fpclassify.o)
 .bss           0x00000000080195bc        0x0 c:/altera/15.0/_/nios2eds/bin/gnu/h-x86_64-mingw32/bin/../lib/gcc/nios2-elf/4.9.1/../../../../../H-x86_64-mingw32/nios2-elf/lib\libc.a(lib_a-stdio.o)
 .bss           0x00000000080195bc        0x0 c:/altera/15.0/_/nios2eds/bin/gnu/h-x86_64-mingw32/bin/../lib/gcc/nios2-elf/4.9.1/../../../../../H-x86_64-mingw32/nios2-elf/lib\libc.a(lib_a-strncmp.o)
 .bss           0x00000000080195bc        0x0 c:/altera/15.0/_/nios2eds/bin/gnu/h-x86_64-mingw32/bin/../lib/gcc/nios2-elf/4.9.1/../../../../../H-x86_64-mingw32/nios2-elf/lib\libc.a(lib_a-svfiprintf.o)
 .bss           0x00000000080195bc        0x0 c:/altera/15.0/_/nios2eds/bin/gnu/h-x86_64-mingw32/bin/../lib/gcc/nios2-elf/4.9.1/../../../../../H-x86_64-mingw32/nios2-elf/lib\libc.a(lib_a-vfiprintf.o)
 .bss           0x00000000080195bc        0x0 c:/altera/15.0/_/nios2eds/bin/gnu/h-x86_64-mingw32/bin/../lib/gcc/nios2-elf/4.9.1/../../../../../H-x86_64-mingw32/nios2-elf/lib\libc.a(lib_a-wbuf.o)
 .bss           0x00000000080195bc        0x0 c:/altera/15.0/_/nios2eds/bin/gnu/h-x86_64-mingw32/bin/../lib/gcc/nios2-elf/4.9.1/../../../../../H-x86_64-mingw32/nios2-elf/lib\libc.a(lib_a-writer.o)
 .bss           0x00000000080195bc        0x0 c:/altera/15.0/_/nios2eds/bin/gnu/h-x86_64-mingw32/bin/../lib/gcc/nios2-elf/4.9.1/../../../../../H-x86_64-mingw32/nios2-elf/lib\libc.a(closer.o)
 .bss           0x00000000080195bc        0x0 c:/altera/15.0/_/nios2eds/bin/gnu/h-x86_64-mingw32/bin/../lib/gcc/nios2-elf/4.9.1/../../../../../H-x86_64-mingw32/nios2-elf/lib\libc.a(lib_a-callocr.o)
 .bss           0x00000000080195bc        0x0 c:/altera/15.0/_/nios2eds/bin/gnu/h-x86_64-mingw32/bin/../lib/gcc/nios2-elf/4.9.1/../../../../../H-x86_64-mingw32/nios2-elf/lib\libc.a(lib_a-fclose.o)
 .bss           0x00000000080195bc        0x0 c:/altera/15.0/_/nios2eds/bin/gnu/h-x86_64-mingw32/bin/../lib/gcc/nios2-elf/4.9.1/../../../../../H-x86_64-mingw32/nios2-elf/lib\libc.a(lib_a-fputwc.o)
 .bss           0x00000000080195bc        0x0 c:/altera/15.0/_/nios2eds/bin/gnu/h-x86_64-mingw32/bin/../lib/gcc/nios2-elf/4.9.1/../../../../../H-x86_64-mingw32/nios2-elf/lib\libc.a(lib_a-fstatr.o)
 .bss           0x00000000080195bc        0x0 c:/altera/15.0/_/nios2eds/bin/gnu/h-x86_64-mingw32/bin/../lib/gcc/nios2-elf/4.9.1/../../../../../H-x86_64-mingw32/nios2-elf/lib\libc.a(lib_a-fvwrite.o)
 .bss           0x00000000080195bc        0x0 c:/altera/15.0/_/nios2eds/bin/gnu/h-x86_64-mingw32/bin/../lib/gcc/nios2-elf/4.9.1/../../../../../H-x86_64-mingw32/nios2-elf/lib\libc.a(lib_a-isattyr.o)
 .bss           0x00000000080195bc        0x0 c:/altera/15.0/_/nios2eds/bin/gnu/h-x86_64-mingw32/bin/../lib/gcc/nios2-elf/4.9.1/../../../../../H-x86_64-mingw32/nios2-elf/lib\libc.a(lib_a-lseekr.o)
 .bss           0x00000000080195bc        0x0 c:/altera/15.0/_/nios2eds/bin/gnu/h-x86_64-mingw32/bin/../lib/gcc/nios2-elf/4.9.1/../../../../../H-x86_64-mingw32/nios2-elf/lib\libc.a(lib_a-memmove.o)
 .bss           0x00000000080195bc        0x0 c:/altera/15.0/_/nios2eds/bin/gnu/h-x86_64-mingw32/bin/../lib/gcc/nios2-elf/4.9.1/../../../../../H-x86_64-mingw32/nios2-elf/lib\libc.a(lib_a-readr.o)
 .bss           0x00000000080195bc        0x0 c:/altera/15.0/_/nios2eds/bin/gnu/h-x86_64-mingw32/bin/../lib/gcc/nios2-elf/4.9.1/../../../../../H-x86_64-mingw32/nios2-elf/lib\libc.a(lib_a-reallocr.o)
 .bss           0x00000000080195bc        0x0 c:/altera/15.0/_/nios2eds/bin/gnu/h-x86_64-mingw32/bin/../lib/gcc/nios2-elf/4.9.1/../../../../../H-x86_64-mingw32/nios2-elf/lib\libc.a(lib_a-wcrtomb.o)
 .bss           0x00000000080195bc        0x0 c:/altera/15.0/_/nios2eds/bin/gnu/h-x86_64-mingw32/bin/../lib/gcc/nios2-elf/4.9.1/../../../../../H-x86_64-mingw32/nios2-elf/lib\libc.a(lib_a-wctomb_r.o)
 .bss           0x00000000080195bc        0x0 c:/altera/15.0/_/nios2eds/bin/gnu/h-x86_64-mingw32/bin/../lib/gcc/nios2-elf/4.9.1\libgcc.a(_fixunsdfsi.o)
 .bss           0x00000000080195bc        0x0 c:/altera/15.0/_/nios2eds/bin/gnu/h-x86_64-mingw32/bin/../lib/gcc/nios2-elf/4.9.1\libgcc.a(_udivdi3.o)
 .bss           0x00000000080195bc        0x0 c:/altera/15.0/_/nios2eds/bin/gnu/h-x86_64-mingw32/bin/../lib/gcc/nios2-elf/4.9.1\libgcc.a(_umoddi3.o)
 .bss           0x00000000080195bc        0x0 c:/altera/15.0/_/nios2eds/bin/gnu/h-x86_64-mingw32/bin/../lib/gcc/nios2-elf/4.9.1\libgcc.a(eqsf2.o)
 .bss           0x00000000080195bc        0x0 c:/altera/15.0/_/nios2eds/bin/gnu/h-x86_64-mingw32/bin/../lib/gcc/nios2-elf/4.9.1\libgcc.a(gesf2.o)
 .bss           0x00000000080195bc        0x0 c:/altera/15.0/_/nios2eds/bin/gnu/h-x86_64-mingw32/bin/../lib/gcc/nios2-elf/4.9.1\libgcc.a(lesf2.o)
 .bss           0x00000000080195bc        0x0 c:/altera/15.0/_/nios2eds/bin/gnu/h-x86_64-mingw32/bin/../lib/gcc/nios2-elf/4.9.1\libgcc.a(eqdf2.o)
 .bss           0x00000000080195bc        0x0 c:/altera/15.0/_/nios2eds/bin/gnu/h-x86_64-mingw32/bin/../lib/gcc/nios2-elf/4.9.1\libgcc.a(gedf2.o)
 .bss           0x00000000080195bc        0x0 c:/altera/15.0/_/nios2eds/bin/gnu/h-x86_64-mingw32/bin/../lib/gcc/nios2-elf/4.9.1\libgcc.a(ledf2.o)
 .bss           0x00000000080195bc        0x0 c:/altera/15.0/_/nios2eds/bin/gnu/h-x86_64-mingw32/bin/../lib/gcc/nios2-elf/4.9.1\libgcc.a(muldf3.o)
 .bss           0x00000000080195bc        0x0 c:/altera/15.0/_/nios2eds/bin/gnu/h-x86_64-mingw32/bin/../lib/gcc/nios2-elf/4.9.1\libgcc.a(floatunsidf.o)
 .bss           0x00000000080195bc        0x0 c:/altera/15.0/_/nios2eds/bin/gnu/h-x86_64-mingw32/bin/../lib/gcc/nios2-elf/4.9.1\libgcc.a(truncdfsf2.o)
 .bss           0x00000000080195bc        0x0 ../bluetooth_bsp/\libhal_bsp.a(alt_close.o)
 .bss           0x00000000080195bc        0x0 ../bluetooth_bsp/\libhal_bsp.a(alt_dev.o)
 .bss           0x00000000080195bc        0x0 ../bluetooth_bsp/\libhal_bsp.a(alt_errno.o)
 .bss           0x00000000080195bc        0x0 ../bluetooth_bsp/\libhal_bsp.a(alt_fstat.o)
 .bss           0x00000000080195bc        0x0 ../bluetooth_bsp/\libhal_bsp.a(alt_isatty.o)
 .bss           0x00000000080195bc        0x0 ../bluetooth_bsp/\libhal_bsp.a(alt_load.o)
 .bss           0x00000000080195bc        0x0 ../bluetooth_bsp/\libhal_bsp.a(alt_lseek.o)
 .bss           0x00000000080195bc        0x0 ../bluetooth_bsp/\libhal_bsp.a(alt_main.o)
 .bss           0x00000000080195bc        0x0 ../bluetooth_bsp/\libhal_bsp.a(alt_malloc_lock.o)
 .bss           0x00000000080195bc        0x0 ../bluetooth_bsp/\libhal_bsp.a(alt_read.o)
 .bss           0x00000000080195bc        0x0 ../bluetooth_bsp/\libhal_bsp.a(alt_release_fd.o)
 .bss           0x00000000080195bc        0x0 ../bluetooth_bsp/\libhal_bsp.a(alt_sbrk.o)
 .bss           0x00000000080195bc        0x0 ../bluetooth_bsp/\libhal_bsp.a(alt_write.o)
 .bss           0x00000000080195bc        0x0 ../bluetooth_bsp/\libhal_bsp.a(alt_sys_init.o)
 .bss           0x00000000080195bc        0x0 ../bluetooth_bsp/\libhal_bsp.a(altera_avalon_jtag_uart_fd.o)
 .bss           0x00000000080195bc        0x0 ../bluetooth_bsp/\libhal_bsp.a(altera_avalon_jtag_uart_init.o)
 .bss           0x00000000080195bc        0x0 ../bluetooth_bsp/\libhal_bsp.a(altera_avalon_jtag_uart_ioctl.o)
 .bss           0x00000000080195bc        0x0 ../bluetooth_bsp/\libhal_bsp.a(altera_avalon_jtag_uart_read.o)
 .bss           0x00000000080195bc        0x0 ../bluetooth_bsp/\libhal_bsp.a(altera_avalon_jtag_uart_write.o)
 .bss           0x00000000080195bc        0x0 ../bluetooth_bsp/\libhal_bsp.a(altera_avalon_timer_sc.o)
 .bss           0x00000000080195bc        0x0 ../bluetooth_bsp/\libhal_bsp.a(altera_up_avalon_character_lcd.o)
 .bss           0x00000000080195bc        0x0 ../bluetooth_bsp/\libhal_bsp.a(alt_alarm_start.o)
 .bss           0x00000000080195bc        0x0 ../bluetooth_bsp/\libhal_bsp.a(alt_dcache_flush_all.o)
 .bss           0x00000000080195bc        0x0 ../bluetooth_bsp/\libhal_bsp.a(alt_dev_llist_insert.o)
 .bss           0x00000000080195bc        0x0 ../bluetooth_bsp/\libhal_bsp.a(alt_do_ctors.o)
 .bss           0x00000000080195bc        0x0 ../bluetooth_bsp/\libhal_bsp.a(alt_do_dtors.o)
 .bss           0x00000000080195bc        0x0 ../bluetooth_bsp/\libhal_bsp.a(alt_find_dev.o)
 .bss           0x00000000080195bc        0x0 ../bluetooth_bsp/\libhal_bsp.a(alt_icache_flush_all.o)
 .bss           0x00000000080195bc        0x0 ../bluetooth_bsp/\libhal_bsp.a(alt_iic.o)
 .bss           0x00000000080195bc        0x0 ../bluetooth_bsp/\libhal_bsp.a(alt_iic_isr_register.o)
 .bss           0x00000000080195bc        0x0 ../bluetooth_bsp/\libhal_bsp.a(alt_io_redirect.o)
 .bss           0x00000000080195bc        0x0 ../bluetooth_bsp/\libhal_bsp.a(alt_irq_entry.o)
 .bss           0x00000000080195bc        0x0 ../bluetooth_bsp/\libhal_bsp.a(alt_irq_handler.o)
 .bss           0x00000000080195bc        0x0 ../bluetooth_bsp/\libhal_bsp.a(alt_irq_vars.o)
 .bss           0x00000000080195bc        0x0 ../bluetooth_bsp/\libhal_bsp.a(alt_open.o)
 .bss           0x00000000080195bc        0x0 ../bluetooth_bsp/\libhal_bsp.a(alt_tick.o)
 .bss           0x00000000080195bc        0x0 ../bluetooth_bsp/\libhal_bsp.a(altera_nios2_qsys_irq.o)
 .bss           0x00000000080195bc        0x0 ../bluetooth_bsp/\libhal_bsp.a(alt_exception_entry.o)
 .bss           0x00000000080195bc        0x0 ../bluetooth_bsp/\libhal_bsp.a(alt_find_file.o)
 .bss           0x00000000080195bc        0x0 ../bluetooth_bsp/\libhal_bsp.a(alt_get_fd.o)
 .bss           0x00000000080195bc        0x0 ../bluetooth_bsp/\libhal_bsp.a(alt_icache_flush.o)
 .bss           0x00000000080195bc        0x0 c:/altera/15.0/_/nios2eds/bin/gnu/h-x86_64-mingw32/bin/../lib/gcc/nios2-elf/4.9.1/../../../../../H-x86_64-mingw32/nios2-elf/lib\libc.a(lib_a-atexit.o)
 .bss           0x00000000080195bc        0x0 c:/altera/15.0/_/nios2eds/bin/gnu/h-x86_64-mingw32/bin/../lib/gcc/nios2-elf/4.9.1/../../../../../H-x86_64-mingw32/nios2-elf/lib\libc.a(lib_a-exit.o)
 .bss           0x00000000080195bc        0x0 c:/altera/15.0/_/nios2eds/bin/gnu/h-x86_64-mingw32/bin/../lib/gcc/nios2-elf/4.9.1/../../../../../H-x86_64-mingw32/nios2-elf/lib\libc.a(lib_a-memcmp.o)
 .bss           0x00000000080195bc        0x0 c:/altera/15.0/_/nios2eds/bin/gnu/h-x86_64-mingw32/bin/../lib/gcc/nios2-elf/4.9.1/../../../../../H-x86_64-mingw32/nios2-elf/lib\libc.a(lib_a-__atexit.o)
 .bss           0x00000000080195bc        0x0 c:/altera/15.0/_/nios2eds/bin/gnu/h-x86_64-mingw32/bin/../lib/gcc/nios2-elf/4.9.1/../../../../../H-x86_64-mingw32/nios2-elf/lib\libc.a(lib_a-__call_atexit.o)
 .bss           0x00000000080195bc        0x0 ../bluetooth_bsp/\libhal_bsp.a(alt_exit.o)
 *(COMMON)
 COMMON         0x00000000080195bc      0x100 c:/altera/15.0/_/nios2eds/bin/gnu/h-x86_64-mingw32/bin/../lib/gcc/nios2-elf/4.9.1/../../../../../H-x86_64-mingw32/nios2-elf/lib\libc.a(lib_a-gdtoa-gethex.o)
                0x00000000080195bc                __hexdig
 COMMON         0x00000000080196bc      0x100 ../bluetooth_bsp/\libhal_bsp.a(alt_irq_handler.o)
                0x00000000080196bc                alt_irq
                0x00000000080197bc                . = ALIGN (0x4)
                0x00000000080197bc                __bss_end = ABSOLUTE (.)

.sdram          0x00000000080197bc        0x0
                0x00000000080197bc                PROVIDE (_alt_partition_sdram_start, ABSOLUTE (.))
 *(.sdram .sdram. sdram.*)
                0x00000000080197bc                . = ALIGN (0x4)
                0x00000000080197bc                PROVIDE (_alt_partition_sdram_end, ABSOLUTE (.))
                0x00000000080197bc                _end = ABSOLUTE (.)
                0x00000000080197bc                end = ABSOLUTE (.)
                0x00000000080197bc                __alt_stack_base = ABSOLUTE (.)
                0x00000000080197bc                PROVIDE (_alt_partition_sdram_load_addr, LOADADDR (.sdram))

.stab
 *(.stab)

.stabstr
 *(.stabstr)

.stab.excl
 *(.stab.excl)

.stab.exclstr
 *(.stab.exclstr)

.stab.index
 *(.stab.index)

.stab.indexstr
 *(.stab.indexstr)

.comment        0x0000000000000000       0x23
 *(.comment)
 .comment       0x0000000000000000       0x23 obj/default/hello_world.o
                                         0x24 (size before relaxing)
 .comment       0x0000000000000000       0x24 c:/altera/15.0/_/nios2eds/bin/gnu/h-x86_64-mingw32/bin/../lib/gcc/nios2-elf/4.9.1\libgcc.a(adddf3.o)
 .comment       0x0000000000000000       0x24 c:/altera/15.0/_/nios2eds/bin/gnu/h-x86_64-mingw32/bin/../lib/gcc/nios2-elf/4.9.1\libgcc.a(divdf3.o)
 .comment       0x0000000000000000       0x24 c:/altera/15.0/_/nios2eds/bin/gnu/h-x86_64-mingw32/bin/../lib/gcc/nios2-elf/4.9.1\libgcc.a(subdf3.o)
 .comment       0x0000000000000000       0x24 c:/altera/15.0/_/nios2eds/bin/gnu/h-x86_64-mingw32/bin/../lib/gcc/nios2-elf/4.9.1\libgcc.a(fixdfsi.o)
 .comment       0x0000000000000000       0x24 c:/altera/15.0/_/nios2eds/bin/gnu/h-x86_64-mingw32/bin/../lib/gcc/nios2-elf/4.9.1\libgcc.a(floatsidf.o)
 .comment       0x0000000000000000       0x24 c:/altera/15.0/_/nios2eds/bin/gnu/h-x86_64-mingw32/bin/../lib/gcc/nios2-elf/4.9.1\libgcc.a(_clzsi2.o)
 .comment       0x0000000000000000       0x24 c:/altera/15.0/_/nios2eds/bin/gnu/h-x86_64-mingw32/bin/../lib/gcc/nios2-elf/4.9.1\libgcc.a(lib2-divmod.o)
 .comment       0x0000000000000000       0x24 c:/altera/15.0/_/nios2eds/bin/gnu/h-x86_64-mingw32/bin/../lib/gcc/nios2-elf/4.9.1\libgcc.a(_clz.o)
 .comment       0x0000000000000000       0x24 c:/altera/15.0/_/nios2eds/bin/gnu/h-x86_64-mingw32/bin/../lib/gcc/nios2-elf/4.9.1/../../../../../H-x86_64-mingw32/nios2-elf/lib\libc.a(lib_a-atof.o)
 .comment       0x0000000000000000       0x24 c:/altera/15.0/_/nios2eds/bin/gnu/h-x86_64-mingw32/bin/../lib/gcc/nios2-elf/4.9.1/../../../../../H-x86_64-mingw32/nios2-elf/lib\libc.a(lib_a-malloc.o)
 .comment       0x0000000000000000       0x24 c:/altera/15.0/_/nios2eds/bin/gnu/h-x86_64-mingw32/bin/../lib/gcc/nios2-elf/4.9.1/../../../../../H-x86_64-mingw32/nios2-elf/lib\libc.a(lib_a-mallocr.o)
 .comment       0x0000000000000000       0x24 c:/altera/15.0/_/nios2eds/bin/gnu/h-x86_64-mingw32/bin/../lib/gcc/nios2-elf/4.9.1/../../../../../H-x86_64-mingw32/nios2-elf/lib\libc.a(lib_a-printf.o)
 .comment       0x0000000000000000       0x24 c:/altera/15.0/_/nios2eds/bin/gnu/h-x86_64-mingw32/bin/../lib/gcc/nios2-elf/4.9.1/../../../../../H-x86_64-mingw32/nios2-elf/lib\libc.a(lib_a-putchar.o)
 .comment       0x0000000000000000       0x24 c:/altera/15.0/_/nios2eds/bin/gnu/h-x86_64-mingw32/bin/../lib/gcc/nios2-elf/4.9.1/../../../../../H-x86_64-mingw32/nios2-elf/lib\libc.a(lib_a-sbrkr.o)
 .comment       0x0000000000000000       0x24 c:/altera/15.0/_/nios2eds/bin/gnu/h-x86_64-mingw32/bin/../lib/gcc/nios2-elf/4.9.1/../../../../../H-x86_64-mingw32/nios2-elf/lib\libc.a(lib_a-snprintf.o)
 .comment       0x0000000000000000       0x24 c:/altera/15.0/_/nios2eds/bin/gnu/h-x86_64-mingw32/bin/../lib/gcc/nios2-elf/4.9.1/../../../../../H-x86_64-mingw32/nios2-elf/lib\libc.a(lib_a-strcat.o)
 .comment       0x0000000000000000       0x24 c:/altera/15.0/_/nios2eds/bin/gnu/h-x86_64-mingw32/bin/../lib/gcc/nios2-elf/4.9.1/../../../../../H-x86_64-mingw32/nios2-elf/lib\libc.a(lib_a-strcmp.o)
 .comment       0x0000000000000000       0x24 c:/altera/15.0/_/nios2eds/bin/gnu/h-x86_64-mingw32/bin/../lib/gcc/nios2-elf/4.9.1/../../../../../H-x86_64-mingw32/nios2-elf/lib\libc.a(lib_a-strcpy.o)
 .comment       0x0000000000000000       0x24 c:/altera/15.0/_/nios2eds/bin/gnu/h-x86_64-mingw32/bin/../lib/gcc/nios2-elf/4.9.1/../../../../../H-x86_64-mingw32/nios2-elf/lib\libc.a(lib_a-strlen.o)
 .comment       0x0000000000000000       0x24 c:/altera/15.0/_/nios2eds/bin/gnu/h-x86_64-mingw32/bin/../lib/gcc/nios2-elf/4.9.1/../../../../../H-x86_64-mingw32/nios2-elf/lib\libc.a(lib_a-strtod.o)
 .comment       0x0000000000000000       0x24 c:/altera/15.0/_/nios2eds/bin/gnu/h-x86_64-mingw32/bin/../lib/gcc/nios2-elf/4.9.1/../../../../../H-x86_64-mingw32/nios2-elf/lib\libc.a(lib_a-strtok.o)
 .comment       0x0000000000000000       0x24 c:/altera/15.0/_/nios2eds/bin/gnu/h-x86_64-mingw32/bin/../lib/gcc/nios2-elf/4.9.1/../../../../../H-x86_64-mingw32/nios2-elf/lib\libc.a(lib_a-strtok_r.o)
 .comment       0x0000000000000000       0x24 c:/altera/15.0/_/nios2eds/bin/gnu/h-x86_64-mingw32/bin/../lib/gcc/nios2-elf/4.9.1/../../../../../H-x86_64-mingw32/nios2-elf/lib\libc.a(lib_a-svfprintf.o)
 .comment       0x0000000000000000       0x24 c:/altera/15.0/_/nios2eds/bin/gnu/h-x86_64-mingw32/bin/../lib/gcc/nios2-elf/4.9.1/../../../../../H-x86_64-mingw32/nios2-elf/lib\libc.a(lib_a-vfprintf.o)
 .comment       0x0000000000000000       0x24 c:/altera/15.0/_/nios2eds/bin/gnu/h-x86_64-mingw32/bin/../lib/gcc/nios2-elf/4.9.1/../../../../../H-x86_64-mingw32/nios2-elf/lib\libc.a(lib_a-wsetup.o)
 .comment       0x0000000000000000       0x24 c:/altera/15.0/_/nios2eds/bin/gnu/h-x86_64-mingw32/bin/../lib/gcc/nios2-elf/4.9.1/../../../../../H-x86_64-mingw32/nios2-elf/lib\libc.a(lib_a-dtoa.o)
 .comment       0x0000000000000000       0x24 c:/altera/15.0/_/nios2eds/bin/gnu/h-x86_64-mingw32/bin/../lib/gcc/nios2-elf/4.9.1/../../../../../H-x86_64-mingw32/nios2-elf/lib\libc.a(lib_a-fflush.o)
 .comment       0x0000000000000000       0x24 c:/altera/15.0/_/nios2eds/bin/gnu/h-x86_64-mingw32/bin/../lib/gcc/nios2-elf/4.9.1/../../../../../H-x86_64-mingw32/nios2-elf/lib\libc.a(lib_a-findfp.o)
 .comment       0x0000000000000000       0x24 c:/altera/15.0/_/nios2eds/bin/gnu/h-x86_64-mingw32/bin/../lib/gcc/nios2-elf/4.9.1/../../../../../H-x86_64-mingw32/nios2-elf/lib\libc.a(lib_a-freer.o)
 .comment       0x0000000000000000       0x24 c:/altera/15.0/_/nios2eds/bin/gnu/h-x86_64-mingw32/bin/../lib/gcc/nios2-elf/4.9.1/../../../../../H-x86_64-mingw32/nios2-elf/lib\libc.a(lib_a-fwalk.o)
 .comment       0x0000000000000000       0x24 c:/altera/15.0/_/nios2eds/bin/gnu/h-x86_64-mingw32/bin/../lib/gcc/nios2-elf/4.9.1/../../../../../H-x86_64-mingw32/nios2-elf/lib\libc.a(lib_a-gdtoa-gethex.o)