Archive member included to satisfy reference by file (symbol)

c:/altera/15.0/_/nios2eds/bin/gnu/h-x86_64-mingw32/bin/../lib/gcc/nios2-elf/4.9.1\libgcc.a(adddf3.o)
                              obj/default/NeverLostMain.o (__adddf3)
c:/altera/15.0/_/nios2eds/bin/gnu/h-x86_64-mingw32/bin/../lib/gcc/nios2-elf/4.9.1\libgcc.a(divdf3.o)
                              obj/default/NeverLostMain.o (__divdf3)
c:/altera/15.0/_/nios2eds/bin/gnu/h-x86_64-mingw32/bin/../lib/gcc/nios2-elf/4.9.1\libgcc.a(gedf2.o)
                              obj/default/NeverLostMain.o (__gtdf2)
c:/altera/15.0/_/nios2eds/bin/gnu/h-x86_64-mingw32/bin/../lib/gcc/nios2-elf/4.9.1\libgcc.a(subdf3.o)
                              obj/default/NeverLostMain.o (__subdf3)
c:/altera/15.0/_/nios2eds/bin/gnu/h-x86_64-mingw32/bin/../lib/gcc/nios2-elf/4.9.1\libgcc.a(fixdfsi.o)
                              obj/default/NeverLostMain.o (__fixdfsi)
c:/altera/15.0/_/nios2eds/bin/gnu/h-x86_64-mingw32/bin/../lib/gcc/nios2-elf/4.9.1\libgcc.a(floatsidf.o)
                              obj/default/NeverLostMain.o (__floatsidf)
c:/altera/15.0/_/nios2eds/bin/gnu/h-x86_64-mingw32/bin/../lib/gcc/nios2-elf/4.9.1\libgcc.a(_clzsi2.o)
                              c:/altera/15.0/_/nios2eds/bin/gnu/h-x86_64-mingw32/bin/../lib/gcc/nios2-elf/4.9.1\libgcc.a(adddf3.o) (__clzsi2)
c:/altera/15.0/_/nios2eds/bin/gnu/h-x86_64-mingw32/bin/../lib/gcc/nios2-elf/4.9.1\libgcc.a(lib2-divmod.o)
                              c:/altera/15.0/_/nios2eds/bin/gnu/h-x86_64-mingw32/bin/../lib/gcc/nios2-elf/4.9.1\libgcc.a(divdf3.o) (__udivsi3)
c:/altera/15.0/_/nios2eds/bin/gnu/h-x86_64-mingw32/bin/../lib/gcc/nios2-elf/4.9.1\libgcc.a(_clz.o)
                              c:/altera/15.0/_/nios2eds/bin/gnu/h-x86_64-mingw32/bin/../lib/gcc/nios2-elf/4.9.1\libgcc.a(_clzsi2.o) (__clz_tab)
c:/altera/15.0/_/nios2eds/bin/gnu/h-x86_64-mingw32/bin/../lib/gcc/nios2-elf/4.9.1/../../../../../H-x86_64-mingw32/nios2-elf/lib\libc.a(lib_a-atof.o)
                              obj/default/NeverLostMain.o (atof)
c:/altera/15.0/_/nios2eds/bin/gnu/h-x86_64-mingw32/bin/../lib/gcc/nios2-elf/4.9.1/../../../../../H-x86_64-mingw32/nios2-elf/lib\libc.a(lib_a-difftime.o)
                              obj/default/NeverLostMain.o (difftime)
c:/altera/15.0/_/nios2eds/bin/gnu/h-x86_64-mingw32/bin/../lib/gcc/nios2-elf/4.9.1/../../../../../H-x86_64-mingw32/nios2-elf/lib\libc.a(lib_a-malloc.o)
                              obj/default/NeverLostMain.o (malloc)
c:/altera/15.0/_/nios2eds/bin/gnu/h-x86_64-mingw32/bin/../lib/gcc/nios2-elf/4.9.1/../../../../../H-x86_64-mingw32/nios2-elf/lib\libc.a(lib_a-mallocr.o)
                              c:/altera/15.0/_/nios2eds/bin/gnu/h-x86_64-mingw32/bin/../lib/gcc/nios2-elf/4.9.1/../../../../../H-x86_64-mingw32/nios2-elf/lib\libc.a(lib_a-malloc.o) (_malloc_r)
c:/altera/15.0/_/nios2eds/bin/gnu/h-x86_64-mingw32/bin/../lib/gcc/nios2-elf/4.9.1/../../../../../H-x86_64-mingw32/nios2-elf/lib\libc.a(lib_a-printf.o)
                              obj/default/NeverLostMain.o (printf)
c:/altera/15.0/_/nios2eds/bin/gnu/h-x86_64-mingw32/bin/../lib/gcc/nios2-elf/4.9.1/../../../../../H-x86_64-mingw32/nios2-elf/lib\libc.a(lib_a-putchar.o)
                              obj/default/NeverLostMain.o (putchar)
c:/altera/15.0/_/nios2eds/bin/gnu/h-x86_64-mingw32/bin/../lib/gcc/nios2-elf/4.9.1/../../../../../H-x86_64-mingw32/nios2-elf/lib\libc.a(lib_a-sbrkr.o)
                              c:/altera/15.0/_/nios2eds/bin/gnu/h-x86_64-mingw32/bin/../lib/gcc/nios2-elf/4.9.1/../../../../../H-x86_64-mingw32/nios2-elf/lib\libc.a(lib_a-mallocr.o) (_sbrk_r)
c:/altera/15.0/_/nios2eds/bin/gnu/h-x86_64-mingw32/bin/../lib/gcc/nios2-elf/4.9.1/../../../../../H-x86_64-mingw32/nios2-elf/lib\libc.a(lib_a-snprintf.o)
                              obj/default/NeverLostMain.o (snprintf)
c:/altera/15.0/_/nios2eds/bin/gnu/h-x86_64-mingw32/bin/../lib/gcc/nios2-elf/4.9.1/../../../../../H-x86_64-mingw32/nios2-elf/lib\libc.a(lib_a-strcat.o)
                              obj/default/NeverLostMain.o (strcat)
c:/altera/15.0/_/nios2eds/bin/gnu/h-x86_64-mingw32/bin/../lib/gcc/nios2-elf/4.9.1/../../../../../H-x86_64-mingw32/nios2-elf/lib\libc.a(lib_a-strcmp.o)
                              obj/default/NeverLostMain.o (strcmp)
c:/altera/15.0/_/nios2eds/bin/gnu/h-x86_64-mingw32/bin/../lib/gcc/nios2-elf/4.9.1/../../../../../H-x86_64-mingw32/nios2-elf/lib\libc.a(lib_a-strcpy.o)
                              obj/default/NeverLostMain.o (strcpy)
c:/altera/15.0/_/nios2eds/bin/gnu/h-x86_64-mingw32/bin/../lib/gcc/nios2-elf/4.9.1/../../../../../H-x86_64-mingw32/nios2-elf/lib\libc.a(lib_a-strlen.o)
                              obj/default/NeverLostMain.o (strlen)
c:/altera/15.0/_/nios2eds/bin/gnu/h-x86_64-mingw32/bin/../lib/gcc/nios2-elf/4.9.1/../../../../../H-x86_64-mingw32/nios2-elf/lib\libc.a(lib_a-strtod.o)
[...]
Memory Configuration

Name             Origin             Length             Attributes
reset            0x0000000008000000 0x0000000000000020
sdram            0x0000000008000020 0x0000000003ffffe0
*default*        0x0000000000000000 0xffffffffffffffff

Linker script and memory map

LOAD ../bluetooth_bsp//obj/HAL/src/crt0.o
LOAD obj/default/NeverLostMain.o
LOAD obj/default/graphic.o
LOAD c:/altera/15.0/_/nios2eds/bin/gnu/h-x86_64-mingw32/bin/../lib/gcc/nios2-elf/4.9.1/../../../../../H-x86_64-mingw32/nios2-elf/lib\libstdc++.a
LOAD c:/altera/15.0/_/nios2eds/bin/gnu/h-x86_64-mingw32/bin/../lib/gcc/nios2-elf/4.9.1/../../../../../H-x86_64-mingw32/nios2-elf/lib\libm.a
LOAD c:/altera/15.0/_/nios2eds/bin/gnu/h-x86_64-mingw32/bin/../lib/gcc/nios2-elf/4.9.1\libgcc.a
START GROUP
LOAD c:/altera/15.0/_/nios2eds/bin/gnu/h-x86_64-mingw32/bin/../lib/gcc/nios2-elf/4.9.1/../../../../../H-x86_64-mingw32/nios2-elf/lib\libc.a
LOAD c:/altera/15.0/_/nios2eds/bin/gnu/h-x86_64-mingw32/bin/../lib/gcc/nios2-elf/4.9.1\libgcc.a
LOAD ../bluetooth_bsp/\libhal_bsp.a
LOAD c:/altera/15.0/_/nios2eds/bin/gnu/h-x86_64-mingw32/bin/../lib/gcc/nios2-elf/4.9.1/../../../../../H-x86_64-mingw32/nios2-elf/lib\libm.a
END GROUP
LOAD c:/altera/15.0/_/nios2eds/bin/gnu/h-x86_64-mingw32/bin/../lib/gcc/nios2-elf/4.9.1\libgcc.a
                0x0000000008000000                __alt_mem_sdram = 0x8000000

.entry          0x0000000008000000       0x20
 *(.entry)
 .entry         0x0000000008000000       0x20 ../bluetooth_bsp//obj/HAL/src/crt0.o
                0x0000000008000000                __reset

.exceptions     0x0000000008000020      0x19c
                0x0000000008000020                PROVIDE (__ram_exceptions_start, ABSOLUTE (.))
                0x0000000008000020                . = ALIGN (0x20)
 *(.irq)
 *(.exceptions.entry.label)
 .exceptions.entry.label
                0x0000000008000020        0x0 ../bluetooth_bsp/\libhal_bsp.a(alt_irq_entry.o)
                0x0000000008000020                alt_irq_entry
 .exceptions.entry.label
                0x0000000008000020        0x0 ../bluetooth_bsp/\libhal_bsp.a(alt_exception_entry.o)
                0x0000000008000020                alt_exception
 *(.exceptions.entry.user)
 *(.exceptions.entry.ecc_fatal)
 *(.exceptions.entry)
 .exceptions.entry
                0x0000000008000020       0x54 ../bluetooth_bsp/\libhal_bsp.a(alt_exception_entry.o)
 *(.exceptions.irqtest.user)
 *(.exceptions.irqtest)
 .exceptions.irqtest
                0x0000000008000074       0x10 ../bluetooth_bsp/\libhal_bsp.a(alt_irq_entry.o)
 *(.exceptions.irqhandler.user)
 *(.exceptions.irqhandler)
 .exceptions.irqhandler
                0x0000000008000084        0x4 ../bluetooth_bsp/\libhal_bsp.a(alt_irq_entry.o)
 *(.exceptions.irqreturn.user)
 *(.exceptions.irqreturn)
 .exceptions.irqreturn
                0x0000000008000088        0x4 ../bluetooth_bsp/\libhal_bsp.a(alt_irq_entry.o)
 *(.exceptions.notirq.label)
 .exceptions.notirq.label
                0x000000000800008c        0x0 ../bluetooth_bsp/\libhal_bsp.a(alt_irq_entry.o)
 *(.exceptions.notirq.user)
 *(.exceptions.notirq)
 .exceptions.notirq
                0x000000000800008c        0x8 ../bluetooth_bsp/\libhal_bsp.a(alt_exception_entry.o)
 *(.exceptions.soft.user)
 *(.exceptions.soft)
 *(.exceptions.unknown.user)
 *(.exceptions.unknown)
 .exceptions.unknown
                0x0000000008000094        0x4 ../bluetooth_bsp/\libhal_bsp.a(alt_exception_entry.o)
 *(.exceptions.exit.label)
 .exceptions.exit.label
                0x0000000008000098        0x0 ../bluetooth_bsp/\libhal_bsp.a(alt_irq_entry.o)
 .exceptions.exit.label
                0x0000000008000098        0x0 ../bluetooth_bsp/\libhal_bsp.a(alt_exception_entry.o)
 *(.exceptions.exit.user)
 *(.exceptions.exit)
 .exceptions.exit
                0x0000000008000098       0x54 ../bluetooth_bsp/\libhal_bsp.a(alt_exception_entry.o)
 *(.exceptions)
 .exceptions    0x00000000080000ec       0xd0 ../bluetooth_bsp/\libhal_bsp.a(alt_irq_handler.o)
                0x00000000080000ec                alt_irq_handler
                0x00000000080001bc                PROVIDE (__ram_exceptions_end, ABSOLUTE (.))
                0x0000000008000020                PROVIDE (__flash_exceptions_start, LOADADDR (.exceptions))

.text           0x00000000080001bc    0x16e3c
                0x00000000080001bc                PROVIDE (stext, ABSOLUTE (.))
 *(.interp)
 *(.hash)
 *(.dynsym)
 *(.dynstr)
 *(.gnu.version)
 *(.gnu.version_d)
 *(.gnu.version_r)
 *(.rel.init)
 *(.rela.init)
 *(.rel.text .rel.text.* .rel.gnu.linkonce.t.*)
 *(.rela.text .rela.text.* .rela.gnu.linkonce.t.*)
 *(.rel.fini)
 *(.rela.fini)
 *(.rel.rodata .rel.rodata.* .rel.gnu.linkonce.r.*)
 *(.rela.rodata .rela.rodata.* .rela.gnu.linkonce.r.*)
 *(.rel.data .rel.data.* .rel.gnu.linkonce.d.*)
 *(.rela.data .rela.data.* .rela.gnu.linkonce.d.*)
 *(.rel.tdata .rel.tdata.* .rel.gnu.linkonce.td.*)
 *(.rela.tdata .rela.tdata.* .rela.gnu.linkonce.td.*)
 *(.rel.tbss .rel.tbss.* .rel.gnu.linkonce.tb.*)
 *(.rela.tbss .rela.tbss.* .rela.gnu.linkonce.tb.*)
 *(.rel.ctors)
 *(.rela.ctors)
 *(.rel.dtors)
 *(.rela.dtors)
 *(.rel.got)
 *(.rela.got)
 *(.rel.sdata .rel.sdata.* .rel.gnu.linkonce.s.*)
 *(.rela.sdata .rela.sdata.* .rela.gnu.linkonce.s.*)
 *(.rel.sbss .rel.sbss.* .rel.gnu.linkonce.sb.*)
 *(.rela.sbss .rela.sbss.* .rela.gnu.linkonce.sb.*)
 *(.rel.sdata2 .rel.sdata2.* .rel.gnu.linkonce.s2.*)
 *(.rela.sdata2 .rela.sdata2.* .rela.gnu.linkonce.s2.*)
 *(.rel.sbss2 .rel.sbss2.* .rel.gnu.linkonce.sb2.*)
 *(.rela.sbss2 .rela.sbss2.* .rela.gnu.linkonce.sb2.*)
 *(.rel.bss .rel.bss.* .rel.gnu.linkonce.b.*)
 *(.rela.bss .rela.bss.* .rela.gnu.linkonce.b.*)
 *(.rel.plt)
 *(.rela.plt)
 *(.rel.dyn)
 *(.init)
 *(.plt)
 *(.text .stub .text.* .gnu.linkonce.t.*)
 .text          0x00000000080001bc       0x3c ../bluetooth_bsp//obj/HAL/src/crt0.o
                0x00000000080001bc                _start
 .text          0x00000000080001f8     0x1094 obj/default/NeverLostMain.o
                0x00000000080001f8                initRS232_GPS
                0x0000000008000234                getCharRS232_GPS
                0x0000000008000278                putCharRS232_GPS
                0x00000000080002c4                getGPSdata
                0x0000000008000790                concat
                0x0000000008000840                concat2
                0x00000000080008b8                initRS232_BT
                0x00000000080008f4                getCharRS232_BT
                0x0000000008000938                getCharRS232_BT_TIMED
                0x00000000080009a0                putCharRS232_BT
                0x00000000080009ec                initRS232_HR
                0x0000000008000a28                getCharRS232_HR
                0x0000000008000a6c                putCharRS232_HR
                0x0000000008000ab8                waitChar
                0x0000000008000b04                getHR
                0x0000000008000bbc                getHRData
                0x0000000008000c10                sendString
                0x0000000008000ca0                readString
                0x0000000008000d60                main
                0x0000000008000ef0                setData
                0x000000000800106c                updateData
 .text          0x000000000800128c      0xe28 obj/default/graphic.o
                0x000000000800128c                OutGraphicsCharFont1
                0x0000000008001438                OutGraphicsCharFont2a
                0x00000000080015c8                WriteAPixel
                0x0000000008001644                ReadAPixel
                0x00000000080016d4                ProgramPalette
                0x0000000008001750                DrawHline
                0x00000000080017f0                DrawHlineWeighted
                0x0000000008001864                DrawVlineWeighted
                0x00000000080018d8                DrawVline
                0x0000000008001978                Drawline
                0x0000000008001a18                DrawSolidRectangle
                0x0000000008001aa4                DrawRectangle
                0x0000000008001b48                waitFor
                0x0000000008001ba0                clearScreen
                0x0000000008001be4                write
                0x0000000008001c90                writeSmall
                0x0000000008001d3c                drawcircle
                0x0000000008001f08                drawSolidcircle
 .text          0x00000000080020b4      0x89c c:/altera/15.0/_/nios2eds/bin/gnu/h-x86_64-mingw32/bin/../lib/gcc/nios2-elf/4.9.1\libgcc.a(adddf3.o)
                0x00000000080020b4                __adddf3
 .text          0x0000000008002950      0x8cc c:/altera/15.0/_/nios2eds/bin/gnu/h-x86_64-mingw32/bin/../lib/gcc/nios2-elf/4.9.1\libgcc.a(divdf3.o)
                0x0000000008002950                __divdf3
 .text          0x000000000800321c       0xe0 c:/altera/15.0/_/nios2eds/bin/gnu/h-x86_64-mingw32/bin/../lib/gcc/nios2-elf/4.9.1\libgcc.a(gedf2.o)
                0x000000000800321c                __gedf2
                0x000000000800321c                __gtdf2
 .text          0x00000000080032fc      0x8d0 c:/altera/15.0/_/nios2eds/bin/gnu/h-x86_64-mingw32/bin/../lib/gcc/nios2-elf/4.9.1\libgcc.a(subdf3.o)
                0x00000000080032fc                __subdf3
 .text          0x0000000008003bcc       0x88 c:/altera/15.0/_/nios2eds/bin/gnu/h-x86_64-mingw32/bin/../lib/gcc/nios2-elf/4.9.1\libgcc.a(fixdfsi.o)
                0x0000000008003bcc                __fixdfsi
 .text          0x0000000008003c54       0xd0 c:/altera/15.0/_/nios2eds/bin/gnu/h-x86_64-mingw32/bin/../lib/gcc/nios2-elf/4.9.1\libgcc.a(floatsidf.o)
                0x0000000008003c54                __floatsidf
 .text          0x0000000008003d24       0x64 c:/altera/15.0/_/nios2eds/bin/gnu/h-x86_64-mingw32/bin/../lib/gcc/nios2-elf/4.9.1\libgcc.a(_clzsi2.o)
                0x0000000008003d24                __clzsi2
 .text          0x0000000008003d88      0x12c c:/altera/15.0/_/nios2eds/bin/gnu/h-x86_64-mingw32/bin/../lib/gcc/nios2-elf/4.9.1\libgcc.a(lib2-divmod.o)
                0x0000000008003df4                __divsi3
                0x0000000008003e48                __modsi3
                0x0000000008003ea4                __udivsi3
                0x0000000008003eac                __umodsi3
 .text          0x0000000008003eb4        0x0 c:/altera/15.0/_/nios2eds/bin/gnu/h-x86_64-mingw32/bin/../lib/gcc/nios2-elf/4.9.1\libgcc.a(_clz.o)
 .text          0x0000000008003eb4        0x8 c:/altera/15.0/_/nios2eds/bin/gnu/h-x86_64-mingw32/bin/../lib/gcc/nios2-elf/4.9.1/../../../../../H-x86_64-mingw32/nios2-elf/lib\libc.a(lib_a-atof.o)
                0x0000000008003eb4                atof
 .text          0x0000000008003ebc       0x1c c:/altera/15.0/_/nios2eds/bin/gnu/h-x86_64-mingw32/bin/../lib/gcc/nios2-elf/4.9.1/../../../../../H-x86_64-mingw32/nios2-elf/lib\libc.a(lib_a-difftime.o)
                0x0000000008003ebc                difftime
 .text          0x0000000008003ed8       0x28 c:/altera/15.0/_/nios2eds/bin/gnu/h-x86_64-mingw32/bin/../lib/gcc/nios2-elf/4.9.1/../../../../../H-x86_64-mingw32/nios2-elf/lib\libc.a(lib_a-malloc.o)
                0x0000000008003ed8                malloc
                0x0000000008003eec                free
 .text          0x0000000008003f00      0x7a8 c:/altera/15.0/_/nios2eds/bin/gnu/h-x86_64-mingw32/bin/../lib/gcc/nios2-elf/4.9.1/../../../../../H-x86_64-mingw32/nios2-elf/lib\libc.a(lib_a-mallocr.o)
                0x0000000008003f00                _malloc_r
 .text          0x00000000080046a8       0x68 c:/altera/15.0/_/nios2eds/bin/gnu/h-x86_64-mingw32/bin/../lib/gcc/nios2-elf/4.9.1/../../../../../H-x86_64-mingw32/nios2-elf/lib\libc.a(lib_a-printf.o)
                0x00000000080046a8                _printf_r
                0x00000000080046d4                printf
 .text          0x0000000008004710       0x20 c:/altera/15.0/_/nios2eds/bin/gnu/h-x86_64-mingw32/bin/../lib/gcc/nios2-elf/4.9.1/../../../../../H-x86_64-mingw32/nios2-elf/lib\libc.a(lib_a-putchar.o)
                0x0000000008004710                _putchar_r
                0x0000000008004718                putchar
 .text          0x0000000008004730       0x54 c:/altera/15.0/_/nios2eds/bin/gnu/h-x86_64-mingw32/bin/../lib/gcc/nios2-elf/4.9.1/../../../../../H-x86_64-mingw32/nios2-elf/lib\libc.a(lib_a-sbrkr.o)
                0x0000000008004730                _sbrk_r
 .text          0x0000000008004784      0x1bc c:/altera/15.0/_/nios2eds/bin/gnu/h-x86_64-mingw32/bin/../lib/gcc/nios2-elf/4.9.1/../../../../../H-x86_64-mingw32/nios2-elf/lib\libc.a(lib_a-snprintf.o)
                0x0000000008004784                _snprintf_r
                0x000000000800485c                snprintf
 .text          0x0000000008004940       0x88 c:/altera/15.0/_/nios2eds/bin/gnu/h-x86_64-mingw32/bin/../lib/gcc/nios2-elf/4.9.1/../../../../../H-x86_64-mingw32/nios2-elf/lib\libc.a(lib_a-strcat.o)
                0x0000000008004940                strcat
 .text          0x00000000080049c8       0xa4 c:/altera/15.0/_/nios2eds/bin/gnu/h-x86_64-mingw32/bin/../lib/gcc/nios2-elf/4.9.1/../../../../../H-x86_64-mingw32/nios2-elf/lib\libc.a(lib_a-strcmp.o)
                0x00000000080049c8                strcmp
 .text          0x0000000008004a6c       0x90 c:/altera/15.0/_/nios2eds/bin/gnu/h-x86_64-mingw32/bin/../lib/gcc/nios2-elf/4.9.1/../../../../../H-x86_64-mingw32/nios2-elf/lib\libc.a(lib_a-strcpy.o)
                0x0000000008004a6c                strcpy
 .text          0x0000000008004afc       0x98 c:/altera/15.0/_/nios2eds/bin/gnu/h-x86_64-mingw32/bin/../lib/gcc/nios2-elf/4.9.1/../../../../../H-x86_64-mingw32/nios2-elf/lib\libc.a(lib_a-strlen.o)
                0x0000000008004afc                strlen
 .text          0x0000000008004b94     0x1660 c:/altera/15.0/_/nios2eds/bin/gnu/h-x86_64-mingw32/bin/../lib/gcc/nios2-elf/4.9.1/../../../../../H-x86_64-mingw32/nios2-elf/lib\libc.a(lib_a-strtod.o)
                0x0000000008004b94                _strtod_r
                0x00000000080060d4                strtod
                0x00000000080060f0                strtof
 .text          0x00000000080061f4       0x18 c:/altera/15.0/_/nios2eds/bin/gnu/h-x86_64-mingw32/bin/../lib/gcc/nios2-elf/4.9.1/../../../../../H-x86_64-mingw32/nios2-elf/lib\libc.a(lib_a-strtok.o)
                0x00000000080061f4                strtok
 .text          0x000000000800620c       0xa0 c:/altera/15.0/_/nios2eds/bin/gnu/h-x86_64-mingw32/bin/../lib/gcc/nios2-elf/4.9.1/../../../../../H-x86_64-mingw32/nios2-elf/lib\libc.a(lib_a-strtok_r.o)
                0x000000000800620c                __strtok_r
                0x00000000080062a4                strtok_r
 .text          0x00000000080062ac     0x1f90 c:/altera/15.0/_/nios2eds/bin/gnu/h-x86_64-mingw32/bin/../lib/gcc/nios2-elf/4.9.1/../../../../../H-x86_64-mingw32/nios2-elf/lib\libc.a(lib_a-svfprintf.o)
                0x00000000080062ac                ___svfprintf_internal_r
 .text          0x000000000800823c       0x50 c:/altera/15.0/_/nios2eds/bin/gnu/h-x86_64-mingw32/bin/../lib/gcc/nios2-elf/4.9.1/../../../../../H-x86_64-mingw32/nios2-elf/lib\libc.a(lib_a-time.o)
                0x000000000800823c                time
 .text          0x000000000800828c     0x2020 c:/altera/15.0/_/nios2eds/bin/gnu/h-x86_64-mingw32/bin/../lib/gcc/nios2-elf/4.9.1/../../../../../H-x86_64-mingw32/nios2-elf/lib\libc.a(lib_a-vfprintf.o)
                0x000000000800828c                ___vfprintf_internal_r
                0x000000000800a288                __vfprintf_internal
 .text          0x000000000800a2ac      0x130 c:/altera/15.0/_/nios2eds/bin/gnu/h-x86_64-mingw32/bin/../lib/gcc/nios2-elf/4.9.1/../../../../../H-x86_64-mingw32/nios2-elf/lib\libc.a(lib_a-wsetup.o)
                0x000000000800a2ac                __swsetup_r
 .text          0x000000000800a3dc     0x1928 c:/altera/15.0/_/nios2eds/bin/gnu/h-x86_64-mingw32/bin/../lib/gcc/nios2-elf/4.9.1/../../../../../H-x86_64-mingw32/nios2-elf/lib\libc.a(lib_a-dtoa.o)
                0x000000000800a5dc                _dtoa_r
 .text          0x000000000800bd04      0x258 c:/altera/15.0/_/nios2eds/bin/gnu/h-x86_64-mingw32/bin/../lib/gcc/nios2-elf/4.9.1/../../../../../H-x86_64-mingw32/nios2-elf/lib\libc.a(lib_a-fflush.o)
                0x000000000800bd04                _fflush_r
                0x000000000800bf2c                fflush
 .text          0x000000000800bf5c      0x3a0 c:/altera/15.0/_/nios2eds/bin/gnu/h-x86_64-mingw32/bin/../lib/gcc/nios2-elf/4.9.1/../../../../../H-x86_64-mingw32/nios2-elf/lib\libc.a(lib_a-findfp.o)
                0x000000000800bf6c                _cleanup_r
                0x000000000800c118                __sfmoreglue
                0x000000000800c17c                __sfp
                0x000000000800c294                _cleanup
                0x000000000800c2ac                __sinit
                0x000000000800c2bc                __sfp_lock_acquire
                0x000000000800c2c0                __sfp_lock_release
                0x000000000800c2c4                __sinit_lock_acquire
                0x000000000800c2c8                __sinit_lock_release
                0x000000000800c2cc                __fp_lock_all
                0x000000000800c2e4                __fp_unlock_all
 .text          0x000000000800c2fc      0x414 c:/altera/15.0/_/nios2eds/bin/gnu/h-x86_64-mingw32/bin/../lib/gcc/nios2-elf/4.9.1/../../../../../H-x86_64-mingw32/nios2-elf/lib\libc.a(lib_a-freer.o)
                0x000000000800c2fc                _malloc_trim_r
                0x000000000800c420                _free_r
 .text          0x000000000800c710      0x170 c:/altera/15.0/_/nios2eds/bin/gnu/h-x86_64-mingw32/bin/../lib/gcc/nios2-elf/4.9.1/../../../../../H-x86_64-mingw32/nios2-elf/lib\libc.a(lib_a-fwalk.o)
                0x000000000800c710                _fwalk
                0x000000000800c7c8                _fwalk_reent
 .text          0x000000000800c880      0x9a0 c:/altera/15.0/_/nios2eds/bin/gnu/h-x86_64-mingw32/bin/../lib/gcc/nios2-elf/4.9.1/../../../../../H-x86_64-mingw32/nios2-elf/lib\libc.a(lib_a-gdtoa-gethex.o)
                0x000000000800c980                __hexdig_init
                0x000000000800ca04                __gethex
 .text          0x000000000800d220      0x294 c:/altera/15.0/_/nios2eds/bin/gnu/h-x86_64-mingw32/bin/../lib/gcc/nios2-elf/4.9.1/../../../../../H-x86_64-mingw32/nios2-elf/lib\libc.a(lib_a-gdtoa-hexnan.o)
                0x000000000800d220                __hexnan
 .text          0x000000000800d4b4       0x58 c:/altera/15.0/_/nios2eds/bin/gnu/h-x86_64-mingw32/bin/../lib/gcc/nios2-elf/4.9.1/../../../../../H-x86_64-mingw32/nios2-elf/lib\libc.a(lib_a-gettimeofdayr.o)
                0x000000000800d4b4                _gettimeofday_r
 .text          0x000000000800d50c        0x0 c:/altera/15.0/_/nios2eds/bin/gnu/h-x86_64-mingw32/bin/../lib/gcc/nios2-elf/4.9.1/../../../../../H-x86_64-mingw32/nios2-elf/lib\libc.a(lib_a-impure.o)
 .text          0x000000000800d50c        0x0 c:/altera/15.0/_/nios2eds/bin/gnu/h-x86_64-mingw32/bin/../lib/gcc/nios2-elf/4.9.1/../../../../../H-x86_64-mingw32/nios2-elf/lib\libc.a(lib_a-int_errno.o)
 .text          0x000000000800d50c       0xe0 c:/altera/15.0/_/nios2eds/bin/gnu/h-x86_64-mingw32/bin/../lib/gcc/nios2-elf/4.9.1/../../../../../H-x86_64-mingw32/nios2-elf/lib\libc.a(lib_a-locale.o)
                0x000000000800d50c                _setlocale_r
                0x000000000800d588                __locale_charset
                0x000000000800d594                __locale_mb_cur_max
                0x000000000800d5a4                __locale_msgcharset
                0x000000000800d5b0                __locale_cjk_lang
                0x000000000800d5b8                _localeconv_r
                0x000000000800d5c4                setlocale
                0x000000000800d5e0                localeconv
 .text          0x000000000800d5ec      0x1b8 c:/altera/15.0/_/nios2eds/bin/gnu/h-x86_64-mingw32/bin/../lib/gcc/nios2-elf/4.9.1/../../../../../H-x86_64-mingw32/nios2-elf/lib\libc.a(lib_a-makebuf.o)
                0x000000000800d5ec                __smakebuf_r
 .text          0x000000000800d7a4       0xe8 c:/altera/15.0/_/nios2eds/bin/gnu/h-x86_64-mingw32/bin/../lib/gcc/nios2-elf/4.9.1/../../../../../H-x86_64-mingw32/nios2-elf/lib\libc.a(lib_a-memchr.o)
                0x000000000800d7a4                memchr
 .text          0x000000000800d88c      0x138 c:/altera/15.0/_/nios2eds/bin/gnu/h-x86_64-mingw32/bin/../lib/gcc/nios2-elf/4.9.1/../../../../../H-x86_64-mingw32/nios2-elf/lib\libc.a(lib_a-memcpy.o)
                0x000000000800d88c                memcpy
 .text          0x000000000800d9c4      0x124 c:/altera/15.0/_/nios2eds/bin/gnu/h-x86_64-mingw32/bin/../lib/gcc/nios2-elf/4.9.1/../../../../../H-x86_64-mingw32/nios2-elf/lib\libc.a(lib_a-memset.o)
                0x000000000800d9c4                memset
 .text          0x000000000800dae8      0xf8c c:/altera/15.0/_/nios2eds/bin/gnu/h-x86_64-mingw32/bin/../lib/gcc/nios2-elf/4.9.1/../../../../../H-x86_64-mingw32/nios2-elf/lib\libc.a(lib_a-mprec.o)
                0x000000000800dae8                _Balloc
                0x000000000800db90                _Bfree
                0x000000000800dbb8                __multadd
                0x000000000800dccc                __s2b
                0x000000000800ddd0                __hi0bits
                0x000000000800de38                __lo0bits
                0x000000000800dee8                __i2b
                0x000000000800df24                __multiply
                0x000000000800e120                __pow5mult
                0x000000000800e260                __lshift
                0x000000000800e3a8                __mcmp
                0x000000000800e408                __mdiff
                0x000000000800e5a0                __ulp
                0x000000000800e600                __b2d
                0x000000000800e71c                __d2b
                0x000000000800e858                __ratio
                0x000000000800e8fc                _mprec_log10
                0x000000000800e970                __copybits
                0x000000000800e9e8                __any_on
 .text          0x000000000800ea74      0x168 c:/altera/15.0/_/nios2eds/bin/gnu/h-x86_64-mingw32/bin/../lib/gcc/nios2-elf/4.9.1/../../../../../H-x86_64-mingw32/nios2-elf/lib\libc.a(lib_a-putc.o)
                0x000000000800ea74                _putc_r
                0x000000000800eb14                putc
 .text          0x000000000800ebdc       0x74 c:/altera/15.0/_/nios2eds/bin/gnu/h-x86_64-mingw32/bin/../lib/gcc/nios2-elf/4.9.1/../../../../../H-x86_64-mingw32/nios2-elf/lib\libc.a(lib_a-s_fpclassify.o)
                0x000000000800ebdc                __fpclassifyd
 .text          0x000000000800ec50      0x13c c:/altera/15.0/_/nios2eds/bin/gnu/h-x86_64-mingw32/bin/../lib/gcc/nios2-elf/4.9.1/../../../../../H-x86_64-mingw32/nios2-elf/lib\libc.a(lib_a-stdio.o)
                0x000000000800ec50                __sread
                0x000000000800eca4                __seofread
                0x000000000800ecac                __swrite
                0x000000000800ed28                __sseek
                0x000000000800ed84                __sclose
 .text          0x000000000800ed8c       0xc0 c:/altera/15.0/_/nios2eds/bin/gnu/h-x86_64-mingw32/bin/../lib/gcc/nios2-elf/4.9.1/../../../../../H-x86_64-mingw32/nios2-elf/lib\libc.a(lib_a-strncmp.o)
                0x000000000800ed8c                strncmp
 .text          0x000000000800ee4c     0x1230 c:/altera/15.0/_/nios2eds/bin/gnu/h-x86_64-mingw32/bin/../lib/gcc/nios2-elf/4.9.1/../../../../../H-x86_64-mingw32/nios2-elf/lib\libc.a(lib_a-svfiprintf.o)
                0x000000000800ee4c                __ssprint_r
                0x000000000800f014                ___svfiprintf_internal_r
 .text          0x000000000801007c     0x1494 c:/altera/15.0/_/nios2eds/bin/gnu/h-x86_64-mingw32/bin/../lib/gcc/nios2-elf/4.9.1/../../../../../H-x86_64-mingw32/nios2-elf/lib\libc.a(lib_a-vfiprintf.o)
                0x0000000008010178                __sprint_r
                0x0000000008010190                ___vfiprintf_internal_r
                0x00000000080114ec                __vfiprintf_internal
 .text          0x0000000008011510      0x170 c:/altera/15.0/_/nios2eds/bin/gnu/h-x86_64-mingw32/bin/../lib/gcc/nios2-elf/4.9.1/../../../../../H-x86_64-mingw32/nios2-elf/lib\libc.a(lib_a-wbuf.o)
                0x0000000008011510                __swbuf_r
                0x0000000008011664                __swbuf
 .text          0x0000000008011680       0x5c c:/altera/15.0/_/nios2eds/bin/gnu/h-x86_64-mingw32/bin/../lib/gcc/nios2-elf/4.9.1/../../../../../H-x86_64-mingw32/nios2-elf/lib\libc.a(lib_a-writer.o)
                0x0000000008011680                _write_r
 .text          0x00000000080116dc       0x54 c:/altera/15.0/_/nios2eds/bin/gnu/h-x86_64-mingw32/bin/../lib/gcc/nios2-elf/4.9.1/../../../../../H-x86_64-mingw32/nios2-elf/lib\libc.a(closer.o)
                0x00000000080116dc                _close_r
 .text          0x0000000008011730       0xc4 c:/altera/15.0/_/nios2eds/bin/gnu/h-x86_64-mingw32/bin/../lib/gcc/nios2-elf/4.9.1/../../../../../H-x86_64-mingw32/nios2-elf/lib\libc.a(lib_a-callocr.o)
                0x0000000008011730                _calloc_r
 .text          0x00000000080117f4      0x114 c:/altera/15.0/_/nios2eds/bin/gnu/h-x86_64-mingw32/bin/../lib/gcc/nios2-elf/4.9.1/../../../../../H-x86_64-mingw32/nios2-elf/lib\libc.a(lib_a-fclose.o)
                0x00000000080117f4                _fclose_r
                0x00000000080118f4                fclose
 .text          0x0000000008011908      0x1dc c:/altera/15.0/_/nios2eds/bin/gnu/h-x86_64-mingw32/bin/../lib/gcc/nios2-elf/4.9.1/../../../../../H-x86_64-mingw32/nios2-elf/lib\libc.a(lib_a-fputwc.o)
                0x0000000008011908                _fputwc_r
                0x0000000008011a8c                fputwc
 .text          0x0000000008011ae4       0x58 c:/altera/15.0/_/nios2eds/bin/gnu/h-x86_64-mingw32/bin/../lib/gcc/nios2-elf/4.9.1/../../../../../H-x86_64-mingw32/nios2-elf/lib\libc.a(lib_a-fstatr.o)
                0x0000000008011ae4                _fstat_r
 .text          0x0000000008011b3c      0x4a4 c:/altera/15.0/_/nios2eds/bin/gnu/h-x86_64-mingw32/bin/../lib/gcc/nios2-elf/4.9.1/../../../../../H-x86_64-mingw32/nios2-elf/lib\libc.a(lib_a-fvwrite.o)
                0x0000000008011b3c                __sfvwrite_r
 .text          0x0000000008011fe0       0x54 c:/altera/15.0/_/nios2eds/bin/gnu/h-x86_64-mingw32/bin/../lib/gcc/nios2-elf/4.9.1/../../../../../H-x86_64-mingw32/nios2-elf/lib\libc.a(lib_a-isattyr.o)
                0x0000000008011fe0                _isatty_r
 .text          0x0000000008012034       0x5c c:/altera/15.0/_/nios2eds/bin/gnu/h-x86_64-mingw32/bin/../lib/gcc/nios2-elf/4.9.1/../../../../../H-x86_64-mingw32/nios2-elf/lib\libc.a(lib_a-lseekr.o)
                0x0000000008012034                _lseek_r
 .text          0x0000000008012090      0x15c c:/altera/15.0/_/nios2eds/bin/gnu/h-x86_64-mingw32/bin/../lib/gcc/nios2-elf/4.9.1/../../../../../H-x86_64-mingw32/nios2-elf/lib\libc.a(lib_a-memmove.o)
                0x0000000008012090                memmove
 .text          0x00000000080121ec       0x5c c:/altera/15.0/_/nios2eds/bin/gnu/h-x86_64-mingw32/bin/../lib/gcc/nios2-elf/4.9.1/../../../../../H-x86_64-mingw32/nios2-elf/lib\libc.a(lib_a-readr.o)
                0x00000000080121ec                _read_r
 .text          0x0000000008012248      0x5a0 c:/altera/15.0/_/nios2eds/bin/gnu/h-x86_64-mingw32/bin/../lib/gcc/nios2-elf/4.9.1/../../../../../H-x86_64-mingw32/nios2-elf/lib\libc.a(lib_a-reallocr.o)
                0x0000000008012248                _realloc_r
 .text          0x00000000080127e8      0x174 c:/altera/15.0/_/nios2eds/bin/gnu/h-x86_64-mingw32/bin/../lib/gcc/nios2-elf/4.9.1/../../../../../H-x86_64-mingw32/nios2-elf/lib\libc.a(lib_a-wcrtomb.o)
                0x00000000080127e8                _wcrtomb_r
                0x0000000008012884                wcrtomb
 .text          0x000000000801295c       0x8c c:/altera/15.0/_/nios2eds/bin/gnu/h-x86_64-mingw32/bin/../lib/gcc/nios2-elf/4.9.1/../../../../../H-x86_64-mingw32/nios2-elf/lib\libc.a(lib_a-wctomb_r.o)
                0x000000000801295c                __ascii_wctomb
                0x000000000801298c                _wctomb_r
 .text          0x00000000080129e8       0x74 c:/altera/15.0/_/nios2eds/bin/gnu/h-x86_64-mingw32/bin/../lib/gcc/nios2-elf/4.9.1\libgcc.a(_fixunsdfsi.o)
                0x00000000080129e8                __fixunsdfsi
 .text          0x0000000008012a5c      0x5c0 c:/altera/15.0/_/nios2eds/bin/gnu/h-x86_64-mingw32/bin/../lib/gcc/nios2-elf/4.9.1\libgcc.a(_udivdi3.o)
                0x0000000008012a5c                __udivdi3
 .text          0x000000000801301c      0x590 c:/altera/15.0/_/nios2eds/bin/gnu/h-x86_64-mingw32/bin/../lib/gcc/nios2-elf/4.9.1\libgcc.a(_umoddi3.o)
                0x000000000801301c                __umoddi3
 .text          0x00000000080135ac       0x74 c:/altera/15.0/_/nios2eds/bin/gnu/h-x86_64-mingw32/bin/../lib/gcc/nios2-elf/4.9.1\libgcc.a(eqsf2.o)
                0x00000000080135ac                __eqsf2
                0x00000000080135ac                __nesf2
 .text          0x0000000008013620       0xb8 c:/altera/15.0/_/nios2eds/bin/gnu/h-x86_64-mingw32/bin/../lib/gcc/nios2-elf/4.9.1\libgcc.a(gesf2.o)
                0x0000000008013620                __gesf2
                0x0000000008013620                __gtsf2
 .text          0x00000000080136d8       0xb8 c:/altera/15.0/_/nios2eds/bin/gnu/h-x86_64-mingw32/bin/../lib/gcc/nios2-elf/4.9.1\libgcc.a(lesf2.o)
                0x00000000080136d8                __ltsf2
                0x00000000080136d8                __lesf2
 .text          0x0000000008013790       0x84 c:/altera/15.0/_/nios2eds/bin/gnu/h-x86_64-mingw32/bin/../lib/gcc/nios2-elf/4.9.1\libgcc.a(eqdf2.o)
                0x0000000008013790                __nedf2
                0x0000000008013790                __eqdf2
 .text          0x0000000008013814       0xe0 c:/altera/15.0/_/nios2eds/bin/gnu/h-x86_64-mingw32/bin/../lib/gcc/nios2-elf/4.9.1\libgcc.a(ledf2.o)
                0x0000000008013814                __ledf2
                0x0000000008013814                __ltdf2
 .text          0x00000000080138f4      0x724 c:/altera/15.0/_/nios2eds/bin/gnu/h-x86_64-mingw32/bin/../lib/gcc/nios2-elf/4.9.1\libgcc.a(muldf3.o)
                0x00000000080138f4                __muldf3
 .text          0x0000000008014018       0xa4 c:/altera/15.0/_/nios2eds/bin/gnu/h-x86_64-mingw32/bin/../lib/gcc/nios2-elf/4.9.1\libgcc.a(floatunsidf.o)
                0x0000000008014018                __floatunsidf
 .text          0x00000000080140bc      0x198 c:/altera/15.0/_/nios2eds/bin/gnu/h-x86_64-mingw32/bin/../lib/gcc/nios2-elf/4.9.1\libgcc.a(truncdfsf2.o)
                0x00000000080140bc                __truncdfsf2
 .text          0x0000000008014254      0x120 ../bluetooth_bsp/\libhal_bsp.a(alt_close.o)
                0x00000000080142a4                close
 .text          0x0000000008014374       0x2c ../bluetooth_bsp/\libhal_bsp.a(alt_dev.o)
 .text          0x00000000080143a0        0x0 ../bluetooth_bsp/\libhal_bsp.a(alt_errno.o)
 .text          0x00000000080143a0      0x100 ../bluetooth_bsp/\libhal_bsp.a(alt_fstat.o)
                0x00000000080143f0                fstat
 .text          0x00000000080144a0      0x1f4 ../bluetooth_bsp/\libhal_bsp.a(alt_gettod.o)
                0x00000000080144a0                gettimeofday
 .text          0x0000000008014694       0xf4 ../bluetooth_bsp/\libhal_bsp.a(alt_isatty.o)
                0x00000000080146e4                isatty
 .text          0x0000000008014788       0xe4 ../bluetooth_bsp/\libhal_bsp.a(alt_load.o)
                0x00000000080147ec                alt_load
 .text          0x000000000801486c      0x124 ../bluetooth_bsp/\libhal_bsp.a(alt_lseek.o)
                0x00000000080148bc                lseek
 .text          0x0000000008014990       0x78 ../bluetooth_bsp/\libhal_bsp.a(alt_main.o)
                0x0000000008014990                alt_main
 .text          0x0000000008014a08       0x40 ../bluetooth_bsp/\libhal_bsp.a(alt_malloc_lock.o)
                0x0000000008014a08                __malloc_lock
                0x0000000008014a28                __malloc_unlock
 .text          0x0000000008014a48      0x14c ../bluetooth_bsp/\libhal_bsp.a(alt_read.o)
                0x0000000008014a98                read
 .text          0x0000000008014b94       0x60 ../bluetooth_bsp/\libhal_bsp.a(alt_release_fd.o)
                0x0000000008014b94                alt_release_fd
 .text          0x0000000008014bf4       0xb0 ../bluetooth_bsp/\libhal_bsp.a(alt_sbrk.o)
                0x0000000008014bf4                sbrk
 .text          0x0000000008014ca4      0x19c ../bluetooth_bsp/\libhal_bsp.a(alt_tick.o)
                0x0000000008014ca4                alt_alarm_stop
                0x0000000008014d3c                alt_tick
 .text          0x0000000008014e40       0xdc ../bluetooth_bsp/\libhal_bsp.a(alt_sys_init.o)
                0x0000000008014e78                alt_irq_init
                0x0000000008014eac                alt_sys_init
 .text          0x0000000008014f1c      0x164 ../bluetooth_bsp/\libhal_bsp.a(altera_avalon_jtag_uart_fd.o)
                0x0000000008014f1c                altera_avalon_jtag_uart_read_fd
                0x0000000008014f7c                altera_avalon_jtag_uart_write_fd
                0x0000000008014fdc                altera_avalon_jtag_uart_close_fd
                0x000000000801502c                altera_avalon_jtag_uart_ioctl_fd
 .text          0x0000000008015080      0x3d8 ../bluetooth_bsp/\libhal_bsp.a(altera_avalon_jtag_uart_init.o)
                0x0000000008015080                altera_avalon_jtag_uart_init
                0x00000000080153f0                altera_avalon_jtag_uart_close
 .text          0x0000000008015458       0xec ../bluetooth_bsp/\libhal_bsp.a(altera_avalon_jtag_uart_ioctl.o)
                0x0000000008015458                altera_avalon_jtag_uart_ioctl
 .text          0x0000000008015544      0x20c ../bluetooth_bsp/\libhal_bsp.a(altera_avalon_jtag_uart_read.o)
                0x0000000008015544                altera_avalon_jtag_uart_read
 .text          0x0000000008015750      0x218 ../bluetooth_bsp/\libhal_bsp.a(altera_avalon_jtag_uart_write.o)
                0x0000000008015750                altera_avalon_jtag_uart_write
 .text          0x0000000008015968       0xfc ../bluetooth_bsp/\libhal_bsp.a(altera_avalon_timer_sc.o)
                0x00000000080159dc                alt_avalon_timer_sc_init
 .text          0x0000000008015a64      0x4d8 ../bluetooth_bsp/\libhal_bsp.a(altera_up_avalon_character_lcd.o)
                0x0000000008015a64                get_DDRAM_addr
                0x0000000008015ad8                alt_up_character_lcd_send_cmd
                0x0000000008015b14                alt_up_character_lcd_init
                0x0000000008015b48                alt_up_character_lcd_open_dev
                0x0000000008015b88                alt_up_character_lcd_write
                0x0000000008015c00                alt_up_character_lcd_string
                0x0000000008015c74                alt_up_character_lcd_write_fd
                0x0000000008015cc4                alt_up_character_lcd_set_cursor_pos
                0x0000000008015d38                alt_up_character_lcd_shift_cursor
                0x0000000008015dc0                alt_up_character_lcd_shift_display
                0x0000000008015e48                alt_up_character_lcd_erase_pos
                0x0000000008015ed4                alt_up_character_lcd_cursor_off
                0x0000000008015f08                alt_up_character_lcd_cursor_blink_on
 .text          0x0000000008015f3c      0x140 ../bluetooth_bsp/\libhal_bsp.a(alt_alarm_start.o)
                0x0000000008015f3c                alt_alarm_start
 .text          0x000000000801607c       0x1c ../bluetooth_bsp/\libhal_bsp.a(alt_dcache_flush_all.o)
                0x000000000801607c                alt_dcache_flush_all
 .text          0x0000000008016098       0xf4 ../bluetooth_bsp/\libhal_bsp.a(alt_dev_llist_insert.o)
                0x00000000080160e8                alt_dev_llist_insert
 .text          0x000000000801618c       0x5c ../bluetooth_bsp/\libhal_bsp.a(alt_do_ctors.o)
                0x000000000801618c                _do_ctors
 .text          0x00000000080161e8       0x5c ../bluetooth_bsp/\libhal_bsp.a(alt_do_dtors.o)
                0x00000000080161e8                _do_dtors
 .text          0x0000000008016244       0x90 ../bluetooth_bsp/\libhal_bsp.a(alt_find_dev.o)
                0x0000000008016244                alt_find_dev
 .text          0x00000000080162d4       0x30 ../bluetooth_bsp/\libhal_bsp.a(alt_icache_flush_all.o)
                0x00000000080162d4                alt_icache_flush_all
 .text          0x0000000008016304      0x1e0 ../bluetooth_bsp/\libhal_bsp.a(alt_iic.o)
                0x0000000008016304                alt_ic_isr_register
                0x0000000008016354                alt_ic_irq_enable
                0x00000000080163f4                alt_ic_irq_disable
                0x0000000008016498                alt_ic_irq_enabled
 .text          0x00000000080164e4       0xf0 ../bluetooth_bsp/\libhal_bsp.a(alt_iic_isr_register.o)
                0x00000000080164e4                alt_iic_isr_register
 .text          0x00000000080165d4      0x138 ../bluetooth_bsp/\libhal_bsp.a(alt_io_redirect.o)
                0x0000000008016694                alt_io_redirect
 .text          0x000000000801670c        0x0 ../bluetooth_bsp/\libhal_bsp.a(alt_irq_entry.o)
 .text          0x000000000801670c        0x0 ../bluetooth_bsp/\libhal_bsp.a(alt_irq_handler.o)
 .text          0x000000000801670c        0x0 ../bluetooth_bsp/\libhal_bsp.a(alt_irq_vars.o)
 .text          0x000000000801670c      0x274 ../bluetooth_bsp/\libhal_bsp.a(alt_open.o)
                0x0000000008016828                open
 .text          0x0000000008016980       0x20 ../bluetooth_bsp/\libhal_bsp.a(altera_nios2_qsys_irq.o)
                0x0000000008016980                altera_nios2_qsys_irq_init
 .text          0x00000000080169a0        0x0 ../bluetooth_bsp/\libhal_bsp.a(alt_exception_entry.o)
 .text          0x00000000080169a0      0x114 ../bluetooth_bsp/\libhal_bsp.a(alt_find_file.o)
                0x00000000080169a0                alt_find_file
 .text          0x0000000008016ab4       0xb4 ../bluetooth_bsp/\libhal_bsp.a(alt_get_fd.o)
                0x0000000008016ab4                alt_get_fd
 .text          0x0000000008016b68       0x8c ../bluetooth_bsp/\libhal_bsp.a(alt_icache_flush.o)
                0x0000000008016b68                alt_icache_flush
 .text          0x0000000008016bf4       0x14 c:/altera/15.0/_/nios2eds/bin/gnu/h-x86_64-mingw32/bin/../lib/gcc/nios2-elf/4.9.1/../../../../../H-x86_64-mingw32/nios2-elf/lib\libc.a(lib_a-atexit.o)
                0x0000000008016bf4                atexit
 .text          0x0000000008016c08       0x38 c:/altera/15.0/_/nios2eds/bin/gnu/h-x86_64-mingw32/bin/../lib/gcc/nios2-elf/4.9.1/../../../../../H-x86_64-mingw32/nios2-elf/lib\libc.a(lib_a-exit.o)
                0x0000000008016c08                exit
 .text          0x0000000008016c40       0x7c c:/altera/15.0/_/nios2eds/bin/gnu/h-x86_64-mingw32/bin/../lib/gcc/nios2-elf/4.9.1/../../../../../H-x86_64-mingw32/nios2-elf/lib\libc.a(lib_a-memcmp.o)
                0x0000000008016c40                memcmp
 .text          0x0000000008016cbc      0x114 c:/altera/15.0/_/nios2eds/bin/gnu/h-x86_64-mingw32/bin/../lib/gcc/nios2-elf/4.9.1/../../../../../H-x86_64-mingw32/nios2-elf/lib\libc.a(lib_a-__atexit.o)
                0x0000000008016cbc                __register_exitproc
 .text          0x0000000008016dd0      0x194 c:/altera/15.0/_/nios2eds/bin/gnu/h-x86_64-mingw32/bin/../lib/gcc/nios2-elf/4.9.1/../../../../../H-x86_64-mingw32/nios2-elf/lib\libc.a(lib_a-__call_atexit.o)
                0x0000000008016dd0                __call_exitprocs
 .text          0x0000000008016f64       0x60 c:/altera/15.0/_/nios2eds/bin/gnu/h-x86_64-mingw32/bin/../lib/gcc/nios2-elf/4.9.1\libgcc.a(_muldi3.o)
                0x0000000008016f64                __muldi3
 .text          0x0000000008016fc4       0x34 ../bluetooth_bsp/\libhal_bsp.a(alt_exit.o)
                0x0000000008016fc4                _exit
 *(.gnu.warning.*)
 *(.fini)
                0x0000000008016ff8                PROVIDE (__etext, ABSOLUTE (.))
                0x0000000008016ff8                PROVIDE (_etext, ABSOLUTE (.))
                0x0000000008016ff8                PROVIDE (etext, ABSOLUTE (.))
 *(.eh_frame_hdr)
                0x0000000008016ff8                . = ALIGN (0x4)
                0x0000000008016ff8                PROVIDE (__preinit_array_start, ABSOLUTE (.))
 *(.preinit_array)
                0x0000000008016ff8                PROVIDE (__preinit_array_end, ABSOLUTE (.))
                0x0000000008016ff8                PROVIDE (__init_array_start, ABSOLUTE (.))
 *(.init_array)
                0x0000000008016ff8                PROVIDE (__init_array_end, ABSOLUTE (.))
                0x0000000008016ff8                PROVIDE (__fini_array_start, ABSOLUTE (.))
 *(.fini_array)
                0x0000000008016ff8                PROVIDE (__fini_array_end, ABSOLUTE (.))
 *(.eh_frame)
 *(.gcc_except_table .gcc_except_table.*)
 *(.dynamic)
                0x0000000008016ff8                PROVIDE (__CTOR_LIST__, ABSOLUTE (.))
 *(.ctors)
 *(SORT(.ctors.*))
                0x0000000008016ff8                PROVIDE (__CTOR_END__, ABSOLUTE (.))
                0x0000000008016ff8                PROVIDE (__DTOR_LIST__, ABSOLUTE (.))
 *(.dtors)
 *(SORT(.dtors.*))
                0x0000000008016ff8                PROVIDE (__DTOR_END__, ABSOLUTE (.))
 *(.jcr)
                0x0000000008016ff8                . = ALIGN (0x4)

.rodata         0x0000000008016ff8     0xaa30
                0x0000000008016ff8                PROVIDE (__ram_rodata_start, ABSOLUTE (.))
                0x0000000008016ff8                . = ALIGN (0x4)
 *(.rodata .rodata.* .gnu.linkonce.r.*)
 .rodata        0x0000000008016ff8      0x164 obj/default/NeverLostMain.o
 .rodata        0x000000000801715c     0xa524 obj/default/graphic.o
                0x000000000801715c                Font5x7
                0x00000000080173f6                Font10x14
                0x0000000008017e5a                Font16x27
                0x0000000008019264                Font22x40
                0x000000000801beec                Font38x59
 .rodata        0x0000000008021680      0x100 c:/altera/15.0/_/nios2eds/bin/gnu/h-x86_64-mingw32/bin/../lib/gcc/nios2-elf/4.9.1\libgcc.a(_clz.o)
                0x0000000008021680                __clz_tab
 .rodata.str1.4
                0x0000000008021780        0xf c:/altera/15.0/_/nios2eds/bin/gnu/h-x86_64-mingw32/bin/../lib/gcc/nios2-elf/4.9.1/../../../../../H-x86_64-mingw32/nios2-elf/lib\libc.a(lib_a-strtod.o)
                                         0x10 (size before relaxing)
 *fill*         0x000000000802178f        0x1 
 .rodata        0x0000000008021790       0x28 c:/altera/15.0/_/nios2eds/bin/gnu/h-x86_64-mingw32/bin/../lib/gcc/nios2-elf/4.9.1/../../../../../H-x86_64-mingw32/nios2-elf/lib\libc.a(lib_a-strtod.o)
 .rodata.str1.4
                0x00000000080217b8       0x42 c:/altera/15.0/_/nios2eds/bin/gnu/h-x86_64-mingw32/bin/../lib/gcc/nios2-elf/4.9.1/../../../../../H-x86_64-mingw32/nios2-elf/lib\libc.a(lib_a-svfprintf.o)
                                         0x44 (size before relaxing)
 .rodata        0x00000000080217fa       0x20 c:/altera/15.0/_/nios2eds/bin/gnu/h-x86_64-mingw32/bin/../lib/gcc/nios2-elf/4.9.1/../../../../../H-x86_64-mingw32/nios2-elf/lib\libc.a(lib_a-svfprintf.o)
 .rodata.str1.4
                0x0000000000000000       0x44 c:/altera/15.0/_/nios2eds/bin/gnu/h-x86_64-mingw32/bin/../lib/gcc/nios2-elf/4.9.1/../../../../../H-x86_64-mingw32/nios2-elf/lib\libc.a(lib_a-vfprintf.o)
 .rodata        0x000000000802181a       0x20 c:/altera/15.0/_/nios2eds/bin/gnu/h-x86_64-mingw32/bin/../lib/gcc/nios2-elf/4.9.1/../../../../../H-x86_64-mingw32/nios2-elf/lib\libc.a(lib_a-vfprintf.o)
 *fill*         0x000000000802183a        0x2 
 .rodata.str1.4
                0x000000000802183c       0x10 c:/altera/15.0/_/nios2eds/bin/gnu/h-x86_64-mingw32/bin/../lib/gcc/nios2-elf/4.9.1/../../../../../H-x86_64-mingw32/nios2-elf/lib\libc.a(lib_a-dtoa.o)
                                         0x14 (size before relaxing)
 .rodata.str1.4
                0x000000000802184c       0x1b c:/altera/15.0/_/nios2eds/bin/gnu/h-x86_64-mingw32/bin/../lib/gcc/nios2-elf/4.9.1/../../../../../H-x86_64-mingw32/nios2-elf/lib\libc.a(lib_a-gdtoa-gethex.o)
                                         0x1c (size before relaxing)
 *fill*         0x0000000008021867        0x1 
 .rodata.str1.4
                0x0000000008021868        0x2 c:/altera/15.0/_/nios2eds/bin/gnu/h-x86_64-mingw32/bin/../lib/gcc/nios2-elf/4.9.1/../../../../../H-x86_64-mingw32/nios2-elf/lib\libc.a(lib_a-impure.o)
                                          0x4 (size before relaxing)
 *fill*         0x000000000802186a        0x2 
 .rodata.str1.4
                0x000000000802186c        0xc c:/altera/15.0/_/nios2eds/bin/gnu/h-x86_64-mingw32/bin/../lib/gcc/nios2-elf/4.9.1/../../../../../H-x86_64-mingw32/nios2-elf/lib\libc.a(lib_a-locale.o)
                                         0x14 (size before relaxing)
 .rodata        0x0000000008021878      0x124 c:/altera/15.0/_/nios2eds/bin/gnu/h-x86_64-mingw32/bin/../lib/gcc/nios2-elf/4.9.1/../../../../../H-x86_64-mingw32/nios2-elf/lib\libc.a(lib_a-mprec.o)
                0x0000000008021884                __mprec_tinytens
                0x00000000080218ac                __mprec_bigtens
                0x00000000080218d4                __mprec_tens
 .rodata.str1.4
                0x0000000000000000       0x30 c:/altera/15.0/_/nios2eds/bin/gnu/h-x86_64-mingw32/bin/../lib/gcc/nios2-elf/4.9.1/../../../../../H-x86_64-mingw32/nios2-elf/lib\libc.a(lib_a-svfiprintf.o)
 .rodata        0x000000000802199c       0x20 c:/altera/15.0/_/nios2eds/bin/gnu/h-x86_64-mingw32/bin/../lib/gcc/nios2-elf/4.9.1/../../../../../H-x86_64-mingw32/nios2-elf/lib\libc.a(lib_a-svfiprintf.o)
 .rodata.str1.4
                0x0000000000000000       0x30 c:/altera/15.0/_/nios2eds/bin/gnu/h-x86_64-mingw32/bin/../lib/gcc/nios2-elf/4.9.1/../../../../../H-x86_64-mingw32/nios2-elf/lib\libc.a(lib_a-vfiprintf.o)
 .rodata        0x00000000080219bc       0x20 c:/altera/15.0/_/nios2eds/bin/gnu/h-x86_64-mingw32/bin/../lib/gcc/nios2-elf/4.9.1/../../../../../H-x86_64-mingw32/nios2-elf/lib\libc.a(lib_a-vfiprintf.o)
 .rodata        0x00000000080219dc        0xc ../bluetooth_bsp/\libhal_bsp.a(alt_dev.o)
 .rodata        0x00000000080219e8       0x14 ../bluetooth_bsp/\libhal_bsp.a(alt_main.o)
 .rodata        0x00000000080219fc       0x2c ../bluetooth_bsp/\libhal_bsp.a(alt_sys_init.o)
 *(.rodata1)
                0x0000000008021a28                . = ALIGN (0x4)
                0x0000000008021a28                PROVIDE (__ram_rodata_end, ABSOLUTE (.))
                0x0000000008016ff8                PROVIDE (__flash_rodata_start, LOADADDR (.rodata))

.rwdata         0x0000000008021a28     0x1b40 load address 0x0000000008023568
                0x0000000008021a28                PROVIDE (__ram_rwdata_start, ABSOLUTE (.))
                0x0000000008021a28                . = ALIGN (0x4)
 *(.got.plt)
 *(.got)
 *(.data1)
 *(.data .data.* .gnu.linkonce.d.*)
 .data          0x0000000008021a28        0x0 ../bluetooth_bsp//obj/HAL/src/crt0.o
 .data          0x0000000008021a28        0x0 obj/default/NeverLostMain.o
 .data          0x0000000008021a28        0x0 obj/default/graphic.o
 .data          0x0000000008021a28        0x0 c:/altera/15.0/_/nios2eds/bin/gnu/h-x86_64-mingw32/bin/../lib/gcc/nios2-elf/4.9.1\libgcc.a(adddf3.o)
 .data          0x0000000008021a28        0x0 c:/altera/15.0/_/nios2eds/bin/gnu/h-x86_64-mingw32/bin/../lib/gcc/nios2-elf/4.9.1\libgcc.a(divdf3.o)
 .data          0x0000000008021a28        0x0 c:/altera/15.0/_/nios2eds/bin/gnu/h-x86_64-mingw32/bin/../lib/gcc/nios2-elf/4.9.1\libgcc.a(gedf2.o)
 .data          0x0000000008021a28        0x0 c:/altera/15.0/_/nios2eds/bin/gnu/h-x86_64-mingw32/bin/../lib/gcc/nios2-elf/4.9.1\libgcc.a(subdf3.o)
 .data          0x0000000008021a28        0x0 c:/altera/15.0/_/nios2eds/bin/gnu/h-x86_64-mingw32/bin/../lib/gcc/nios2-elf/4.9.1\libgcc.a(fixdfsi.o)
 .data          0x0000000008021a28        0x0 c:/altera/15.0/_/nios2eds/bin/gnu/h-x86_64-mingw32/bin/../lib/gcc/nios2-elf/4.9.1\libgcc.a(floatsidf.o)
 .data          0x0000000008021a28        0x0 c:/altera/15.0/_/nios2eds/bin/gnu/h-x86_64-mingw32/bin/../lib/gcc/nios2-elf/4.9.1\libgcc.a(_clzsi2.o)
 .data          0x0000000008021a28        0x0 c:/altera/15.0/_/nios2eds/bin/gnu/h-x86_64-mingw32/bin/../lib/gcc/nios2-elf/4.9.1\libgcc.a(lib2-divmod.o)
 .data          0x0000000008021a28        0x0 c:/altera/15.0/_/nios2eds/bin/gnu/h-x86_64-mingw32/bin/../lib/gcc/nios2-elf/4.9.1\libgcc.a(_clz.o)
 .data          0x0000000008021a28        0x0 c:/altera/15.0/_/nios2eds/bin/gnu/h-x86_64-mingw32/bin/../lib/gcc/nios2-elf/4.9.1/../../../../../H-x86_64-mingw32/nios2-elf/lib\libc.a(lib_a-atof.o)
 .data          0x0000000008021a28        0x0 c:/altera/15.0/_/nios2eds/bin/gnu/h-x86_64-mingw32/bin/../lib/gcc/nios2-elf/4.9.1/../../../../../H-x86_64-mingw32/nios2-elf/lib\libc.a(lib_a-difftime.o)
 .data          0x0000000008021a28        0x0 c:/altera/15.0/_/nios2eds/bin/gnu/h-x86_64-mingw32/bin/../lib/gcc/nios2-elf/4.9.1/../../../../../H-x86_64-mingw32/nios2-elf/lib\libc.a(lib_a-malloc.o)
 .data          0x0000000008021a28      0x408 c:/altera/15.0/_/nios2eds/bin/gnu/h-x86_64-mingw32/bin/../lib/gcc/nios2-elf/4.9.1/../../../../../H-x86_64-mingw32/nios2-elf/lib\libc.a(lib_a-mallocr.o)
                0x0000000008021a28                __malloc_av_
 .data          0x0000000008021e30        0x0 c:/altera/15.0/_/nios2eds/bin/gnu/h-x86_64-mingw32/bin/../lib/gcc/nios2-elf/4.9.1/../../../../../H-x86_64-mingw32/nios2-elf/lib\libc.a(lib_a-printf.o)
 .data          0x0000000008021e30        0x0 c:/altera/15.0/_/nios2eds/bin/gnu/h-x86_64-mingw32/bin/../lib/gcc/nios2-elf/4.9.1/../../../../../H-x86_64-mingw32/nios2-elf/lib\libc.a(lib_a-putchar.o)
 .data          0x0000000008021e30        0x0 c:/altera/15.0/_/nios2eds/bin/gnu/h-x86_64-mingw32/bin/../lib/gcc/nios2-elf/4.9.1/../../../../../H-x86_64-mingw32/nios2-elf/lib\libc.a(lib_a-sbrkr.o)
 .data          0x0000000008021e30        0x0 c:/altera/15.0/_/nios2eds/bin/gnu/h-x86_64-mingw32/bin/../lib/gcc/nios2-elf/4.9.1/../../../../../H-x86_64-mingw32/nios2-elf/lib\libc.a(lib_a-snprintf.o)
 .data          0x0000000008021e30        0x0 c:/altera/15.0/_/nios2eds/bin/gnu/h-x86_64-mingw32/bin/../lib/gcc/nios2-elf/4.9.1/../../../../../H-x86_64-mingw32/nios2-elf/lib\libc.a(lib_a-strcat.o)
 .data          0x0000000008021e30        0x0 c:/altera/15.0/_/nios2eds/bin/gnu/h-x86_64-mingw32/bin/../lib/gcc/nios2-elf/4.9.1/../../../../../H-x86_64-mingw32/nios2-elf/lib\libc.a(lib_a-strcmp.o)
 .data          0x0000000008021e30        0x0 c:/altera/15.0/_/nios2eds/bin/gnu/h-x86_64-mingw32/bin/../lib/gcc/nios2-elf/4.9.1/../../../../../H-x86_64-mingw32/nios2-elf/lib\libc.a(lib_a-strcpy.o)
 .data          0x0000000008021e30        0x0 c:/altera/15.0/_/nios2eds/bin/gnu/h-x86_64-mingw32/bin/../lib/gcc/nios2-elf/4.9.1/../../../../../H-x86_64-mingw32/nios2-elf/lib\libc.a(lib_a-strlen.o)
 .data          0x0000000008021e30       0x28 c:/altera/15.0/_/nios2eds/bin/gnu/h-x86_64-mingw32/bin/../lib/gcc/nios2-elf/4.9.1/../../../../../H-x86_64-mingw32/nios2-elf/lib\libc.a(lib_a-strtod.o)
 .data          0x0000000008021e58        0x0 c:/altera/15.0/_/nios2eds/bin/gnu/h-x86_64-mingw32/bin/../lib/gcc/nios2-elf/4.9.1/../../../../../H-x86_64-mingw32/nios2-elf/lib\libc.a(lib_a-strtok.o)
 .data          0x0000000008021e58        0x0 c:/altera/15.0/_/nios2eds/bin/gnu/h-x86_64-mingw32/bin/../lib/gcc/nios2-elf/4.9.1/../../../../../H-x86_64-mingw32/nios2-elf/lib\libc.a(lib_a-strtok_r.o)
 .data          0x0000000008021e58        0x0 c:/altera/15.0/_/nios2eds/bin/gnu/h-x86_64-mingw32/bin/../lib/gcc/nios2-elf/4.9.1/../../../../../H-x86_64-mingw32/nios2-elf/lib\libc.a(lib_a-svfprintf.o)
 .data          0x0000000008021e58        0x0 c:/altera/15.0/_/nios2eds/bin/gnu/h-x86_64-mingw32/bin/../lib/gcc/nios2-elf/4.9.1/../../../../../H-x86_64-mingw32/nios2-elf/lib\libc.a(lib_a-time.o)
 .data          0x0000000008021e58        0x0 c:/altera/15.0/_/nios2eds/bin/gnu/h-x86_64-mingw32/bin/../lib/gcc/nios2-elf/4.9.1/../../../../../H-x86_64-mingw32/nios2-elf/lib\libc.a(lib_a-vfprintf.o)
 .data          0x0000000008021e58        0x0 c:/altera/15.0/_/nios2eds/bin/gnu/h-x86_64-mingw32/bin/../lib/gcc/nios2-elf/4.9.1/../../../../../H-x86_64-mingw32/nios2-elf/lib\libc.a(lib_a-wsetup.o)
 .data          0x0000000008021e58        0x0 c:/altera/15.0/_/nios2eds/bin/gnu/h-x86_64-mingw32/bin/../lib/gcc/nios2-elf/4.9.1/../../../../../H-x86_64-mingw32/nios2-elf/lib\libc.a(lib_a-dtoa.o)
 .data          0x0000000008021e58        0x0 c:/altera/15.0/_/nios2eds/bin/gnu/h-x86_64-mingw32/bin/../lib/gcc/nios2-elf/4.9.1/../../../../../H-x86_64-mingw32/nios2-elf/lib\libc.a(lib_a-fflush.o)
 .data          0x0000000008021e58        0x0 c:/altera/15.0/_/nios2eds/bin/gnu/h-x86_64-mingw32/bin/../lib/gcc/nios2-elf/4.9.1/../../../../../H-x86_64-mingw32/nios2-elf/lib\libc.a(lib_a-findfp.o)
 .data          0x0000000008021e58        0x0 c:/altera/15.0/_/nios2eds/bin/gnu/h-x86_64-mingw32/bin/../lib/gcc/nios2-elf/4.9.1/../../../../../H-x86_64-mingw32/nios2-elf/lib\libc.a(lib_a-freer.o)
 .data          0x0000000008021e58        0x0 c:/altera/15.0/_/nios2eds/bin/gnu/h-x86_64-mingw32/bin/../lib/gcc/nios2-elf/4.9.1/../../../../../H-x86_64-mingw32/nios2-elf/lib\libc.a(lib_a-fwalk.o)
 .data          0x0000000008021e58        0x0 c:/altera/15.0/_/nios2eds/bin/gnu/h-x86_64-mingw32/bin/../lib/gcc/nios2-elf/4.9.1/../../../../../H-x86_64-mingw32/nios2-elf/lib\libc.a(lib_a-gdtoa-gethex.o)
 .data          0x0000000008021e58        0x0 c:/altera/15.0/_/nios2eds/bin/gnu/h-x86_64-mingw32/bin/../lib/gcc/nios2-elf/4.9.1/../../../../../H-x86_64-mingw32/nios2-elf/lib\libc.a(lib_a-gdtoa-hexnan.o)
 .data          0x0000000008021e58        0x0 c:/altera/15.0/_/nios2eds/bin/gnu/h-x86_64-mingw32/bin/../lib/gcc/nios2-elf/4.9.1/../../../../../H-x86_64-mingw32/nios2-elf/lib\libc.a(lib_a-gettimeofdayr.o)
 .data          0x0000000008021e58      0x424 c:/altera/15.0/_/nios2eds/bin/gnu/h-x86_64-mingw32/bin/../lib/gcc/nios2-elf/4.9.1/../../../../../H-x86_64-mingw32/nios2-elf/lib\libc.a(lib_a-impure.o)
 .data          0x000000000802227c        0x0 c:/altera/15.0/_/nios2eds/bin/gnu/h-x86_64-mingw32/bin/../lib/gcc/nios2-elf/4.9.1/../../../../../H-x86_64-mingw32/nios2-elf/lib\libc.a(lib_a-int_errno.o)
 .data          0x000000000802227c       0x78 c:/altera/15.0/_/nios2eds/bin/gnu/h-x86_64-mingw32/bin/../lib/gcc/nios2-elf/4.9.1/../../../../../H-x86_64-mingw32/nios2-elf/lib\libc.a(lib_a-locale.o)
 .data          0x00000000080222f4        0x0 c:/altera/15.0/_/nios2eds/bin/gnu/h-x86_64-mingw32/bin/../lib/gcc/nios2-elf/4.9.1/../../../../../H-x86_64-mingw32/nios2-elf/lib\libc.a(lib_a-makebuf.o)
 .data          0x00000000080222f4        0x0 c:/altera/15.0/_/nios2eds/bin/gnu/h-x86_64-mingw32/bin/../lib/gcc/nios2-elf/4.9.1/../../../../../H-x86_64-mingw32/nios2-elf/lib\libc.a(lib_a-memchr.o)
 .data          0x00000000080222f4        0x0 c:/altera/15.0/_/nios2eds/bin/gnu/h-x86_64-mingw32/bin/../lib/gcc/nios2-elf/4.9.1/../../../../../H-x86_64-mingw32/nios2-elf/lib\libc.a(lib_a-memcpy.o)
 .data          0x00000000080222f4        0x0 c:/altera/15.0/_/nios2eds/bin/gnu/h-x86_64-mingw32/bin/../lib/gcc/nios2-elf/4.9.1/../../../../../H-x86_64-mingw32/nios2-elf/lib\libc.a(lib_a-memset.o)
 .data          0x00000000080222f4        0x0 c:/altera/15.0/_/nios2eds/bin/gnu/h-x86_64-mingw32/bin/../lib/gcc/nios2-elf/4.9.1/../../../../../H-x86_64-mingw32/nios2-elf/lib\libc.a(lib_a-mprec.o)
 .data          0x00000000080222f4        0x0 c:/altera/15.0/_/nios2eds/bin/gnu/h-x86_64-mingw32/bin/../lib/gcc/nios2-elf/4.9.1/../../../../../H-x86_64-mingw32/nios2-elf/lib\libc.a(lib_a-putc.o)
 .data          0x00000000080222f4        0x0 c:/altera/15.0/_/nios2eds/bin/gnu/h-x86_64-mingw32/bin/../lib/gcc/nios2-elf/4.9.1/../../../../../H-x86_64-mingw32/nios2-elf/lib\libc.a(lib_a-s_fpclassify.o)
 .data          0x00000000080222f4        0x0 c:/altera/15.0/_/nios2eds/bin/gnu/h-x86_64-mingw32/bin/../lib/gcc/nios2-elf/4.9.1/../../../../../H-x86_64-mingw32/nios2-elf/lib\libc.a(lib_a-stdio.o)
 .data          0x00000000080222f4        0x0 c:/altera/15.0/_/nios2eds/bin/gnu/h-x86_64-mingw32/bin/../lib/gcc/nios2-elf/4.9.1/../../../../../H-x86_64-mingw32/nios2-elf/lib\libc.a(lib_a-strncmp.o)
 .data          0x00000000080222f4        0x0 c:/altera/15.0/_/nios2eds/bin/gnu/h-x86_64-mingw32/bin/../lib/gcc/nios2-elf/4.9.1/../../../../../H-x86_64-mingw32/nios2-elf/lib\libc.a(lib_a-svfiprintf.o)
 .data          0x00000000080222f4        0x0 c:/altera/15.0/_/nios2eds/bin/gnu/h-x86_64-mingw32/bin/../lib/gcc/nios2-elf/4.9.1/../../../../../H-x86_64-mingw32/nios2-elf/lib\libc.a(lib_a-vfiprintf.o)
 .data          0x00000000080222f4        0x0 c:/altera/15.0/_/nios2eds/bin/gnu/h-x86_64-mingw32/bin/../lib/gcc/nios2-elf/4.9.1/../../../../../H-x86_64-mingw32/nios2-elf/lib\libc.a(lib_a-wbuf.o)
 .data          0x00000000080222f4        0x0 c:/altera/15.0/_/nios2eds/bin/gnu/h-x86_64-mingw32/bin/../lib/gcc/nios2-elf/4.9.1/../../../../../H-x86_64-mingw32/nios2-elf/lib\libc.a(lib_a-writer.o)
 .data          0x00000000080222f4        0x0 c:/altera/15.0/_/nios2eds/bin/gnu/h-x86_64-mingw32/bin/../lib/gcc/nios2-elf/4.9.1/../../../../../H-x86_64-mingw32/nios2-elf/lib\libc.a(closer.o)
 .data          0x00000000080222f4        0x0 c:/altera/15.0/_/nios2eds/bin/gnu/h-x86_64-mingw32/bin/../lib/gcc/nios2-elf/4.9.1/../../../../../H-x86_64-mingw32/nios2-elf/lib\libc.a(lib_a-callocr.o)
 .data          0x00000000080222f4        0x0 c:/altera/15.0/_/nios2eds/bin/gnu/h-x86_64-mingw32/bin/../lib/gcc/nios2-elf/4.9.1/../../../../../H-x86_64-mingw32/nios2-elf/lib\libc.a(lib_a-fclose.o)
 .data          0x00000000080222f4        0x0 c:/altera/15.0/_/nios2eds/bin/gnu/h-x86_64-mingw32/bin/../lib/gcc/nios2-elf/4.9.1/../../../../../H-x86_64-mingw32/nios2-elf/lib\libc.a(lib_a-fputwc.o)
 .data          0x00000000080222f4        0x0 c:/altera/15.0/_/nios2eds/bin/gnu/h-x86_64-mingw32/bin/../lib/gcc/nios2-elf/4.9.1/../../../../../H-x86_64-mingw32/nios2-elf/lib\libc.a(lib_a-fstatr.o)
 .data          0x00000000080222f4        0x0 c:/altera/15.0/_/nios2eds/bin/gnu/h-x86_64-mingw32/bin/../lib/gcc/nios2-elf/4.9.1/../../../../../H-x86_64-mingw32/nios2-elf/lib\libc.a(lib_a-fvwrite.o)
 .data          0x00000000080222f4        0x0 c:/altera/15.0/_/nios2eds/bin/gnu/h-x86_64-mingw32/bin/../lib/gcc/nios2-elf/4.9.1/../../../../../H-x86_64-mingw32/nios2-elf/lib\libc.a(lib_a-isattyr.o)
 .data          0x00000000080222f4        0x0 c:/altera/15.0/_/nios2eds/bin/gnu/h-x86_64-mingw32/bin/../lib/gcc/nios2-elf/4.9.1/../../../../../H-x86_64-mingw32/nios2-elf/lib\libc.a(lib_a-lseekr.o)
 .data          0x00000000080222f4        0x0 c:/altera/15.0/_/nios2eds/bin/gnu/h-x86_64-mingw32/bin/../lib/gcc/nios2-elf/4.9.1/../../../../../H-x86_64-mingw32/nios2-elf/lib\libc.a(lib_a-memmove.o)
 .data          0x00000000080222f4        0x0 c:/altera/15.0/_/nios2eds/bin/gnu/h-x86_64-mingw32/bin/../lib/gcc/nios2-elf/4.9.1/../../../../../H-x86_64-mingw32/nios2-elf/lib\libc.a(lib_a-readr.o)
 .data          0x00000000080222f4        0x0 c:/altera/15.0/_/nios2eds/bin/gnu/h-x86_64-mingw32/bin/../lib/gcc/nios2-elf/4.9.1/../../../../../H-x86_64-mingw32/nios2-elf/lib\libc.a(lib_a-reallocr.o)
 .data          0x00000000080222f4        0x0 c:/altera/15.0/_/nios2eds/bin/gnu/h-x86_64-mingw32/bin/../lib/gcc/nios2-elf/4.9.1/../../../../../H-x86_64-mingw32/nios2-elf/lib\libc.a(lib_a-wcrtomb.o)
 .data          0x00000000080222f4        0x0 c:/altera/15.0/_/nios2eds/bin/gnu/h-x86_64-mingw32/bin/../lib/gcc/nios2-elf/4.9.1/../../../../../H-x86_64-mingw32/nios2-elf/lib\libc.a(lib_a-wctomb_r.o)
 .data          0x00000000080222f4        0x0 c:/altera/15.0/_/nios2eds/bin/gnu/h-x86_64-mingw32/bin/../lib/gcc/nios2-elf/4.9.1\libgcc.a(_fixunsdfsi.o)
 .data          0x00000000080222f4        0x0 c:/altera/15.0/_/nios2eds/bin/gnu/h-x86_64-mingw32/bin/../lib/gcc/nios2-elf/4.9.1\libgcc.a(_udivdi3.o)
 .data          0x00000000080222f4        0x0 c:/altera/15.0/_/nios2eds/bin/gnu/h-x86_64-mingw32/bin/../lib/gcc/nios2-elf/4.9.1\libgcc.a(_umoddi3.o)
 .data          0x00000000080222f4        0x0 c:/altera/15.0/_/nios2eds/bin/gnu/h-x86_64-mingw32/bin/../lib/gcc/nios2-elf/4.9.1\libgcc.a(eqsf2.o)
 .data          0x00000000080222f4        0x0 c:/altera/15.0/_/nios2eds/bin/gnu/h-x86_64-mingw32/bin/../lib/gcc/nios2-elf/4.9.1\libgcc.a(gesf2.o)
 .data          0x00000000080222f4        0x0 c:/altera/15.0/_/nios2eds/bin/gnu/h-x86_64-mingw32/bin/../lib/gcc/nios2-elf/4.9.1\libgcc.a(lesf2.o)
 .data          0x00000000080222f4        0x0 c:/altera/15.0/_/nios2eds/bin/gnu/h-x86_64-mingw32/bin/../lib/gcc/nios2-elf/4.9.1\libgcc.a(eqdf2.o)
 .data          0x00000000080222f4        0x0 c:/altera/15.0/_/nios2eds/bin/gnu/h-x86_64-mingw32/bin/../lib/gcc/nios2-elf/4.9.1\libgcc.a(ledf2.o)
 .data          0x00000000080222f4        0x0 c:/altera/15.0/_/nios2eds/bin/gnu/h-x86_64-mingw32/bin/../lib/gcc/nios2-elf/4.9.1\libgcc.a(muldf3.o)
 .data          0x00000000080222f4        0x0 c:/altera/15.0/_/nios2eds/bin/gnu/h-x86_64-mingw32/bin/../lib/gcc/nios2-elf/4.9.1\libgcc.a(floatunsidf.o)
 .data          0x00000000080222f4        0x0 c:/altera/15.0/_/nios2eds/bin/gnu/h-x86_64-mingw32/bin/../lib/gcc/nios2-elf/4.9.1\libgcc.a(truncdfsf2.o)
 .data          0x00000000080222f4        0x0 ../bluetooth_bsp/\libhal_bsp.a(alt_close.o)
 .data          0x00000000080222f4      0x1a8 ../bluetooth_bsp/\libhal_bsp.a(alt_dev.o)
                0x00000000080222f4                alt_dev_null
                0x000000000802231c                alt_fd_list
 .data          0x000000000802249c        0x0 ../bluetooth_bsp/\libhal_bsp.a(alt_errno.o)
 .data          0x000000000802249c        0x0 ../bluetooth_bsp/\libhal_bsp.a(alt_fstat.o)
 .data          0x000000000802249c        0x0 ../bluetooth_bsp/\libhal_bsp.a(alt_gettod.o)
 .data          0x000000000802249c        0x0 ../bluetooth_bsp/\libhal_bsp.a(alt_isatty.o)
 .data          0x000000000802249c        0x0 ../bluetooth_bsp/\libhal_bsp.a(alt_load.o)
 .data          0x000000000802249c        0x0 ../bluetooth_bsp/\libhal_bsp.a(alt_lseek.o)
 .data          0x000000000802249c        0x0 ../bluetooth_bsp/\libhal_bsp.a(alt_main.o)
 .data          0x000000000802249c        0x0 ../bluetooth_bsp/\libhal_bsp.a(alt_malloc_lock.o)
 .data          0x000000000802249c        0x0 ../bluetooth_bsp/\libhal_bsp.a(alt_read.o)
 .data          0x000000000802249c        0x0 ../bluetooth_bsp/\libhal_bsp.a(alt_release_fd.o)
 .data          0x000000000802249c        0x0 ../bluetooth_bsp/\libhal_bsp.a(alt_sbrk.o)
 .data          0x000000000802249c        0x0 ../bluetooth_bsp/\libhal_bsp.a(alt_tick.o)
 .data          0x000000000802249c     0x108c ../bluetooth_bsp/\libhal_bsp.a(alt_sys_init.o)
 .data          0x0000000008023528        0x0 ../bluetooth_bsp/\libhal_bsp.a(altera_avalon_jtag_uart_fd.o)
 .data          0x0000000008023528        0x0 ../bluetooth_bsp/\libhal_bsp.a(altera_avalon_jtag_uart_init.o)
 .data          0x0000000008023528        0x0 ../bluetooth_bsp/\libhal_bsp.a(altera_avalon_jtag_uart_ioctl.o)
 .data          0x0000000008023528        0x0 ../bluetooth_bsp/\libhal_bsp.a(altera_avalon_jtag_uart_read.o)
 .data          0x0000000008023528        0x0 ../bluetooth_bsp/\libhal_bsp.a(altera_avalon_jtag_uart_write.o)
 .data          0x0000000008023528        0x0 ../bluetooth_bsp/\libhal_bsp.a(altera_avalon_timer_sc.o)
 .data          0x0000000008023528        0x0 ../bluetooth_bsp/\libhal_bsp.a(altera_up_avalon_character_lcd.o)
 .data          0x0000000008023528        0x0 ../bluetooth_bsp/\libhal_bsp.a(alt_alarm_start.o)
 .data          0x0000000008023528        0x0 ../bluetooth_bsp/\libhal_bsp.a(alt_dcache_flush_all.o)
 .data          0x0000000008023528        0x0 ../bluetooth_bsp/\libhal_bsp.a(alt_dev_llist_insert.o)
 .data          0x0000000008023528        0x0 ../bluetooth_bsp/\libhal_bsp.a(alt_do_ctors.o)
 .data          0x0000000008023528        0x0 ../bluetooth_bsp/\libhal_bsp.a(alt_do_dtors.o)
 .data          0x0000000008023528        0x0 ../bluetooth_bsp/\libhal_bsp.a(alt_find_dev.o)
 .data          0x0000000008023528        0x0 ../bluetooth_bsp/\libhal_bsp.a(alt_icache_flush_all.o)
 .data          0x0000000008023528        0x0 ../bluetooth_bsp/\libhal_bsp.a(alt_iic.o)
 .data          0x0000000008023528        0x0 ../bluetooth_bsp/\libhal_bsp.a(alt_iic_isr_register.o)
 .data          0x0000000008023528        0x0 ../bluetooth_bsp/\libhal_bsp.a(alt_io_redirect.o)
 .data          0x0000000008023528        0x0 ../bluetooth_bsp/\libhal_bsp.a(alt_irq_entry.o)
 .data          0x0000000008023528        0x0 ../bluetooth_bsp/\libhal_bsp.a(alt_irq_handler.o)
 .data          0x0000000008023528        0x0 ../bluetooth_bsp/\libhal_bsp.a(alt_irq_vars.o)
 .data          0x0000000008023528        0x0 ../bluetooth_bsp/\libhal_bsp.a(alt_open.o)
 .data          0x0000000008023528        0x0 ../bluetooth_bsp/\libhal_bsp.a(altera_nios2_qsys_irq.o)
 .data          0x0000000008023528        0x0 ../bluetooth_bsp/\libhal_bsp.a(alt_exception_entry.o)
 .data          0x0000000008023528        0x0 ../bluetooth_bsp/\libhal_bsp.a(alt_find_file.o)
 .data          0x0000000008023528        0x0 ../bluetooth_bsp/\libhal_bsp.a(alt_get_fd.o)
 .data          0x0000000008023528        0x0 ../bluetooth_bsp/\libhal_bsp.a(alt_icache_flush.o)
 .data          0x0000000008023528        0x0 c:/altera/15.0/_/nios2eds/bin/gnu/h-x86_64-mingw32/bin/../lib/gcc/nios2-elf/4.9.1/../../../../../H-x86_64-mingw32/nios2-elf/lib\libc.a(lib_a-atexit.o)
 .data          0x0000000008023528        0x0 c:/altera/15.0/_/nios2eds/bin/gnu/h-x86_64-mingw32/bin/../lib/gcc/nios2-elf/4.9.1/../../../../../H-x86_64-mingw32/nios2-elf/lib\libc.a(lib_a-exit.o)
 .data          0x0000000008023528        0x0 c:/altera/15.0/_/nios2eds/bin/gnu/h-x86_64-mingw32/bin/../lib/gcc/nios2-elf/4.9.1/../../../../../H-x86_64-mingw32/nios2-elf/lib\libc.a(lib_a-memcmp.o)
 .data          0x0000000008023528        0x0 c:/altera/15.0/_/nios2eds/bin/gnu/h-x86_64-mingw32/bin/../lib/gcc/nios2-elf/4.9.1/../../../../../H-x86_64-mingw32/nios2-elf/lib\libc.a(lib_a-__atexit.o)
 .data          0x0000000008023528        0x0 c:/altera/15.0/_/nios2eds/bin/gnu/h-x86_64-mingw32/bin/../lib/gcc/nios2-elf/4.9.1/../../../../../H-x86_64-mingw32/nios2-elf/lib\libc.a(lib_a-__call_atexit.o)
 .data          0x0000000008023528        0x0 c:/altera/15.0/_/nios2eds/bin/gnu/h-x86_64-mingw32/bin/../lib/gcc/nios2-elf/4.9.1\libgcc.a(_muldi3.o)
 .data          0x0000000008023528        0x0 ../bluetooth_bsp/\libhal_bsp.a(alt_exit.o)
                0x000000000802b528                _gp = ABSOLUTE ((. + 0x8000))
                0x000000000802b528                PROVIDE (gp, _gp)
 *(.rwdata .rwdata.*)
 *(.sdata .sdata.* .gnu.linkonce.s.*)
 .sdata         0x0000000008023528        0x8 c:/altera/15.0/_/nios2eds/bin/gnu/h-x86_64-mingw32/bin/../lib/gcc/nios2-elf/4.9.1/../../../../../H-x86_64-mingw32/nios2-elf/lib\libc.a(lib_a-mallocr.o)
                0x0000000008023528                __malloc_sbrk_base
                0x000000000802352c                __malloc_trim_threshold
 .sdata         0x0000000008023530        0x8 c:/altera/15.0/_/nios2eds/bin/gnu/h-x86_64-mingw32/bin/../lib/gcc/nios2-elf/4.9.1/../../../../../H-x86_64-mingw32/nios2-elf/lib\libc.a(lib_a-impure.o)
                0x0000000008023530                _global_impure_ptr
                0x0000000008023534                _impure_ptr
 .sdata         0x0000000008023538        0x4 c:/altera/15.0/_/nios2eds/bin/gnu/h-x86_64-mingw32/bin/../lib/gcc/nios2-elf/4.9.1/../../../../../H-x86_64-mingw32/nios2-elf/lib\libc.a(lib_a-locale.o)
                0x0000000008023538                __mb_cur_max
 .sdata         0x000000000802353c        0x4 c:/altera/15.0/_/nios2eds/bin/gnu/h-x86_64-mingw32/bin/../lib/gcc/nios2-elf/4.9.1/../../../../../H-x86_64-mingw32/nios2-elf/lib\libc.a(lib_a-wctomb_r.o)
                0x000000000802353c                __wctomb
 .sdata         0x0000000008023540       0x14 ../bluetooth_bsp/\libhal_bsp.a(alt_dev.o)
                0x0000000008023540                alt_fs_list
                0x0000000008023548                alt_dev_list
                0x0000000008023550                alt_max_fd
 .sdata         0x0000000008023554        0x4 ../bluetooth_bsp/\libhal_bsp.a(alt_errno.o)
                0x0000000008023554                alt_errno
 .sdata         0x0000000008023558        0x4 ../bluetooth_bsp/\libhal_bsp.a(alt_sbrk.o)
 .sdata         0x000000000802355c        0x8 ../bluetooth_bsp/\libhal_bsp.a(alt_tick.o)
                0x000000000802355c                alt_alarm_list
 .sdata         0x0000000008023564        0x4 ../bluetooth_bsp/\libhal_bsp.a(alt_irq_vars.o)
                0x0000000008023564                alt_priority_mask
 *(.sdata2 .sdata2.* .gnu.linkonce.s2.*)
                0x0000000008023568                . = ALIGN (0x4)
                0x0000000008023568                _edata = ABSOLUTE (.)
                0x0000000008023568                PROVIDE (edata, ABSOLUTE (.))
                0x0000000008023568                PROVIDE (__ram_rwdata_end, ABSOLUTE (.))
                0x0000000008023568                PROVIDE (__flash_rwdata_start, LOADADDR (.rwdata))

.bss            0x00000000080250a8      0x278
                0x00000000080250a8                __bss_start = ABSOLUTE (.)
                0x00000000080250a8                PROVIDE (__sbss_start, ABSOLUTE (.))
                0x00000000080250a8                PROVIDE (___sbss_start, ABSOLUTE (.))
 *(.dynsbss)
 *(.sbss .sbss.* .gnu.linkonce.sb.*)
 .sbss          0x00000000080250a8        0xc obj/default/NeverLostMain.o
                0x00000000080250a8                old_lat
                0x00000000080250ac                old_lng
                0x00000000080250b0                old_hr
 .sbss          0x00000000080250b4        0xc c:/altera/15.0/_/nios2eds/bin/gnu/h-x86_64-mingw32/bin/../lib/gcc/nios2-elf/4.9.1/../../../../../H-x86_64-mingw32/nios2-elf/lib\libc.a(lib_a-mallocr.o)
                0x00000000080250b4                __malloc_max_total_mem
                0x00000000080250b8                __malloc_max_sbrked_mem
                0x00000000080250bc                __malloc_top_pad
 .sbss          0x00000000080250c0        0x4 c:/altera/15.0/_/nios2eds/bin/gnu/h-x86_64-mingw32/bin/../lib/gcc/nios2-elf/4.9.1/../../../../../H-x86_64-mingw32/nios2-elf/lib\libc.a(lib_a-int_errno.o)
                0x00000000080250c0                errno
 .sbss          0x00000000080250c4        0xc c:/altera/15.0/_/nios2eds/bin/gnu/h-x86_64-mingw32/bin/../lib/gcc/nios2-elf/4.9.1/../../../../../H-x86_64-mingw32/nios2-elf/lib\libc.a(lib_a-locale.o)
                0x00000000080250c4                _PathLocale
                0x00000000080250c8                __mlocale_changed
                0x00000000080250cc                __nlocale_changed
 .sbss          0x00000000080250d0       0x10 ../bluetooth_bsp/\libhal_bsp.a(alt_gettod.o)
                0x00000000080250d0                alt_timezone
                0x00000000080250d8                alt_resettime
 .sbss          0x00000000080250e0        0xc ../bluetooth_bsp/\libhal_bsp.a(alt_main.o)
                0x00000000080250e0                alt_argc
                0x00000000080250e4                alt_argv
                0x00000000080250e8                alt_envp
 .sbss          0x00000000080250ec        0x8 ../bluetooth_bsp/\libhal_bsp.a(alt_tick.o)
                0x00000000080250ec                _alt_tick_rate
                0x00000000080250f0                _alt_nticks
 .sbss          0x00000000080250f4        0x4 ../bluetooth_bsp/\libhal_bsp.a(alt_irq_vars.o)
                0x00000000080250f4                alt_irq_active
 *(.sbss2 .sbss2.* .gnu.linkonce.sb2.*)
 *(.scommon)
                0x00000000080250f8                PROVIDE (__sbss_end, ABSOLUTE (.))
                0x00000000080250f8                PROVIDE (___sbss_end, ABSOLUTE (.))
 *(.dynbss)
 *(.bss .bss.* .gnu.linkonce.b.*)
 .bss           0x00000000080250f8        0x0 ../bluetooth_bsp//obj/HAL/src/crt0.o
 .bss           0x00000000080250f8        0x0 obj/default/NeverLostMain.o
 .bss           0x00000000080250f8        0x0 obj/default/graphic.o
 .bss           0x00000000080250f8        0x0 c:/altera/15.0/_/nios2eds/bin/gnu/h-x86_64-mingw32/bin/../lib/gcc/nios2-elf/4.9.1\libgcc.a(adddf3.o)
 .bss           0x00000000080250f8        0x0 c:/altera/15.0/_/nios2eds/bin/gnu/h-x86_64-mingw32/bin/../lib/gcc/nios2-elf/4.9.1\libgcc.a(divdf3.o)
 .bss           0x00000000080250f8        0x0 c:/altera/15.0/_/nios2eds/bin/gnu/h-x86_64-mingw32/bin/../lib/gcc/nios2-elf/4.9.1\libgcc.a(gedf2.o)
 .bss           0x00000000080250f8        0x0 c:/altera/15.0/_/nios2eds/bin/gnu/h-x86_64-mingw32/bin/../lib/gcc/nios2-elf/4.9.1\libgcc.a(subdf3.o)
 .bss           0x00000000080250f8        0x0 c:/altera/15.0/_/nios2eds/bin/gnu/h-x86_64-mingw32/bin/../lib/gcc/nios2-elf/4.9.1\libgcc.a(fixdfsi.o)
 .bss           0x00000000080250f8        0x0 c:/altera/15.0/_/nios2eds/bin/gnu/h-x86_64-mingw32/bin/../lib/gcc/nios2-elf/4.9.1\libgcc.a(floatsidf.o)
 .bss           0x00000000080250f8        0x0 c:/altera/15.0/_/nios2eds/bin/gnu/h-x86_64-mingw32/bin/../lib/gcc/nios2-elf/4.9.1\libgcc.a(_clzsi2.o)
 .bss           0x00000000080250f8        0x0 c:/altera/15.0/_/nios2eds/bin/gnu/h-x86_64-mingw32/bin/../lib/gcc/nios2-elf/4.9.1\libgcc.a(lib2-divmod.o)
 .bss           0x00000000080250f8        0x0 c:/altera/15.0/_/nios2eds/bin/gnu/h-x86_64-mingw32/bin/../lib/gcc/nios2-elf/4.9.1\libgcc.a(_clz.o)
 .bss           0x00000000080250f8        0x0 c:/altera/15.0/_/nios2eds/bin/gnu/h-x86_64-mingw32/bin/../lib/gcc/nios2-elf/4.9.1/../../../../../H-x86_64-mingw32/nios2-elf/lib\libc.a(lib_a-atof.o)
 .bss           0x00000000080250f8        0x0 c:/altera/15.0/_/nios2eds/bin/gnu/h-x86_64-mingw32/bin/../lib/gcc/nios2-elf/4.9.1/../../../../../H-x86_64-mingw32/nios2-elf/lib\libc.a(lib_a-difftime.o)
 .bss           0x00000000080250f8        0x0 c:/altera/15.0/_/nios2eds/bin/gnu/h-x86_64-mingw32/bin/../lib/gcc/nios2-elf/4.9.1/../../../../../H-x86_64-mingw32/nios2-elf/lib\libc.a(lib_a-malloc.o)
 .bss           0x00000000080250f8       0x28 c:/altera/15.0/_/nios2eds/bin/gnu/h-x86_64-mingw32/bin/../lib/gcc/nios2-elf/4.9.1/../../../../../H-x86_64-mingw32/nios2-elf/lib\libc.a(lib_a-mallocr.o)
                0x00000000080250f8                __malloc_current_mallinfo
 .bss           0x0000000008025120        0x0 c:/altera/15.0/_/nios2eds/bin/gnu/h-x86_64-mingw32/bin/../lib/gcc/nios2-elf/4.9.1/../../../../../H-x86_64-mingw32/nios2-elf/lib\libc.a(lib_a-printf.o)
 .bss           0x0000000008025120        0x0 c:/altera/15.0/_/nios2eds/bin/gnu/h-x86_64-mingw32/bin/../lib/gcc/nios2-elf/4.9.1/../../../../../H-x86_64-mingw32/nios2-elf/lib\libc.a(lib_a-putchar.o)
 .bss           0x0000000008025120        0x0 c:/altera/15.0/_/nios2eds/bin/gnu/h-x86_64-mingw32/bin/../lib/gcc/nios2-elf/4.9.1/../../../../../H-x86_64-mingw32/nios2-elf/lib\libc.a(lib_a-sbrkr.o)
 .bss           0x0000000008025120        0x0 c:/altera/15.0/_/nios2eds/bin/gnu/h-x86_64-mingw32/bin/../lib/gcc/nios2-elf/4.9.1/../../../../../H-x86_64-mingw32/nios2-elf/lib\libc.a(lib_a-snprintf.o)
 .bss           0x0000000008025120        0x0 c:/altera/15.0/_/nios2eds/bin/gnu/h-x86_64-mingw32/bin/../lib/gcc/nios2-elf/4.9.1/../../../../../H-x86_64-mingw32/nios2-elf/lib\libc.a(lib_a-strcat.o)
 .bss           0x0000000008025120        0x0 c:/altera/15.0/_/nios2eds/bin/gnu/h-x86_64-mingw32/bin/../lib/gcc/nios2-elf/4.9.1/../../../../../H-x86_64-mingw32/nios2-elf/lib\libc.a(lib_a-strcmp.o)
 .bss           0x0000000008025120        0x0 c:/altera/15.0/_/nios2eds/bin/gnu/h-x86_64-mingw32/bin/../lib/gcc/nios2-elf/4.9.1/../../../../../H-x86_64-mingw32/nios2-elf/lib\libc.a(lib_a-strcpy.o)
 .bss           0x0000000008025120        0x0 c:/altera/15.0/_/nios2eds/bin/gnu/h-x86_64-mingw32/bin/../lib/gcc/nios2-elf/4.9.1/../../../../../H-x86_64-mingw32/nios2-elf/lib\libc.a(lib_a-strlen.o)
 .bss           0x0000000008025120        0x0 c:/altera/15.0/_/nios2eds/bin/gnu/h-x86_64-mingw32/bin/../lib/gcc/nios2-elf/4.9.1/../../../../../H-x86_64-mingw32/nios2-elf/lib\libc.a(lib_a-strtod.o)
 .bss           0x0000000008025120        0x0 c:/altera/15.0/_/nios2eds/bin/gnu/h-x86_64-mingw32/bin/../lib/gcc/nios2-elf/4.9.1/../../../../../H-x86_64-mingw32/nios2-elf/lib\libc.a(lib_a-strtok.o)
 .bss           0x0000000008025120        0x0 c:/altera/15.0/_/nios2eds/bin/gnu/h-x86_64-mingw32/bin/../lib/gcc/nios2-elf/4.9.1/../../../../../H-x86_64-mingw32/nios2-elf/lib\libc.a(lib_a-strtok_r.o)
 .bss           0x0000000008025120        0x0 c:/altera/15.0/_/nios2eds/bin/gnu/h-x86_64-mingw32/bin/../lib/gcc/nios2-elf/4.9.1/../../../../../H-x86_64-mingw32/nios2-elf/lib\libc.a(lib_a-svfprintf.o)
 .bss           0x0000000008025120        0x0 c:/altera/15.0/_/nios2eds/bin/gnu/h-x86_64-mingw32/bin/../lib/gcc/nios2-elf/4.9.1/../../../../../H-x86_64-mingw32/nios2-elf/lib\libc.a(lib_a-time.o)
 .bss           0x0000000008025120        0x0 c:/altera/15.0/_/nios2eds/bin/gnu/h-x86_64-mingw32/bin/../lib/gcc/nios2-elf/4.9.1/../../../../../H-x86_64-mingw32/nios2-elf/lib\libc.a(lib_a-vfprintf.o)
 .bss           0x0000000008025120        0x0 c:/altera/15.0/_/nios2eds/bin/gnu/h-x86_64-mingw32/bin/../lib/gcc/nios2-elf/4.9.1/../../../../../H-x86_64-mingw32/nios2-elf/lib\libc.a(lib_a-wsetup.o)
 .bss           0x0000000008025120        0x0 c:/altera/15.0/_/nios2eds/bin/gnu/h-x86_64-mingw32/bin/../lib/gcc/nios2-elf/4.9.1/../../../../../H-x86_64-mingw32/nios2-elf/lib\libc.a(lib_a-dtoa.o)
 .bss           0x0000000008025120        0x0 c:/altera/15.0/_/nios2eds/bin/gnu/h-x86_64-mingw32/bin/../lib/gcc/nios2-elf/4.9.1/../../../../../H-x86_64-mingw32/nios2-elf/lib\libc.a(lib_a-fflush.o)
 .bss           0x0000000008025120        0x0 c:/altera/15.0/_/nios2eds/bin/gnu/h-x86_64-mingw32/bin/../lib/gcc/nios2-elf/4.9.1/../../../../../H-x86_64-mingw32/nios2-elf/lib\libc.a(lib_a-findfp.o)
 .bss           0x0000000008025120        0x0 c:/altera/15.0/_/nios2eds/bin/gnu/h-x86_64-mingw32/bin/../lib/gcc/nios2-elf/4.9.1/../../../../../H-x86_64-mingw32/nios2-elf/lib\libc.a(lib_a-freer.o)
 .bss           0x0000000008025120        0x0 c:/altera/15.0/_/nios2eds/bin/gnu/h-x86_64-mingw32/bin/../lib/gcc/nios2-elf/4.9.1/../../../../../H-x86_64-mingw32/nios2-elf/lib\libc.a(lib_a-fwalk.o)
 .bss           0x0000000008025120        0x0 c:/altera/15.0/_/nios2eds/bin/gnu/h-x86_64-mingw32/bin/../lib/gcc/nios2-elf/4.9.1/../../../../../H-x86_64-mingw32/nios2-elf/lib\libc.a(lib_a-gdtoa-gethex.o)
 .bss           0x0000000008025120        0x0 c:/altera/15.0/_/nios2eds/bin/gnu/h-x86_64-mingw32/bin/../lib/gcc/nios2-elf/4.9.1/../../../../../H-x86_64-mingw32/nios2-elf/lib\libc.a(lib_a-gdtoa-hexnan.o)
 .bss           0x0000000008025120        0x0 c:/altera/15.0/_/nios2eds/bin/gnu/h-x86_64-mingw32/bin/../lib/gcc/nios2-elf/4.9.1/../../../../../H-x86_64-mingw32/nios2-elf/lib\libc.a(lib_a-gettimeofdayr.o)
 .bss           0x0000000008025120        0x0 c:/altera/15.0/_/nios2eds/bin/gnu/h-x86_64-mingw32/bin/../lib/gcc/nios2-elf/4.9.1/../../../../../H-x86_64-mingw32/nios2-elf/lib\libc.a(lib_a-impure.o)
 .bss           0x0000000008025120        0x0 c:/altera/15.0/_/nios2eds/bin/gnu/h-x86_64-mingw32/bin/../lib/gcc/nios2-elf/4.9.1/../../../../../H-x86_64-mingw32/nios2-elf/lib\libc.a(lib_a-int_errno.o)
 .bss           0x0000000008025120        0x0 c:/altera/15.0/_/nios2eds/bin/gnu/h-x86_64-mingw32/bin/../lib/gcc/nios2-elf/4.9.1/../../../../../H-x86_64-mingw32/nios2-elf/lib\libc.a(lib_a-locale.o)
 .bss           0x0000000008025120        0x0 c:/altera/15.0/_/nios2eds/bin/gnu/h-x86_64-mingw32/bin/../lib/gcc/nios2-elf/4.9.1/../../../../../H-x86_64-mingw32/nios2-elf/lib\libc.a(lib_a-makebuf.o)
 .bss           0x0000000008025120        0x0 c:/altera/15.0/_/nios2eds/bin/gnu/h-x86_64-mingw32/bin/../lib/gcc/nios2-elf/4.9.1/../../../../../H-x86_64-mingw32/nios2-elf/lib\libc.a(lib_a-memchr.o)
 .bss           0x0000000008025120        0x0 c:/altera/15.0/_/nios2eds/bin/gnu/h-x86_64-mingw32/bin/../lib/gcc/nios2-elf/4.9.1/../../../../../H-x86_64-mingw32/nios2-elf/lib\libc.a(lib_a-memcpy.o)
 .bss           0x0000000008025120        0x0 c:/altera/15.0/_/nios2eds/bin/gnu/h-x86_64-mingw32/bin/../lib/gcc/nios2-elf/4.9.1/../../../../../H-x86_64-mingw32/nios2-elf/lib\libc.a(lib_a-memset.o)
 .bss           0x0000000008025120        0x0 c:/altera/15.0/_/nios2eds/bin/gnu/h-x86_64-mingw32/bin/../lib/gcc/nios2-elf/4.9.1/../../../../../H-x86_64-mingw32/nios2-elf/lib\libc.a(lib_a-mprec.o)
 .bss           0x0000000008025120        0x0 c:/altera/15.0/_/nios2eds/bin/gnu/h-x86_64-mingw32/bin/../lib/gcc/nios2-elf/4.9.1/../../../../../H-x86_64-mingw32/nios2-elf/lib\libc.a(lib_a-putc.o)
 .bss           0x0000000008025120        0x0 c:/altera/15.0/_/nios2eds/bin/gnu/h-x86_64-mingw32/bin/../lib/gcc/nios2-elf/4.9.1/../../../../../H-x86_64-mingw32/nios2-elf/lib\libc.a(lib_a-s_fpclassify.o)
 .bss           0x0000000008025120        0x0 c:/altera/15.0/_/nios2eds/bin/gnu/h-x86_64-mingw32/bin/../lib/gcc/nios2-elf/4.9.1/../../../../../H-x86_64-mingw32/nios2-elf/lib\libc.a(lib_a-stdio.o)
 .bss           0x0000000008025120        0x0 c:/altera/15.0/_/nios2eds/bin/gnu/h-x86_64-mingw32/bin/../lib/gcc/nios2-elf/4.9.1/../../../../../H-x86_64-mingw32/nios2-elf/lib\libc.a(lib_a-strncmp.o)
 .bss           0x0000000008025120        0x0 c:/altera/15.0/_/nios2eds/bin/gnu/h-x86_64-mingw32/bin/../lib/gcc/nios2-elf/4.9.1/../../../../../H-x86_64-mingw32/nios2-elf/lib\libc.a(lib_a-svfiprintf.o)
 .bss           0x0000000008025120        0x0 c:/altera/15.0/_/nios2eds/bin/gnu/h-x86_64-mingw32/bin/../lib/gcc/nios2-elf/4.9.1/../../../../../H-x86_64-mingw32/nios2-elf/lib\libc.a(lib_a-vfiprintf.o)
 .bss           0x0000000008025120        0x0 c:/altera/15.0/_/nios2eds/bin/gnu/h-x86_64-mingw32/bin/../lib/gcc/nios2-elf/4.9.1/../../../../../H-x86_64-mingw32/nios2-elf/lib\libc.a(lib_a-wbuf.o)
 .bss           0x0000000008025120        0x0 c:/altera/15.0/_/nios2eds/bin/gnu/h-x86_64-mingw32/bin/../lib/gcc/nios2-elf/4.9.1/../../../../../H-x86_64-mingw32/nios2-elf/lib\libc.a(lib_a-writer.o)
 .bss           0x0000000008025120        0x0 c:/altera/15.0/_/nios2eds/bin/gnu/h-x86_64-mingw32/bin/../lib/gcc/nios2-elf/4.9.1/../../../../../H-x86_64-mingw32/nios2-elf/lib\libc.a(closer.o)
 .bss           0x0000000008025120        0x0 c:/altera/15.0/_/nios2eds/bin/gnu/h-x86_64-mingw32/bin/../lib/gcc/nios2-elf/4.9.1/../../../../../H-x86_64-mingw32/nios2-elf/lib\libc.a(lib_a-callocr.o)
 .bss           0x0000000008025120        0x0 c:/altera/15.0/_/nios2eds/bin/gnu/h-x86_64-mingw32/bin/../lib/gcc/nios2-elf/4.9.1/../../../../../H-x86_64-mingw32/nios2-elf/lib\libc.a(lib_a-fclose.o)
 .bss           0x0000000008025120        0x0 c:/altera/15.0/_/nios2eds/bin/gnu/h-x86_64-mingw32/bin/../lib/gcc/nios2-elf/4.9.1/../../../../../H-x86_64-mingw32/nios2-elf/lib\libc.a(lib_a-fputwc.o)
 .bss           0x0000000008025120        0x0 c:/altera/15.0/_/nios2eds/bin/gnu/h-x86_64-mingw32/bin/../lib/gcc/nios2-elf/4.9.1/../../../../../H-x86_64-mingw32/nios2-elf/lib\libc.a(lib_a-fstatr.o)
 .bss           0x0000000008025120        0x0 c:/altera/15.0/_/nios2eds/bin/gnu/h-x86_64-mingw32/bin/../lib/gcc/nios2-elf/4.9.1/../../../../../H-x86_64-mingw32/nios2-elf/lib\libc.a(lib_a-fvwrite.o)
 .bss           0x0000000008025120        0x0 c:/altera/15.0/_/nios2eds/bin/gnu/h-x86_64-mingw32/bin/../lib/gcc/nios2-elf/4.9.1/../../../../../H-x86_64-mingw32/nios2-elf/lib\libc.a(lib_a-isattyr.o)
 .bss           0x0000000008025120        0x0 c:/altera/15.0/_/nios2eds/bin/gnu/h-x86_64-mingw32/bin/../lib/gcc/nios2-elf/4.9.1/../../../../../H-x86_64-mingw32/nios2-elf/lib\libc.a(lib_a-lseekr.o)
 .bss           0x0000000008025120        0x0 c:/altera/15.0/_/nios2eds/bin/gnu/h-x86_64-mingw32/bin/../lib/gcc/nios2-elf/4.9.1/../../../../../H-x86_64-mingw32/nios2-elf/lib\libc.a(lib_a-memmove.o)
 .bss           0x0000000008025120        0x0 c:/altera/15.0/_/nios2eds/bin/gnu/h-x86_64-mingw32/bin/../lib/gcc/nios2-elf/4.9.1/../../../../../H-x86_64-mingw32/nios2-elf/lib\libc.a(lib_a-readr.o)
 .bss           0x0000000008025120        0x0 c:/altera/15.0/_/nios2eds/bin/gnu/h-x86_64-mingw32/bin/../lib/gcc/nios2-elf/4.9.1/../../../../../H-x86_64-mingw32/nios2-elf/lib\libc.a(lib_a-reallocr.o)
 .bss           0x0000000008025120        0x0 c:/altera/15.0/_/nios2eds/bin/gnu/h-x86_64-mingw32/bin/../lib/gcc/nios2-elf/4.9.1/../../../../../H-x86_64-mingw32/nios2-elf/lib\libc.a(lib_a-wcrtomb.o)
 .bss           0x0000000008025120        0x0 c:/altera/15.0/_/nios2eds/bin/gnu/h-x86_64-mingw32/bin/../lib/gcc/nios2-elf/4.9.1/../../../../../H-x86_64-mingw32/nios2-elf/lib\libc.a(lib_a-wctomb_r.o)
 .bss           0x0000000008025120        0x0 c:/altera/15.0/_/nios2eds/bin/gnu/h-x86_64-mingw32/bin/../lib/gcc/nios2-elf/4.9.1\libgcc.a(_fixunsdfsi.o)
 .bss           0x0000000008025120        0x0 c:/altera/15.0/_/nios2eds/bin/gnu/h-x86_64-mingw32/bin/../lib/gcc/nios2-elf/4.9.1\libgcc.a(_udivdi3.o)
 .bss           0x0000000008025120        0x0 c:/altera/15.0/_/nios2eds/bin/gnu/h-x86_64-mingw32/bin/../lib/gcc/nios2-elf/4.9.1\libgcc.a(_umoddi3.o)
 .bss           0x0000000008025120        0x0 c:/altera/15.0/_/nios2eds/bin/gnu/h-x86_64-mingw32/bin/../lib/gcc/nios2-elf/4.9.1\libgcc.a(eqsf2.o)
 .bss           0x0000000008025120        0x0 c:/altera/15.0/_/nios2eds/bin/gnu/h-x86_64-mingw32/bin/../lib/gcc/nios2-elf/4.9.1\libgcc.a(gesf2.o)
 .bss           0x0000000008025120        0x0 c:/altera/15.0/_/nios2eds/bin/gnu/h-x86_64-mingw32/bin/../lib/gcc/nios2-elf/4.9.1\libgcc.a(lesf2.o)
 .bss           0x0000000008025120        0x0 c:/altera/15.0/_/nios2eds/bin/gnu/h-x86_64-mingw32/bin/../lib/gcc/nios2-elf/4.9.1\libgcc.a(eqdf2.o)
 .bss           0x0000000008025120        0x0 c:/altera/15.0/_/nios2eds/bin/gnu/h-x86_64-mingw32/bin/../lib/gcc/nios2-elf/4.9.1\libgcc.a(ledf2.o)
 .bss           0x0000000008025120        0x0 c:/altera/15.0/_/nios2eds/bin/gnu/h-x86_64-mingw32/bin/../lib/gcc/nios2-elf/4.9.1\libgcc.a(muldf3.o)
 .bss           0x0000000008025120        0x0 c:/altera/15.0/_/nios2eds/bin/gnu/h-x86_64-mingw32/bin/../lib/gcc/nios2-elf/4.9.1\libgcc.a(floatunsidf.o)
 .bss           0x0000000008025120        0x0 c:/altera/15.0/_/nios2eds/bin/gnu/h-x86_64-mingw32/bin/../lib/gcc/nios2-elf/4.9.1\libgcc.a(truncdfsf2.o)
 .bss           0x0000000008025120        0x0 ../bluetooth_bsp/\libhal_bsp.a(alt_close.o)
 .bss           0x0000000008025120        0x0 ../bluetooth_bsp/\libhal_bsp.a(alt_dev.o)
 .bss           0x0000000008025120        0x0 ../bluetooth_bsp/\libhal_bsp.a(alt_errno.o)
 .bss           0x0000000008025120        0x0 ../bluetooth_bsp/\libhal_bsp.a(alt_fstat.o)
 .bss           0x0000000008025120        0x0 ../bluetooth_bsp/\libhal_bsp.a(alt_gettod.o)
 .bss           0x0000000008025120        0x0 ../bluetooth_bsp/\libhal_bsp.a(alt_isatty.o)
 .bss           0x0000000008025120        0x0 ../bluetooth_bsp/\libhal_bsp.a(alt_load.o)
 .bss           0x0000000008025120        0x0 ../bluetooth_bsp/\libhal_bsp.a(alt_lseek.o)
 .bss           0x0000000008025120        0x0 ../bluetooth_bsp/\libhal_bsp.a(alt_main.o)
 .bss           0x0000000008025120        0x0 ../bluetooth_bsp/\libhal_bsp.a(alt_malloc_lock.o)
 .bss           0x0000000008025120        0x0 ../bluetooth_bsp/\libhal_bsp.a(alt_read.o)
 .bss           0x0000000008025120        0x0 ../bluetooth_bsp/\libhal_bsp.a(alt_release_fd.o)
 .bss           0x0000000008025120        0x0 ../bluetooth_bsp/\libhal_bsp.a(alt_sbrk.o)
 .bss           0x0000000008025120        0x0 ../bluetooth_bsp/\libhal_bsp.a(alt_tick.o)
 .bss           0x0000000008025120        0x0 ../bluetooth_bsp/\libhal_bsp.a(alt_sys_init.o)
 .bss           0x0000000008025120        0x0 ../bluetooth_bsp/\libhal_bsp.a(altera_avalon_jtag_uart_fd.o)
 .bss           0x0000000008025120        0x0 ../bluetooth_bsp/\libhal_bsp.a(altera_avalon_jtag_uart_init.o)
 .bss           0x0000000008025120        0x0 ../bluetooth_bsp/\libhal_bsp.a(altera_avalon_jtag_uart_ioctl.o)
 .bss           0x0000000008025120        0x0 ../bluetooth_bsp/\libhal_bsp.a(altera_avalon_jtag_uart_read.o)
 .bss           0x0000000008025120        0x0 ../bluetooth_bsp/\libhal_bsp.a(altera_avalon_jtag_uart_write.o)
 .bss           0x0000000008025120        0x0 ../bluetooth_bsp/\libhal_bsp.a(altera_avalon_timer_sc.o)
 .bss           0x0000000008025120        0x0 ../bluetooth_bsp/\libhal_bsp.a(altera_up_avalon_character_lcd.o)
 .bss           0x0000000008025120        0x0 ../bluetooth_bsp/\libhal_bsp.a(alt_alarm_start.o)
 .bss           0x0000000008025120        0x0 ../bluetooth_bsp/\libhal_bsp.a(alt_dcache_flush_all.o)
 .bss           0x0000000008025120        0x0 ../bluetooth_bsp/\libhal_bsp.a(alt_dev_llist_insert.o)
 .bss           0x0000000008025120        0x0 ../bluetooth_bsp/\libhal_bsp.a(alt_do_ctors.o)
 .bss           0x0000000008025120        0x0 ../bluetooth_bsp/\libhal_bsp.a(alt_do_dtors.o)
 .bss           0x0000000008025120        0x0 ../bluetooth_bsp/\libhal_bsp.a(alt_find_dev.o)
 .bss           0x0000000008025120        0x0 ../bluetooth_bsp/\libhal_bsp.a(alt_icache_flush_all.o)
 .bss           0x0000000008025120        0x0 ../bluetooth_bsp/\libhal_bsp.a(alt_iic.o)
 .bss           0x0000000008025120        0x0 ../bluetooth_bsp/\libhal_bsp.a(alt_iic_isr_register.o)
 .bss           0x0000000008025120        0x0 ../bluetooth_bsp/\libhal_bsp.a(alt_io_redirect.o)
 .bss           0x0000000008025120        0x0 ../bluetooth_bsp/\libhal_bsp.a(alt_irq_entry.o)
 .bss           0x0000000008025120        0x0 ../bluetooth_bsp/\libhal_bsp.a(alt_irq_handler.o)
 .bss           0x0000000008025120        0x0 ../bluetooth_bsp/\libhal_bsp.a(alt_irq_vars.o)
 .bss           0x0000000008025120        0x0 ../bluetooth_bsp/\libhal_bsp.a(alt_open.o)
 .bss           0x0000000008025120        0x0 ../bluetooth_bsp/\libhal_bsp.a(altera_nios2_qsys_irq.o)
 .bss           0x0000000008025120        0x0 ../bluetooth_bsp/\libhal_bsp.a(alt_exception_entry.o)
 .bss           0x0000000008025120        0x0 ../bluetooth_bsp/\libhal_bsp.a(alt_find_file.o)
 .bss           0x0000000008025120        0x0 ../bluetooth_bsp/\libhal_bsp.a(alt_get_fd.o)
 .bss           0x0000000008025120        0x0 ../bluetooth_bsp/\libhal_bsp.a(alt_icache_flush.o)
 .bss           0x0000000008025120        0x0 c:/altera/15.0/_/nios2eds/bin/gnu/h-x86_64-mingw32/bin/../lib/gcc/nios2-elf/4.9.1/../../../../../H-x86_64-mingw32/nios2-elf/lib\libc.a(lib_a-atexit.o)
 .bss           0x0000000008025120        0x0 c:/altera/15.0/_/nios2eds/bin/gnu/h-x86_64-mingw32/bin/../lib/gcc/nios2-elf/4.9.1/../../../../../H-x86_64-mingw32/nios2-elf/lib\libc.a(lib_a-exit.o)
 .bss           0x0000000008025120        0x0 c:/altera/15.0/_/nios2eds/bin/gnu/h-x86_64-mingw32/bin/../lib/gcc/nios2-elf/4.9.1/../../../../../H-x86_64-mingw32/nios2-elf/lib\libc.a(lib_a-memcmp.o)
 .bss           0x0000000008025120        0x0 c:/altera/15.0/_/nios2eds/bin/gnu/h-x86_64-mingw32/bin/../lib/gcc/nios2-elf/4.9.1/../../../../../H-x86_64-mingw32/nios2-elf/lib\libc.a(lib_a-__atexit.o)
 .bss           0x0000000008025120        0x0 c:/altera/15.0/_/nios2eds/bin/gnu/h-x86_64-mingw32/bin/../lib/gcc/nios2-elf/4.9.1/../../../../../H-x86_64-mingw32/nios2-elf/lib\libc.a(lib_a-__call_atexit.o)
 .bss           0x0000000008025120        0x0 c:/altera/15.0/_/nios2eds/bin/gnu/h-x86_64-mingw32/bin/../lib/gcc/nios2-elf/4.9.1\libgcc.a(_muldi3.o)
 .bss           0x0000000008025120        0x0 ../bluetooth_bsp/\libhal_bsp.a(alt_exit.o)
 *(COMMON)
 COMMON         0x0000000008025120      0x100 c:/altera/15.0/_/nios2eds/bin/gnu/h-x86_64-mingw32/bin/../lib/gcc/nios2-elf/4.9.1/../../../../../H-x86_64-mingw32/nios2-elf/lib\libc.a(lib_a-gdtoa-gethex.o)
                0x0000000008025120                __hexdig
 COMMON         0x0000000008025220      0x100 ../bluetooth_bsp/\libhal_bsp.a(alt_irq_handler.o)
                0x0000000008025220                alt_irq
                0x0000000008025320                . = ALIGN (0x4)
                0x0000000008025320                __bss_end = ABSOLUTE (.)

.sdram          0x0000000008025320        0x0
                0x0000000008025320                PROVIDE (_alt_partition_sdram_start, ABSOLUTE (.))
 *(.sdram .sdram. sdram.*)
                0x0000000008025320                . = ALIGN (0x4)
                0x0000000008025320                PROVIDE (_alt_partition_sdram_end, ABSOLUTE (.))
                0x0000000008025320                _end = ABSOLUTE (.)
                0x0000000008025320                end = ABSOLUTE (.)
                0x0000000008025320                __alt_stack_base = ABSOLUTE (.)
                0x0000000008025320                PROVIDE (_alt_partition_sdram_load_addr, LOADADDR (.sdram))

.stab
 *(.stab)

.stabstr
 *(.stabstr)

.stab.excl
 *(.stab.excl)

.stab.exclstr
 *(.stab.exclstr)

.stab.index
 *(.stab.index)

.stab.indexstr
 *(.stab.indexstr)

.comment        0x0000000000000000       0x23
 *(.comment)
 .comment       0x0000000000000000       0x23 obj/default/NeverLostMain.o
                                         0x24 (size before relaxing)
 .comment       0x0000000000000000       0x24 obj/default/graphic.o
 .comment       0x0000000000000000       0x24 c:/altera/15.0/_/nios2eds/bin/gnu/h-x86_64-mingw32/bin/../lib/gcc/nios2-elf/4.9.1\libgcc.a(adddf3.o)
 .comment       0x0000000000000000       0x24 c:/altera/15.0/_/nios2eds/bin/gnu/h-x86_64-mingw32/bin/../lib/gcc/nios2-elf/4.9.1\libgcc.a(divdf3.o)
 .comment       0x0000000000000000       0x24 c:/altera/15.0/_/nios2eds/bin/gnu/h-x86_64-mingw32/bin/../lib/gcc/nios2-elf/4.9.1\libgcc.a(gedf2.o)
 .comment       0x0000000000000000       0x24 c:/altera/15.0/_/nios2eds/bin/gnu/h-x86_64-mingw32/bin/../lib/gcc/nios2-elf/4.9.1\libgcc.a(subdf3.o)
 .comment       0x0000000000000000       0x24 c:/altera/15.0/_/nios2eds/bin/gnu/h-x86_64-mingw32/bin/../lib/gcc/nios2-elf/4.9.1\libgcc.a(fixdfsi.o)